-----------------------------------------------------------------------------------------------------
      name:  <unnamed>
       log:  /Users/doylewr/practicum_2017/central/lessons/s2-01-conditional_means/cond_mean.log
  log type:  text
 opened on:   9 Jan 2018, 14:26:39

. 
. /* Conditional Means*/
. /* Making the link between conditional means and regression */
. /* Will Doyle */
. /* 2018-01-09 */
. /* Github Repo:  */
. 
. clear matrix

. 
. clear

. 
. clear mata /* Clears any fluff that might be in mata */

. 
. estimates clear /* Clears any estimates hanging around */

. 
. set more off /*Get rid of annoying "more" feature */ 

. 
. set scheme s1color /* My  preferred graphics scheme */

. 
. graph drop _all    

. 
. /* Data Directory */
. 
. global ddir "../../data/"

. 
. /*Graphics Type*/
. local gtype eps

. 
. /*Locals for analysis*/
. local y fouryr

. 
. local test bynels2m bynels2r

. 
. local race amind asian black hispanic multiracial

. 
. local pared bypared_nohs bypared_2yrnodeg bypared_2yr bypared_some4 bypared_masters bypared_phd 

. 
. local income byses1

. 
. /**************************************************/
. /* Outline */
. /**************************************************/
. 
. /*Coding    */
. 
. local coding=1

.     
. 
. /**************************************************/
. 
. 
. /**************************************************/
. /* Coding */
. /**************************************************/
.     
. if `coding'==1{
. 
. use ${ddir}plans.dta, clear
. 
. foreach myvar of varlist stu_id-f1psepln{ /* Start outer loop */
  2.               foreach i of numlist -4 -8 -9 { /* Start inner loop */
  3.                      replace `myvar'=. if `myvar'== `i'
  4.                                             }  /* End inner loop */
  5.                                           } /* End outer loop */
(0 real changes made)
(0 real changes made)
(0 real changes made)
(0 real changes made)
(0 real changes made)
(0 real changes made)
(0 real changes made)
(0 real changes made)
(0 real changes made)
(0 real changes made)
(0 real changes made)
(0 real changes made)
(0 real changes made)
(3,782 real changes made, 3,782 to missing)
(0 real changes made)
(0 real changes made)
(0 real changes made)
(0 real changes made)
(0 real changes made)
(0 real changes made)
(0 real changes made)
(0 real changes made)
(0 real changes made)
(0 real changes made)
(0 real changes made)
(0 real changes made)
(0 real changes made)
(0 real changes made)
(0 real changes made)
(0 real changes made)
(0 real changes made)
(0 real changes made)
(0 real changes made)
(648 real changes made, 648 to missing)
(171 real changes made, 171 to missing)
(0 real changes made)
(648 real changes made, 648 to missing)
(276 real changes made, 276 to missing)
(0 real changes made)
(648 real changes made, 648 to missing)
(276 real changes made, 276 to missing)
(53 real changes made, 53 to missing)
(648 real changes made, 648 to missing)
(171 real changes made, 171 to missing)
(37 real changes made, 37 to missing)
(648 real changes made, 648 to missing)
(171 real changes made, 171 to missing)
(40 real changes made, 40 to missing)
(648 real changes made, 648 to missing)
(171 real changes made, 171 to missing)
(57 real changes made, 57 to missing)
(0 real changes made)
(0 real changes made)
(0 real changes made)
(648 real changes made, 648 to missing)
(276 real changes made, 276 to missing)
(0 real changes made)
(648 real changes made, 648 to missing)
(276 real changes made, 276 to missing)
(0 real changes made)
(648 real changes made, 648 to missing)
(276 real changes made, 276 to missing)
(0 real changes made)
(0 real changes made)
(276 real changes made, 276 to missing)
(0 real changes made)
(0 real changes made)
(276 real changes made, 276 to missing)
(0 real changes made)
(0 real changes made)
(0 real changes made)
(0 real changes made)
(0 real changes made)
(0 real changes made)
(0 real changes made)
(1,131 real changes made, 1,131 to missing)
(781 real changes made, 781 to missing)
(46 real changes made, 46 to missing)
. 
. local race_names amind asian black hispanic_no hispanic_race multiracial white
. 
. tab(byrace), gen(race_)

     student^s race/ethnicity-composite |      Freq.     Percent        Cum.
----------------------------------------+-----------------------------------
amer. indian/alaska native, non-hispani |        130        0.85        0.85
asian, hawaii/pac. islander,non-hispani |      1,460        9.58       10.44
black or african american, non-hispanic |      2,019       13.25       23.69
            hispanic, no race specified |        994        6.52       30.21
               hispanic, race specified |      1,220        8.01       38.22
              multiracial, non-hispanic |        735        4.82       43.04
                    white, non-hispanic |      8,678       56.96      100.00
----------------------------------------+-----------------------------------
                                  Total |     15,236      100.00
. 
. local i=1
. 
. foreach val of local race_names{
  2.   rename race_`i' `val'
  3.   local i=`i'+1
  4. }
. 
. label variable byincome "Income"
. label variable amind "American Indian/AK Native"
. label variable asian "Asian/ PI"
. label variable black "African American"
. label variable white "White"
. label variable multiracial "Multiracial"
. 
. 
. gen hispanic=0
. replace hispanic=1 if hispanic_no==1|hispanic_race==1
(2,214 real changes made)
. replace hispanic=. if byrace==.
(924 real changes made, 924 to missing)
. 
. label variable hispanic "Hispanic"
. 
. local plan_names noplan dontknow votech cc fouryr earlygrad
. 
. recode byrace (4/5=4) (6=5) (7=6) (.=.), gen(byrace2)
(10633 differences between byrace and byrace2)
. 
. label define byrace2 1 "Am.Ind." 2 "Asian/PI" 3 "Black" 4 "Hispanic" 5 "Multiracial" 6 "White"
. 
. label values byrace2 byrace2
. 
. gen urm=.
(16,160 missing values generated)
. replace urm=0 if byrace2==4 | byrace2==6
(10,892 real changes made)
. replace urm=1 if byrace2==1 | byrace2==2 | byrace2==3 | byrace2==5
(4,344 real changes made)
.   
. tab(f1psepln), gen(plan_)

   f1 post-secondary plans right after |
                           high school |      Freq.     Percent        Cum.
---------------------------------------+-----------------------------------
                don^t plan to continue |        207        1.46        1.46
don^t know or planning but unspecified |        834        5.87        7.33
vocational, technical, or trade school |        986        6.94       14.27
            two-year community college |      2,894       20.38       34.65
       four-year college or university |      8,955       63.05       97.70
early hs grad attending postsec school |        326        2.30      100.00
---------------------------------------+-----------------------------------
                                 Total |     14,202      100.00
. 
. local i=1
. 
. foreach val of local plan_names{
  2.   rename plan_`i' `val'
  3.   local i=`i'+1
  4. }
. 
. 
. label variable noplan "Plans: No plans"
. label variable dontknow "Plans: Don't know"
. label variable votech "Plans: Voc/Tech School"
. label variable cc "Plans: Comm Coll"
. label variable fouryr "Four Year"
. label variable earlygrad "Early Graduation"
. 
. /* Plans for those who have them */
. 
. gen order_plan=.
(16,160 missing values generated)
. replace order_plan=1 if noplan==1| dontknow==1
(1,041 real changes made)
.   replace order_plan=2 if votech==1|cc==1
(3,880 real changes made)
.   replace order_plan=3 if fouryr==1
(8,955 real changes made)
. 
. label define orderplan 1 "No Plans/DK" 2 "Votech/CC" 3 "Four Year"
. 
. label values order_plan orderplan
.   
. local pareds bymothed byfathed bypared
. 
. local ed_names nohs hs 2yrnodeg 2yr some4  4yrgrad masters phd
. 
. foreach pared of local pareds{
  2. 
. tab(`pared'), gen(`pared'_)
  3. 
. local i=1
  4. 
. foreach val of local ed_names{
  5.   rename `pared'_`i' `pared'_`val'
  6.   local i=`i'+1
  7. }
  8. 
. label variable `pared'_nohs "Less than HS"
  9. label variable `pared'_hs "HS/GED"
 10. label variable `pared'_2yr "CC" 
 11. label variable `pared'_some4 "Four year attend"
 12. label variable `pared'_4yrgrad "Bachelor's"
 13. label variable `pared'_masters "Master's"
 14. label variable `pared'_phd "PhD"
 15. }

              mother^s highest level of |
                    education-composite |      Freq.     Percent        Cum.
----------------------------------------+-----------------------------------
             did not finish high school |      1,935       12.65       12.65
      graduated from high school or ged |      4,117       26.91       39.55
      attended 2-year school, no degree |      1,849       12.08       51.64
           graduated from 2-year school |      1,620       10.59       62.22
     attended college, no 4-year degree |      1,589       10.38       72.61
                 graduated from college |      2,820       18.43       91.04
completed master^s degree or equivalent |      1,060        6.93       97.97
completed phd, md, other advanced degre |        311        2.03      100.00
----------------------------------------+-----------------------------------
                                  Total |     15,301      100.00

              father^s highest level of |
                    education-composite |      Freq.     Percent        Cum.
----------------------------------------+-----------------------------------
             did not finish high school |      2,039       13.34       13.34
      graduated from high school or ged |      4,314       28.23       41.57
      attended 2-year school, no degree |      1,438        9.41       50.97
           graduated from 2-year school |      1,194        7.81       58.79
     attended college, no 4-year degree |      1,417        9.27       68.06
                 graduated from college |      2,735       17.89       85.95
completed master^s degree or equivalent |      1,282        8.39       94.34
completed phd, md, other advanced degre |        865        5.66      100.00
----------------------------------------+-----------------------------------
                                  Total |     15,284      100.00

    parents^ highest level of education |      Freq.     Percent        Cum.
----------------------------------------+-----------------------------------
             did not finish high school |        942        6.16        6.16
      graduated from high school or ged |      3,044       19.89       26.05
      attended 2-year school, no degree |      1,663       10.87       36.91
           graduated from 2-year school |      1,597       10.44       47.35
     attended college, no 4-year degree |      1,758       11.49       58.83
                 graduated from college |      3,466       22.65       81.48
completed master^s degree or equivalent |      1,785       11.66       93.15
completed phd, md, other advanced degre |      1,049        6.85      100.00
----------------------------------------+-----------------------------------
                                  Total |     15,304      100.00
. 
. label define expect -1 "Don't Know" 1 "Less than HS" 2 "HS" 3 "2 yr" 4 "4 yr No Deg" ///
>     5 "Bachelors" 6 "Masters" 7 "Advanced"
. 
. label values bystexp expect
.   
. tab bystexp,gen(exp_)

  how far in |
      school |
     student |
 thinks will |
get-composit |
           e |      Freq.     Percent        Cum.
-------------+-----------------------------------
  Don't Know |      1,450        9.52        9.52
Less than HS |        128        0.84       10.36
          HS |        983        6.45       16.81
        2 yr |        879        5.77       22.58
 4 yr No Deg |        561        3.68       26.26
   Bachelors |      5,416       35.55       61.81
     Masters |      3,153       20.69       82.50
    Advanced |      2,666       17.50      100.00
-------------+-----------------------------------
       Total |     15,236      100.00
. 
. gen female=bysex==2
. replace female=. if bysex==.
(819 real changes made, 819 to missing)
. 
. lab var female "Female"
. 
. replace bynels2m=bynels2m/100
(15,884 real changes made)
. 
. replace bynels2r=bynels2r/100  
(15,884 real changes made)
.   
. recode f2ps1sec (1=1) (2=2) (4=3) (3=4) (5/9=4), gen(first_inst)
(4167 differences between f2ps1sec and first_inst)
. 
. label define sector 1 "Public 4 Year" 2 "Private 4 Year" 3 "Public 2 Year"  4 "Other"
. 
. label values first_inst sector
.    
. lab var bynels2m "10th Grade Math Scores"
. lab var bynels2r "10th Grade Reading Scores"
. lab var byses1 "SES v1"
. lab var byses2 "SES v2"
. 
. save ${ddir}plans2.dta, replace
file ../../data/plans2.dta saved
. 
. }/*End coding section */

. 
. else use ${ddir}plans2.dta, clear

. 
. /**************************************************/
.     
. /**************************************************/
. /*Analysis*/
. /**************************************************/
. 
. //Using the mean as a prediction
. 
. scalar drop _all

. 
. sort byses1

. 
. graph twoway scatter bynels2m byses1, msize(vtiny)

. 
. 
. /* Predict using the mean */
. egen uncond_mean=mean(bynels2m)

. 
. /*Generate residuals */
. gen uncond_mean_error=bynels2m-uncond_mean
(276 missing values generated)

. 
. /* Square residuals */
. gen uncond_mean_error_sq=uncond_mean_error*uncond_mean_error
(276 missing values generated)

. 
. /* Get Root mean squared error */
. quietly sum uncond_mean_error_sq

. 
. scalar uncond_mean_mse=r(mean)

. 
. scalar uncond_mean_rmse=sqrt(uncond_mean_mse)

. 
. graph twoway (scatter bynels2m byses1,msize(vtiny) mcolor(black)) ///
>     (line uncond_mean byses1,lcolor(blue)), legend(order(2 "Unconditional Mean"))

. 
. graph export "uncond_mean.`gtype'", replace
(file uncond_mean.eps written in EPS format)

. 
. // OR . . . 
. 
. reg bynels2m 

      Source |       SS           df       MS      Number of obs   =    15,884
-------------+----------------------------------   F(0, 15883)     =      0.00
       Model |           0         0           .   Prob > F        =         .
    Residual |  291.041025    15,883  .018324059   R-squared       =    0.0000
-------------+----------------------------------   Adj R-squared   =    0.0000
       Total |  291.041025    15,883  .018324059   Root MSE        =    .13537

------------------------------------------------------------------------------
    bynels2m |      Coef.   Std. Err.      t    P>|t|     [95% Conf. Interval]
-------------+----------------------------------------------------------------
       _cons |   .4535452   .0010741   422.27   0.000     .4514399    .4556505
------------------------------------------------------------------------------

. 
. scalar li uncond_mean_rmse
uncond_mean_rmse =  .13536213

. 
. 
. //Above average vs. below average 
. 
. // Generate prediction
. 
. egen sesq2=cut(byses1), group(2)
(924 missing values generated)

. 
. egen cond_mean2=mean(bynels2m), by(sesq2)

. 
. // Get residual
. gen cond_mean2_error=bynels2m-cond_mean2
(276 missing values generated)

. 
. // Square residual
. gen cond_mean2_error_sq=cond_mean2_error*cond_mean2_error
(276 missing values generated)

. 
. // Mean squared error
. quietly sum cond_mean2_error_sq

. 
. scalar cond_mean2_mse=r(mean)

. 
. scalar cond_mean2_rmse=sqrt(cond_mean2_mse)

. 
. graph twoway (scatter bynels2m byses1,msize(vtiny) mcolor(black)) ///
>              (line uncond_mean byses1,lcolor(blue)) ///
>              (line cond_mean2 byses1,lcolor(orange)), ///
>               legend(order(2 "Unconditional Mean" 3 "Condtional Mean, 2 groups") )

. 
. graph export "cond_mean2.`gtype'", replace
(file cond_mean2.eps written in EPS format)

. 
. 
. 
. // Or . . .
. 
. reg bynels2m sesq2

      Source |       SS           df       MS      Number of obs   =    15,236
-------------+----------------------------------   F(1, 15234)     =   2278.39
       Model |  36.7977231         1  36.7977231   Prob > F        =    0.0000
    Residual |  246.040721    15,234  .016150763   R-squared       =    0.1301
-------------+----------------------------------   Adj R-squared   =    0.1300
       Total |  282.838444    15,235  .018565044   Root MSE        =    .12709

------------------------------------------------------------------------------
    bynels2m |      Coef.   Std. Err.      t    P>|t|     [95% Conf. Interval]
-------------+----------------------------------------------------------------
       sesq2 |   .0982905   .0020592    47.73   0.000     .0942542    .1023268
       _cons |    .404363   .0014601   276.95   0.000     .4015011    .4072249
------------------------------------------------------------------------------

. 
. 
. /*Conditional mean by Quartiles*/
. 
. egen sesq4=cut(byses1), group(4)
(924 missing values generated)

. 
. egen cond_mean4=mean(bynels2m), by(sesq4)

. 
. gen cond_mean4_error=bynels2m-cond_mean4
(276 missing values generated)

. 
. gen cond_mean4_error_sq=cond_mean4_error*cond_mean4_error
(276 missing values generated)

. 
. quietly sum cond_mean4_error_sq

. 
. scalar cond_mean4_mse=r(mean)

. 
. scalar cond_mean4_rmse=sqrt(cond_mean4_mse)

. 
. scalar li
cond_mean4_rmse =  .12365016
cond_mean4_mse =  .01528936
cond_mean2_rmse =  .12651073
cond_mean2_mse =  .01600496
uncond_mean_rmse =  .13536213
uncond_mean_mse =  .01832291

. 
. graph twoway (scatter bynels2m byses1,msize(vtiny) mcolor(black)) ///
>              (line uncond_mean byses1,lcolor(blue)) ///
>              (line cond_mean2 byses1,lcolor(orange)) ///
>              (line cond_mean4 byses1,lcolor(yellow)), ///    
>              legend(order(2 "Unconditional Mean" 3 "Condtional Mean, 2 groups" 4 "Conditional Mean,
>  4 Groups") )

. 
. graph export "cond_mean4.`gtype'", replace
(file cond_mean4.eps written in EPS format)

. 
. egen read_mean4=mean(bynels2r), by(sesq4)

. 
. // Conditional mean for reading scores
. gen read_mean4_error=bynels2r-cond_mean4
(276 missing values generated)

. 
. gen read_mean4_error_sq=read_mean4_error*read_mean4_error
(276 missing values generated)

. 
. quietly sum read_mean4_error_sq

. 
. scalar read_mean4_mse=r(mean)

. 
. scalar read_mean4_rmse=sqrt(read_mean4_mse)

. 
. graph twoway (scatter bynels2r byses1,msize(vtiny) mcolor(black)) ///
>              (line read_mean4 byses1,lcolor(yellow)), ///    
>              legend(order(2  "Conditional Mean, 4 Groups") )

. 
. 
. /*Conditional means across Deciles*/
. 
. egen sesq10=cut(byses1), group(10)
(924 missing values generated)

. 
. egen cond_mean_10_math=mean(bynels2m), by(sesq10)

. 
. gen cond_mean10_error=bynels2m-cond_mean_10
(276 missing values generated)

. 
. gen cond_mean10_error_sq=cond_mean10_error*cond_mean10_error
(276 missing values generated)

. 
. quietly sum cond_mean10_error_sq

. 
. scalar cond_mean10_mse=r(mean)

. 
. scalar cond_mean10_rmse=sqrt(cond_mean10_mse)

. 
. // scalar li
. 
. graph twoway (scatter bynels2m byses1,msize(vtiny) mcolor(black)) ///
>              (line uncond_mean byses1,lcolor(blue)) ///
>              (line cond_mean2 byses1,lcolor(orange)) ///
>              (line cond_mean4 byses1,lcolor(yellow)) ///  
>                          (line cond_mean_10_math byses1,lcolor(purple)), ///  
>              legend(order(2 "Unconditional Mean" 3 "Condtional Mean, 2 groups" 4 "Conditional Mean,
>  4 Groups" 5 "Conditional Mean, 10 Groups"))

. 
. graph export "cond_mean10.`gtype'", replace
(file cond_mean10.eps written in EPS format)

. 
. // Conditional mean by ses and sex
. 
. //egen cond_mean_10_bysex= mean(bynels2m), by(sesq10 bysex)
.  
. /*Plotting conditional means for policy audiences*/
. 
. scalar n=_N/10

. 
. preserve

. 
. // 
. collapse (mean) math_cond_mean=bynels2m (semean) math_cond_mean_se=bynels2m, by(sesq10)

. scalar alpha=.05

. scalar myt=invttail(n, alpha/2)

. gen low_ci=math_cond_mean-(math_cond_mean_se*myt)

. gen high_ci=math_cond_mean+(math_cond_mean_se*myt)

. replace sesq10=sesq10+1
(10 real changes made)

. 
. graph twoway (bar math_cond_mean sesq10, horizontal  ) ||  ///
>              (rcap low_ci high_ci sesq10, horizontal msize(0) lcolor(gs12)) ///
>                          , xtitle("NELS Math Score") ytitle("Socio-Economic Status") ///
>                          legend(off) ///
>                          ylabel(2(1)9 1 "Lowest 10%" 10 "Highest 10%",angle(45))

.                          
. graph export "horiz10.`gtype'", replace
(file horiz10.eps written in EPS format)

.                          
. restore

. 
. /*Conditional Mean: Regression*/
. 
. reg bynels2m byses1

      Source |       SS           df       MS      Number of obs   =    15,236
-------------+----------------------------------   F(1, 15234)     =   3532.18
       Model |  53.2360435         1  53.2360435   Prob > F        =    0.0000
    Residual |    229.6024    15,234  .015071708   R-squared       =    0.1882
-------------+----------------------------------   Adj R-squared   =    0.1882
       Total |  282.838444    15,235  .018565044   Root MSE        =    .12277

------------------------------------------------------------------------------
    bynels2m |      Coef.   Std. Err.      t    P>|t|     [95% Conf. Interval]
-------------+----------------------------------------------------------------
      byses1 |   .0795636   .0013387    59.43   0.000     .0769396    .0821877
       _cons |   .4504293   .0009962   452.15   0.000     .4484766    .4523819
------------------------------------------------------------------------------

. 
. predict reg_predict
(option xb assumed; fitted values)
(924 missing values generated)

. 
. predict reg_error, residual
(924 missing values generated)

. 
. gen reg_error_sq=reg_error*reg_error
(924 missing values generated)

. 
. quietly sum reg_error_sq

. 
. scalar reg_mse=r(mean)

. 
. scalar reg_rmse=sqrt(reg_mse)

. 
. graph twoway (scatter bynels2m byses1,msize(vtiny) mcolor(black)) ///
>              (line uncond_mean byses1,lcolor(blue)) ///
>              (line cond_mean2 byses1,lcolor(orange)) ///
>              (line cond_mean4 byses1,lcolor(yellow)) ///
>              (line reg_predict byses1,lcolor(red)), ///        
>              legend(order(2 "Unconditional Mean" 3 "Condtional Mean, 2 groups" 4 "Conditional Mean,
>  4 Groups" 5 "Regression Prediction") )

. 
. graph export "regress.`gtype'", replace
(file regress.eps written in EPS format)

. 
. scalar li
  reg_rmse =  .12275883
   reg_mse =  .01506973
       myt =  1.9614331
     alpha =        .05
         n =       1616
cond_mean10_rmse =  .12252576
cond_mean10_mse =  .01501256
read_mean4_rmse =  .17997469
read_mean4_mse =  .03239089
cond_mean4_rmse =  .12365016
cond_mean4_mse =  .01528936
cond_mean2_rmse =  .12651073
cond_mean2_mse =  .01600496
uncond_mean_rmse =  .13536213
uncond_mean_mse =  .01832291

. 
. exit 

end of do-file


. browse bynels2m reg_predict reg_error

. reg bynels2m byses1

      Source |       SS           df       MS      Number of obs   =    15,236
-------------+----------------------------------   F(1, 15234)     =   3532.18
       Model |  53.2360435         1  53.2360435   Prob > F        =    0.0000
    Residual |    229.6024    15,234  .015071708   R-squared       =    0.1882
-------------+----------------------------------   Adj R-squared   =    0.1882
       Total |  282.838444    15,235  .018565044   Root MSE        =    .12277

------------------------------------------------------------------------------
    bynels2m |      Coef.   Std. Err.      t    P>|t|     [95% Conf. Interval]
-------------+----------------------------------------------------------------
      byses1 |   .0795636   .0013387    59.43   0.000     .0769396    .0821877
       _cons |   .4504293   .0009962   452.15   0.000     .4484766    .4523819
------------------------------------------------------------------------------

. sca li
  reg_rmse =  .12275883
   reg_mse =  .01506973
       myt =  1.9614331
     alpha =        .05
         n =       1616
cond_mean10_rmse =  .12252576
cond_mean10_mse =  .01501256
read_mean4_rmse =  .17997469
read_mean4_mse =  .03239089
cond_mean4_rmse =  .12365016
cond_mean4_mse =  .01528936
cond_mean2_rmse =  .12651073
cond_mean2_mse =  .01600496
uncond_mean_rmse =  .13536213
uncond_mean_mse =  .01832291

. exit, clear
