{smcl}
{com}{sf}{ul off}{txt}{.-}
      name:  {res}<unnamed>
       {txt}log:  {res}/Users/doylewr/practicum/lpo_prac_2016-2017/central/lessons/regression_prediction/reg_predictlog.smcl
  {txt}log type:  {res}smcl
 {txt}opened on:  {res} 7 Feb 2017, 16:06:04
{txt}
{com}. 
. /* PhD Practicum, Spring 2017 */
. /* Using Prediction to Interpret Regressions */
. /* Will Doyle*/
. /* 2/7/17 */
. 
. clear
{txt}
{com}. 
. clear mata
{txt}
{com}. 
. clear matrix
{txt}
{com}. 
. estimates clear
{txt}
{com}. 
. graph set ps logo off
{txt}
{com}. 
. graph drop _all
{txt}
{com}. 
. set scheme s1color
{txt}
{com}. 
. set more off
{txt}
{com}. 
. global gdir "../../data/"
{txt}
{com}. 
. use ${c -(}gdir{c )-}caschool, clear
{txt}
{com}. 
. /*******************************/
. /*Recoding */
. /*******************************/  
. 
. /*Changing Scale of Expenditures*/
. 
. gen  expn_stu_t=expn_stu/1000
{txt}
{com}. 
. save caschool_new, replace
{txt}file caschool_new.dta saved

{com}. 
. /******************************/
. /*Variable Labels */
. /******************************/
. 
. label variable math_scr "Math Scores"
{txt}
{com}. label variable str "Student Teacher Ratio"
{txt}
{com}. label variable expn_stu_t "Expenditures per Student (1000s)"
{txt}
{com}. label variable avginc "Average Income"
{txt}
{com}. label variable el_pct "English Language Percent"
{txt}
{com}. label variable meal_pct "Percent on Free/Reduced Meals"
{txt}
{com}. label variable comp_stu "Computers per Student"
{txt}
{com}. 
. /**************************************************/
. /* Locals */
. /**************************************************/
. 
. //Graphics typae
. local gtype pdf /*For Mac*/
{txt}
{com}. 
. //Bookmarks    
. local first_part=0
{txt}
{com}. local second_part=1
{txt}
{com}. 
. // DV
. local y math_scr
{txt}
{com}. 
. // Key IV
. local x str
{txt}
{com}. 
. // Controls
. local controls expn_stu_t avginc el_pct meal_pct comp_stu
{txt}
{com}. 
. //alpha
. 
. local alpha=.05
{txt}
{com}. 
. local alpha_a=.1
{txt}
{com}. 
. //How many tails? TWO!
. 
. local alpha_2=`alpha'/2
{txt}
{com}. 
. local alpha_2a=`alpha_a'/2
{txt}
{com}. 
. /*******************************/  
. /* Analysis */
. /*******************************/    
. 
. reg `y' `x'

      {txt}Source {c |}       SS       df       MS              Number of obs ={res}     420
{txt}{hline 13}{char +}{hline 30}           F(  1,   418) ={res}   16.62
    {txt}   Model {char |} {res} 5635.62443     1  5635.62443           {txt}Prob > F      = {res} 0.0001
    {txt}Residual {char |} {res} 141735.097   418   339.07918           {txt}R-squared     = {res} 0.0382
{txt}{hline 13}{char +}{hline 30}           Adj R-squared = {res} 0.0359
    {txt}   Total {char |} {res} 147370.722   419  351.720099           {txt}Root MSE      = {res} 18.414

{txt}{hline 13}{c TT}{hline 11}{hline 11}{hline 9}{hline 8}{hline 13}{hline 12}
{col 1}    math_scr{col 14}{c |}      Coef.{col 26}   Std. Err.{col 38}      t{col 46}   P>|t|{col 54}     [95% Con{col 67}f. Interval]
{hline 13}{c +}{hline 11}{hline 11}{hline 9}{hline 8}{hline 13}{hline 12}
{space 9}str {c |}{col 14}{res}{space 2}-1.938591{col 26}{space 2} .4755165{col 37}{space 1}   -4.08{col 46}{space 3}0.000{col 54}{space 4}-2.873292{col 67}{space 3}-1.003889
{txt}{space 7}_cons {c |}{col 14}{res}{space 2} 691.4174{col 26}{space 2} 9.382469{col 37}{space 1}   73.69{col 46}{space 3}0.000{col 54}{space 4} 672.9747{col 67}{space 3} 709.8601
{txt}{hline 13}{c BT}{hline 11}{hline 11}{hline 9}{hline 8}{hline 13}{hline 12}
{res}{txt}
{com}. 
. eststo  basic
{txt}
{com}. 
. reg `y' `x' `controls'

      {txt}Source {c |}       SS       df       MS              Number of obs ={res}     420
{txt}{hline 13}{char +}{hline 30}           F(  6,   413) ={res}  180.29
    {txt}   Model {char |} {res} 106651.228     6  17775.2047           {txt}Prob > F      = {res} 0.0000
    {txt}Residual {char |} {res} 40719.4931   413  98.5944143           {txt}R-squared     = {res} 0.7237
{txt}{hline 13}{char +}{hline 30}           Adj R-squared = {res} 0.7197
    {txt}   Total {char |} {res} 147370.722   419  351.720099           {txt}Root MSE      = {res} 9.9295

{txt}{hline 13}{c TT}{hline 11}{hline 11}{hline 9}{hline 8}{hline 13}{hline 12}
{col 1}    math_scr{col 14}{c |}      Coef.{col 26}   Std. Err.{col 38}      t{col 46}   P>|t|{col 54}     [95% Con{col 67}f. Interval]
{hline 13}{c +}{hline 11}{hline 11}{hline 9}{hline 8}{hline 13}{hline 12}
{space 9}str {c |}{col 14}{res}{space 2}-.2217831{col 26}{space 2} .3355029{col 37}{space 1}   -0.66{col 46}{space 3}0.509{col 54}{space 4}-.8812893{col 67}{space 3} .4377232
{txt}{space 2}expn_stu_t {c |}{col 14}{res}{space 2}-.0070057{col 26}{space 2} 1.044094{col 37}{space 1}   -0.01{col 46}{space 3}0.995{col 54}{space 4}-2.059407{col 67}{space 3} 2.045395
{txt}{space 6}avginc {c |}{col 14}{res}{space 2} .7093258{col 26}{space 2} .1037914{col 37}{space 1}    6.83{col 46}{space 3}0.000{col 54}{space 4} .5053005{col 67}{space 3} .9133511
{txt}{space 6}el_pct {c |}{col 14}{res}{space 2}-.1097502{col 26}{space 2} .0372649{col 37}{space 1}   -2.95{col 46}{space 3}0.003{col 54}{space 4}-.1830028{col 67}{space 3}-.0364976
{txt}{space 4}meal_pct {c |}{col 14}{res}{space 2}-.3824315{col 26}{space 2} .0330651{col 37}{space 1}  -11.57{col 46}{space 3}0.000{col 54}{space 4}-.4474284{col 67}{space 3}-.3174346
{txt}{space 4}comp_stu {c |}{col 14}{res}{space 2} 14.11309{col 26}{space 2} 8.116897{col 37}{space 1}    1.74{col 46}{space 3}0.083{col 54}{space 4} -1.84249{col 67}{space 3} 30.06868
{txt}{space 7}_cons {c |}{col 14}{res}{space 2} 663.7802{col 26}{space 2} 10.64377{col 37}{space 1}   62.36{col 46}{space 3}0.000{col 54}{space 4} 642.8575{col 67}{space 3} 684.7029
{txt}{hline 13}{c BT}{hline 11}{hline 11}{hline 9}{hline 8}{hline 13}{hline 12}
{res}{txt}
{com}. 
. eststo basic_controls
{txt}
{com}. 
. #delimit ;
{txt}delimiter now ;
{com}. quietly esttab * using my_models.tex,          /* estout command: * indicates all estimates in memory. csv specifies comma sep, best for excel */
>                label                          /*Use labels for models and variables */
>                nodepvars                      /* Use my model titles */
>                b(2)                           /* b= coefficients , this gives two sig digits */
>                not                            /* I don't want t statistics */
>                se(2)                         /* I do want standard errors */
>                nostar                       /* No stars */
>                r2 (2)                      /* R squared */
>                ar2 (2)                     /* Adj R squared */
>                scalar(F  "df_m D.F. Model" "df_r D.F. Residual" N)   /* select stats from the ereturn (list) */
>                sfmt (2 0 0 0)               /* format for stats*/
>                replace                   /* replace existing file */
>                nomtitles
>                ;
{txt}
{com}. #delimit cr
{txt}delimiter now cr
{com}. 
. local df_r=e(df_r)
{txt}
{com}. 
. //Get correct t value
. local myt=invttail(`df_r',`alpha_2')
{txt}
{com}. 
. scalar myt=`myt'
{txt}
{com}. 
. local myt2=invttail(`df_r',`alpha_2a')
{txt}
{com}. scalar myt2=`myt2'
{txt}
{com}. 
. if `first_part'==1{c -(}
. 
. estimates restore basic
. 
. // Predict using data in memory
. predict yhat, xb
. 
. //Get SE of prediction
. predict yhat_se,stdp
. 
. 
. // Generate Prediction interval 
. gen low_ci=yhat-(`myt'*yhat_se)
. gen hi_ci=yhat+(`myt'*yhat_se)
. 
. gen low_ci_90=yhat-(`myt2'*yhat_se)
. gen hi_ci_90=yhat+(`myt2'*yhat_se)
. 
. 
. sort `x'
. 
. graph twoway scatter `y' `x',msize(small) mcolor(blue)  ///
>   || line yhat `x',lcolor(red) ///
>   || line low_ci `x', lcolor(red) lpattern(dash) ///
>   || line hi_ci `x', lcolor(red) lpattern(dash) ///
>   || line low_ci_90 `x', lcolor(yellow) lpattern(dash) ///
>   || line hi_ci_90 `x', lcolor(yellow) lpattern(dash) ///
>       legend( order(1 "Math score" 2 "Prediction" 3 "95% Confidence Interval" 5 "90% COnfidence Interval")) ///
>       name(basic_predict)
. 
. graph export basic_predict.`gtype', replace
. 
. /*Making use of the margins command*/
. 
. // Use summary to get min and max of key IV    
. sum `x', detail
. 
. local mymin=r(min)
. local mymax=r(max)
. 
. estimates restore basic_controls
. 
. local dfr=e(df_r)
. 
. #delimit ;
{txt}delimiter now ;
{com}. margins , /* init margins */
>     predict(xb) /* Type of prediction */
>     nose /* Don't give SE */
>     at( (mean) /* Precition at mean of all variables */
>     `controls' /* Set controls at mean */
>     `x'=(`mymin'(.1)`mymax'))  /*range from min to max of x in steps of .1 */
>      post  /* Post results in matrix form */
>          ;
. #delimit cr
{txt}delimiter now cr
{com}. 
. // Pull results
. mat xb=e(b)
. 
. // store x values used to generate predictions
. mat allx=e(at)
. 
. // store just x values from that matrix
. matrix myx=allx[1...,1]'
. 
. // Bring back in regression results
. estimates restore basic_controls
. 
. // Run margins again, but this time get standard error of prediction as output
. margins , predict(stdp) nose at(`x'=(`mymin'(.1)`mymax') (mean) `controls') post
. 
. //Grab standard error of prediction
. mat stdp=e(b)
. 
. //Put three matrices together: standard error, prediction, and values of x: transpose 
. mat pred1=[stdp \ xb\ myx]'
. 
. //Put matrix in data 
. svmat pred1
. 
. //Generate
. generate lb = pred12 - (`myt' * pred11) /*Prediction minus t value times SE */
. generate ub = pred12 + (`myt'* pred11) /*Prediction plus t value times SE */
. 
. /*Plot Simple Prediction */
. 
. graph twoway line pred12 pred13, ///
>     xtitle("Hypothetical Values of Student-Teacher Ratio") ///
>     ytitle("Predicted Values of Math Test Scores") ///
>     name(basic_predict_margins)
. 
. graph export basic_predict.`gtype', replace 
. 
. /*Plot Prediction with CI*/
. 
. graph twoway line pred12 pred13 || ///
>     line lb pred13,lcolor(red) || ///
>     line ub pred13,lcolor(red) ///
>     xtitle("Hypothetical Values of Student Teacher Ratio ") ///
>     ytitle("Predicted Values of Math Test Scores") ///
>     legend(order(1 "Predicted Value" 2 "Lower/Upper Bound 95% CI" )) ///
>     name(ci_predict95) 
. 
. graph export ci_predict95.`gtype', replace 
. 
. drop pred11 pred12 pred13 lb ub
. 
. // Expenditures per student
. 
. //local x expn_stu_t
. //local controls str avginc el_pct meal_pct comp_stu
. 
. // Use summary to get min and max of key IV    
. sum `x', detail
. 
. local mymin=r(min)
. local mymax=r(max)
. 
. estimates restore basic_controls
. 
. local dfr=e(df_r)
. 
. #delimit ;
{txt}delimiter now ;
{com}. margins , /* init margins */
>     predict(xb) /* Type of prediction */
>     nose /* Don't give SE */
>     at( (mean) /* Precition at mean of all variables */
>     `controls' /* Set controls at mean */
>     `x'=(`mymin'(.1)`mymax'))  /*range from min to max of x in steps of .1 */
>      post  /* Post results in matrix form */
>          ;
. #delimit cr
{txt}delimiter now cr
{com}. 
. // Pull results
. mat xb=e(b)
. 
. // store x values used to generate predictions
. mat allx=e(at)
. 
. // store just x values from that matrix
. matrix myx=allx[1...,2]'
. 
. // Bring back in regression results
. estimates restore basic_controls
. 
. // Run margins again, but this time get standard error of prediction as output
. margins , predict(stdp) nose at(`x'=(`mymin'(.1)`mymax') (mean) `controls') post
. 
. //Grab standard error of prediction
. mat stdp=e(b)
. 
. //Put three matrices together: standard error, prediction, and values of x: transpose 
. mat pred1=[stdp \ xb\ myx]'
. 
. //Put matrix in data 
. svmat pred1
. 
. //Generate
. generate lb = pred12 - (`myt' * pred11) /*Prediction minus t value times SE */
. generate ub = pred12 + (`myt'* pred11) /*Prediction plus t value times SE */
. 
. /*Plot Simple Prediction */
. 
. graph twoway line pred12 pred13, ///
>     xtitle("Hypothetical Values of Expenditures per Student (1000s)") ///
>     ytitle("Predicted Values of Math Test Scores") ///
>     name(basic_predict_margins_2)
. 
. graph export basic_predict.`gtype', replace 
. 
. /*Plot Prediction with CI*/
. 
. graph twoway line pred12 pred13 || ///
>     line lb pred13,lcolor(red) || ///
>     line ub pred13,lcolor(red) ///
>     xtitle("Hypothetical Values of Expenditures per Student (1000s) ") ///
>     ytitle("Predicted Values of Math Test Scores") ///
>     legend(order(1 "Predicted Value" 2 "Lower/Upper Bound 95% CI" )) ///
>     name(ci_predict95_2) 
. 
.         // Shaded area type graphic
. 
. graph twoway rarea lb ub pred13, color(gs10) fintensity(inten20) || ///
>         line pred12 pred13 , /// 
>     xtitle("Hypothetical Values of Expenditures per Student (1000s) ") ///
>     ytitle("Predicted Values of Math Test Scores") ///
>     legend(order(1 "Predicted Value" 2 "Lower/Upper Bound 95% CI" )) ///
>     name(ci_predict95_3)        
. 
. 
. /*Or: Marginsplaot */
. 
. estimates restore basic_controls
. 
. local dfr=e(df_r)
. 
. #delimit ;
{txt}delimiter now ;
{com}. margins , /* init margins */
>     predict(xb) /* Type of prediction */
>     at( (mean) /* Precition at mean of all variables */
>     `controls' /* Set controls at mean */
>     `x'=(`mymin'(.1)`mymax'))  /*range from min to max of x in steps of .1 */
>      post  /* Post results in matrix form */
>          ;
. #delimit cr
{txt}delimiter now cr
{com}. 
. marginsplot ,name(margins1)
. 
. marginsplot , recast(line) plotopts(lcolor(black)) recastci(rarea)  name(margins2)
. {c )-}
{txt}
{com}. 
. 
. /* End first part */
. 
. if `second_part'==1{c -(}
. 
. /*Prediction vs. forecasting*/
. 
. estimates restore basic
{txt}(results {stata estimates replay basic:basic} are active now)
{com}. predict yhat, xb
. predict yhat_se,stdp
. predict yhat_fse,stdf
. 
. gen low_ci=yhat-(myt*yhat_se)
. gen hi_ci=yhat+(myt*yhat_se)
. 
. gen low_ci_f=yhat-(myt*yhat_fse)
. gen hi_ci_f=yhat+(myt*yhat_fse)
. 
. sort `x'
. 
. graph twoway scatter `y' `x',msize(small) mcolor(blue)  ///
>   || line yhat `x',lcolor(red) ///
>   || line low_ci `x', lcolor(red) lpattern(dash) ///
>   || line hi_ci `x', lcolor(red) lpattern(dash) ///
>   || line low_ci_f `x', lcolor(green) lpattern(dash) ///
>   || line hi_ci_f `x', lcolor(green) lpattern (dash) ///
>     legend( order(1 "Math score" 2 "Prediction" 3 "95% Confidence Interval, Prediction" 5 "95% Confidence Interval, Forecast"))
{res}{com}. 
. graph export predictvforecast.`gtype', replace
{txt}(file /Users/doylewr/practicum/lpo_prac_2016-2017/central/lessons/regression_prediction/predictvforecast.pdf written in PDF format)
{com}. 
. gen outside=`y' < low_ci_f | `y' >hi_ci_f
. 
. egen total_out=sum(outside)
. 
. sum total_out

{txt}    Variable {c |}       Obs        Mean    Std. Dev.       Min        Max
{hline 13}{c +}{hline 56}
{space 3}total_out {c |}{res}       420          20           0         20         20
{com}. 
. scalar my_out=r(mean)
. 
. scalar myn=_N
. 
. scalar pct_out=my_out/myn
. 
. scalar li pct_out
{txt}   pct_out = {res} .04761905
{com}. 
. estimates restore basic_controls
{txt}(results {stata estimates replay basic_controls:basic_controls} are active now)
{com}. 
. /*Then with margins */ 
. 
. sum `x', detail

                    {txt}Student Teacher Ratio
{hline 61}
      Percentiles      Smallest
 1%    {res} 15.13898             14
{txt} 5%    {res} 16.41658       14.20176
{txt}10%    {res} 17.34573       14.54214       {txt}Obs         {res}        420
{txt}25%    {res} 18.58179       14.70588       {txt}Sum of Wgt. {res}        420

{txt}50%    {res} 19.72321                      {txt}Mean          {res} 19.64043
                        {txt}Largest       Std. Dev.     {res} 1.891812
{txt}75%    {res} 20.87183          24.95
{txt}90%    {res} 21.87561       25.05263       {txt}Variance      {res} 3.578952
{txt}95%    {res} 22.64514       25.78512       {txt}Skewness      {res}-.0253655
{txt}99%    {res} 24.88889           25.8       {txt}Kurtosis      {res} 3.609597
{com}.     
. local mymin=0
. local mymax=100
. local diff=`mymax'-`mymin'
. local step=`diff'/100
. 
. estimates restore basic_controls
{txt}(results {stata estimates replay basic_controls:basic_controls} are active now)
{com}. 
. local dfr=e(df_r)
. 
. // All of this, same as before
. 
. margins , predict(xb) nose at( (mean) `controls' `x'=(`mymin'(`step')`mymax')) post
{res}
{txt}Adjusted predictions{col 51}Number of obs{col 67}= {res}       420

{txt}{p2colset 1 14 16 2}{...}
{p2col:Expression}:{space 1}{res:Linear prediction, predict(xb)}{p_end}
{p2colreset}{...}

{txt}{p2colset 1 14 16 2}{...}
{p2col:1._at}:{space 1}{res:{txt:str}{space 13}{txt:=} {space 10}0}{p_end}
{p2colreset}{...}
{txt}{p2colset 1 14 16 2}{...}
{p2col: }{space 2}{res:{txt:expn_stu_t}{space 6}{txt:=} {space 3}5.312408 {txt:(mean)}}{p_end}
{p2colreset}{...}
{txt}{p2colset 1 14 16 2}{...}
{p2col: }{space 2}{res:{txt:avginc}{space 10}{txt:=} {space 3}15.31659 {txt:(mean)}}{p_end}
{p2colreset}{...}
{txt}{p2colset 1 14 16 2}{...}
{p2col: }{space 2}{res:{txt:el_pct}{space 10}{txt:=} {space 3}15.76816 {txt:(mean)}}{p_end}
{p2colreset}{...}
{txt}{p2colset 1 14 16 2}{...}
{p2col: }{space 2}{res:{txt:meal_pct}{space 8}{txt:=} {space 3}44.70524 {txt:(mean)}}{p_end}
{p2colreset}{...}
{txt}{p2colset 1 14 16 2}{...}
{p2col: }{space 2}{res:{txt:comp_stu}{space 8}{txt:=} {space 3}.1359266 {txt:(mean)}}{p_end}
{p2colreset}{...}

{txt}{p2colset 1 14 16 2}{...}
{p2col:2._at}:{space 1}{res:{txt:str}{space 13}{txt:=} {space 10}1}{p_end}
{p2colreset}{...}
{txt}{p2colset 1 14 16 2}{...}
{p2col: }{space 2}{res:{txt:expn_stu_t}{space 6}{txt:=} {space 3}5.312408 {txt:(mean)}}{p_end}
{p2colreset}{...}
{txt}{p2colset 1 14 16 2}{...}
{p2col: }{space 2}{res:{txt:avginc}{space 10}{txt:=} {space 3}15.31659 {txt:(mean)}}{p_end}
{p2colreset}{...}
{txt}{p2colset 1 14 16 2}{...}
{p2col: }{space 2}{res:{txt:el_pct}{space 10}{txt:=} {space 3}15.76816 {txt:(mean)}}{p_end}
{p2colreset}{...}
{txt}{p2colset 1 14 16 2}{...}
{p2col: }{space 2}{res:{txt:meal_pct}{space 8}{txt:=} {space 3}44.70524 {txt:(mean)}}{p_end}
{p2colreset}{...}
{txt}{p2colset 1 14 16 2}{...}
{p2col: }{space 2}{res:{txt:comp_stu}{space 8}{txt:=} {space 3}.1359266 {txt:(mean)}}{p_end}
{p2colreset}{...}

{txt}{p2colset 1 14 16 2}{...}
{p2col:3._at}:{space 1}{res:{txt:str}{space 13}{txt:=} {space 10}2}{p_end}
{p2colreset}{...}
{txt}{p2colset 1 14 16 2}{...}
{p2col: }{space 2}{res:{txt:expn_stu_t}{space 6}{txt:=} {space 3}5.312408 {txt:(mean)}}{p_end}
{p2colreset}{...}
{txt}{p2colset 1 14 16 2}{...}
{p2col: }{space 2}{res:{txt:avginc}{space 10}{txt:=} {space 3}15.31659 {txt:(mean)}}{p_end}
{p2colreset}{...}
{txt}{p2colset 1 14 16 2}{...}
{p2col: }{space 2}{res:{txt:el_pct}{space 10}{txt:=} {space 3}15.76816 {txt:(mean)}}{p_end}
{p2colreset}{...}
{txt}{p2colset 1 14 16 2}{...}
{p2col: }{space 2}{res:{txt:meal_pct}{space 8}{txt:=} {space 3}44.70524 {txt:(mean)}}{p_end}
{p2colreset}{...}
{txt}{p2colset 1 14 16 2}{...}
{p2col: }{space 2}{res:{txt:comp_stu}{space 8}{txt:=} {space 3}.1359266 {txt:(mean)}}{p_end}
{p2colreset}{...}

{txt}{p2colset 1 14 16 2}{...}
{p2col:4._at}:{space 1}{res:{txt:str}{space 13}{txt:=} {space 10}3}{p_end}
{p2colreset}{...}
{txt}{p2colset 1 14 16 2}{...}
{p2col: }{space 2}{res:{txt:expn_stu_t}{space 6}{txt:=} {space 3}5.312408 {txt:(mean)}}{p_end}
{p2colreset}{...}
{txt}{p2colset 1 14 16 2}{...}
{p2col: }{space 2}{res:{txt:avginc}{space 10}{txt:=} {space 3}15.31659 {txt:(mean)}}{p_end}
{p2colreset}{...}
{txt}{p2colset 1 14 16 2}{...}
{p2col: }{space 2}{res:{txt:el_pct}{space 10}{txt:=} {space 3}15.76816 {txt:(mean)}}{p_end}
{p2colreset}{...}
{txt}{p2colset 1 14 16 2}{...}
{p2col: }{space 2}{res:{txt:meal_pct}{space 8}{txt:=} {space 3}44.70524 {txt:(mean)}}{p_end}
{p2colreset}{...}
{txt}{p2colset 1 14 16 2}{...}
{p2col: }{space 2}{res:{txt:comp_stu}{space 8}{txt:=} {space 3}.1359266 {txt:(mean)}}{p_end}
{p2colreset}{...}

{txt}{p2colset 1 14 16 2}{...}
{p2col:5._at}:{space 1}{res:{txt:str}{space 13}{txt:=} {space 10}4}{p_end}
{p2colreset}{...}
{txt}{p2colset 1 14 16 2}{...}
{p2col: }{space 2}{res:{txt:expn_stu_t}{space 6}{txt:=} {space 3}5.312408 {txt:(mean)}}{p_end}
{p2colreset}{...}
{txt}{p2colset 1 14 16 2}{...}
{p2col: }{space 2}{res:{txt:avginc}{space 10}{txt:=} {space 3}15.31659 {txt:(mean)}}{p_end}
{p2colreset}{...}
{txt}{p2colset 1 14 16 2}{...}
{p2col: }{space 2}{res:{txt:el_pct}{space 10}{txt:=} {space 3}15.76816 {txt:(mean)}}{p_end}
{p2colreset}{...}
{txt}{p2colset 1 14 16 2}{...}
{p2col: }{space 2}{res:{txt:meal_pct}{space 8}{txt:=} {space 3}44.70524 {txt:(mean)}}{p_end}
{p2colreset}{...}
{txt}{p2colset 1 14 16 2}{...}
{p2col: }{space 2}{res:{txt:comp_stu}{space 8}{txt:=} {space 3}.1359266 {txt:(mean)}}{p_end}
{p2colreset}{...}

{txt}{p2colset 1 14 16 2}{...}
{p2col:6._at}:{space 1}{res:{txt:str}{space 13}{txt:=} {space 10}5}{p_end}
{p2colreset}{...}
{txt}{p2colset 1 14 16 2}{...}
{p2col: }{space 2}{res:{txt:expn_stu_t}{space 6}{txt:=} {space 3}5.312408 {txt:(mean)}}{p_end}
{p2colreset}{...}
{txt}{p2colset 1 14 16 2}{...}
{p2col: }{space 2}{res:{txt:avginc}{space 10}{txt:=} {space 3}15.31659 {txt:(mean)}}{p_end}
{p2colreset}{...}
{txt}{p2colset 1 14 16 2}{...}
{p2col: }{space 2}{res:{txt:el_pct}{space 10}{txt:=} {space 3}15.76816 {txt:(mean)}}{p_end}
{p2colreset}{...}
{txt}{p2colset 1 14 16 2}{...}
{p2col: }{space 2}{res:{txt:meal_pct}{space 8}{txt:=} {space 3}44.70524 {txt:(mean)}}{p_end}
{p2colreset}{...}
{txt}{p2colset 1 14 16 2}{...}
{p2col: }{space 2}{res:{txt:comp_stu}{space 8}{txt:=} {space 3}.1359266 {txt:(mean)}}{p_end}
{p2colreset}{...}

{txt}{p2colset 1 14 16 2}{...}
{p2col:7._at}:{space 1}{res:{txt:str}{space 13}{txt:=} {space 10}6}{p_end}
{p2colreset}{...}
{txt}{p2colset 1 14 16 2}{...}
{p2col: }{space 2}{res:{txt:expn_stu_t}{space 6}{txt:=} {space 3}5.312408 {txt:(mean)}}{p_end}
{p2colreset}{...}
{txt}{p2colset 1 14 16 2}{...}
{p2col: }{space 2}{res:{txt:avginc}{space 10}{txt:=} {space 3}15.31659 {txt:(mean)}}{p_end}
{p2colreset}{...}
{txt}{p2colset 1 14 16 2}{...}
{p2col: }{space 2}{res:{txt:el_pct}{space 10}{txt:=} {space 3}15.76816 {txt:(mean)}}{p_end}
{p2colreset}{...}
{txt}{p2colset 1 14 16 2}{...}
{p2col: }{space 2}{res:{txt:meal_pct}{space 8}{txt:=} {space 3}44.70524 {txt:(mean)}}{p_end}
{p2colreset}{...}
{txt}{p2colset 1 14 16 2}{...}
{p2col: }{space 2}{res:{txt:comp_stu}{space 8}{txt:=} {space 3}.1359266 {txt:(mean)}}{p_end}
{p2colreset}{...}

{txt}{p2colset 1 14 16 2}{...}
{p2col:8._at}:{space 1}{res:{txt:str}{space 13}{txt:=} {space 10}7}{p_end}
{p2colreset}{...}
{txt}{p2colset 1 14 16 2}{...}
{p2col: }{space 2}{res:{txt:expn_stu_t}{space 6}{txt:=} {space 3}5.312408 {txt:(mean)}}{p_end}
{p2colreset}{...}
{txt}{p2colset 1 14 16 2}{...}
{p2col: }{space 2}{res:{txt:avginc}{space 10}{txt:=} {space 3}15.31659 {txt:(mean)}}{p_end}
{p2colreset}{...}
{txt}{p2colset 1 14 16 2}{...}
{p2col: }{space 2}{res:{txt:el_pct}{space 10}{txt:=} {space 3}15.76816 {txt:(mean)}}{p_end}
{p2colreset}{...}
{txt}{p2colset 1 14 16 2}{...}
{p2col: }{space 2}{res:{txt:meal_pct}{space 8}{txt:=} {space 3}44.70524 {txt:(mean)}}{p_end}
{p2colreset}{...}
{txt}{p2colset 1 14 16 2}{...}
{p2col: }{space 2}{res:{txt:comp_stu}{space 8}{txt:=} {space 3}.1359266 {txt:(mean)}}{p_end}
{p2colreset}{...}

{txt}{p2colset 1 14 16 2}{...}
{p2col:9._at}:{space 1}{res:{txt:str}{space 13}{txt:=} {space 10}8}{p_end}
{p2colreset}{...}
{txt}{p2colset 1 14 16 2}{...}
{p2col: }{space 2}{res:{txt:expn_stu_t}{space 6}{txt:=} {space 3}5.312408 {txt:(mean)}}{p_end}
{p2colreset}{...}
{txt}{p2colset 1 14 16 2}{...}
{p2col: }{space 2}{res:{txt:avginc}{space 10}{txt:=} {space 3}15.31659 {txt:(mean)}}{p_end}
{p2colreset}{...}
{txt}{p2colset 1 14 16 2}{...}
{p2col: }{space 2}{res:{txt:el_pct}{space 10}{txt:=} {space 3}15.76816 {txt:(mean)}}{p_end}
{p2colreset}{...}
{txt}{p2colset 1 14 16 2}{...}
{p2col: }{space 2}{res:{txt:meal_pct}{space 8}{txt:=} {space 3}44.70524 {txt:(mean)}}{p_end}
{p2colreset}{...}
{txt}{p2colset 1 14 16 2}{...}
{p2col: }{space 2}{res:{txt:comp_stu}{space 8}{txt:=} {space 3}.1359266 {txt:(mean)}}{p_end}
{p2colreset}{...}

{txt}{p2colset 1 14 16 2}{...}
{p2col:10._at}:{space 1}{res:{txt:str}{space 13}{txt:=} {space 10}9}{p_end}
{p2colreset}{...}
{txt}{p2colset 1 14 16 2}{...}
{p2col: }{space 2}{res:{txt:expn_stu_t}{space 6}{txt:=} {space 3}5.312408 {txt:(mean)}}{p_end}
{p2colreset}{...}
{txt}{p2colset 1 14 16 2}{...}
{p2col: }{space 2}{res:{txt:avginc}{space 10}{txt:=} {space 3}15.31659 {txt:(mean)}}{p_end}
{p2colreset}{...}
{txt}{p2colset 1 14 16 2}{...}
{p2col: }{space 2}{res:{txt:el_pct}{space 10}{txt:=} {space 3}15.76816 {txt:(mean)}}{p_end}
{p2colreset}{...}
{txt}{p2colset 1 14 16 2}{...}
{p2col: }{space 2}{res:{txt:meal_pct}{space 8}{txt:=} {space 3}44.70524 {txt:(mean)}}{p_end}
{p2colreset}{...}
{txt}{p2colset 1 14 16 2}{...}
{p2col: }{space 2}{res:{txt:comp_stu}{space 8}{txt:=} {space 3}.1359266 {txt:(mean)}}{p_end}
{p2colreset}{...}

{txt}{p2colset 1 14 16 2}{...}
{p2col:11._at}:{space 1}{res:{txt:str}{space 13}{txt:=} {space 9}10}{p_end}
{p2colreset}{...}
{txt}{p2colset 1 14 16 2}{...}
{p2col: }{space 2}{res:{txt:expn_stu_t}{space 6}{txt:=} {space 3}5.312408 {txt:(mean)}}{p_end}
{p2colreset}{...}
{txt}{p2colset 1 14 16 2}{...}
{p2col: }{space 2}{res:{txt:avginc}{space 10}{txt:=} {space 3}15.31659 {txt:(mean)}}{p_end}
{p2colreset}{...}
{txt}{p2colset 1 14 16 2}{...}
{p2col: }{space 2}{res:{txt:el_pct}{space 10}{txt:=} {space 3}15.76816 {txt:(mean)}}{p_end}
{p2colreset}{...}
{txt}{p2colset 1 14 16 2}{...}
{p2col: }{space 2}{res:{txt:meal_pct}{space 8}{txt:=} {space 3}44.70524 {txt:(mean)}}{p_end}
{p2colreset}{...}
{txt}{p2colset 1 14 16 2}{...}
{p2col: }{space 2}{res:{txt:comp_stu}{space 8}{txt:=} {space 3}.1359266 {txt:(mean)}}{p_end}
{p2colreset}{...}

{txt}{p2colset 1 14 16 2}{...}
{p2col:12._at}:{space 1}{res:{txt:str}{space 13}{txt:=} {space 9}11}{p_end}
{p2colreset}{...}
{txt}{p2colset 1 14 16 2}{...}
{p2col: }{space 2}{res:{txt:expn_stu_t}{space 6}{txt:=} {space 3}5.312408 {txt:(mean)}}{p_end}
{p2colreset}{...}
{txt}{p2colset 1 14 16 2}{...}
{p2col: }{space 2}{res:{txt:avginc}{space 10}{txt:=} {space 3}15.31659 {txt:(mean)}}{p_end}
{p2colreset}{...}
{txt}{p2colset 1 14 16 2}{...}
{p2col: }{space 2}{res:{txt:el_pct}{space 10}{txt:=} {space 3}15.76816 {txt:(mean)}}{p_end}
{p2colreset}{...}
{txt}{p2colset 1 14 16 2}{...}
{p2col: }{space 2}{res:{txt:meal_pct}{space 8}{txt:=} {space 3}44.70524 {txt:(mean)}}{p_end}
{p2colreset}{...}
{txt}{p2colset 1 14 16 2}{...}
{p2col: }{space 2}{res:{txt:comp_stu}{space 8}{txt:=} {space 3}.1359266 {txt:(mean)}}{p_end}
{p2colreset}{...}

{txt}{p2colset 1 14 16 2}{...}
{p2col:13._at}:{space 1}{res:{txt:str}{space 13}{txt:=} {space 9}12}{p_end}
{p2colreset}{...}
{txt}{p2colset 1 14 16 2}{...}
{p2col: }{space 2}{res:{txt:expn_stu_t}{space 6}{txt:=} {space 3}5.312408 {txt:(mean)}}{p_end}
{p2colreset}{...}
{txt}{p2colset 1 14 16 2}{...}
{p2col: }{space 2}{res:{txt:avginc}{space 10}{txt:=} {space 3}15.31659 {txt:(mean)}}{p_end}
{p2colreset}{...}
{txt}{p2colset 1 14 16 2}{...}
{p2col: }{space 2}{res:{txt:el_pct}{space 10}{txt:=} {space 3}15.76816 {txt:(mean)}}{p_end}
{p2colreset}{...}
{txt}{p2colset 1 14 16 2}{...}
{p2col: }{space 2}{res:{txt:meal_pct}{space 8}{txt:=} {space 3}44.70524 {txt:(mean)}}{p_end}
{p2colreset}{...}
{txt}{p2colset 1 14 16 2}{...}
{p2col: }{space 2}{res:{txt:comp_stu}{space 8}{txt:=} {space 3}.1359266 {txt:(mean)}}{p_end}
{p2colreset}{...}

{txt}{p2colset 1 14 16 2}{...}
{p2col:14._at}:{space 1}{res:{txt:str}{space 13}{txt:=} {space 9}13}{p_end}
{p2colreset}{...}
{txt}{p2colset 1 14 16 2}{...}
{p2col: }{space 2}{res:{txt:expn_stu_t}{space 6}{txt:=} {space 3}5.312408 {txt:(mean)}}{p_end}
{p2colreset}{...}
{txt}{p2colset 1 14 16 2}{...}
{p2col: }{space 2}{res:{txt:avginc}{space 10}{txt:=} {space 3}15.31659 {txt:(mean)}}{p_end}
{p2colreset}{...}
{txt}{p2colset 1 14 16 2}{...}
{p2col: }{space 2}{res:{txt:el_pct}{space 10}{txt:=} {space 3}15.76816 {txt:(mean)}}{p_end}
{p2colreset}{...}
{txt}{p2colset 1 14 16 2}{...}
{p2col: }{space 2}{res:{txt:meal_pct}{space 8}{txt:=} {space 3}44.70524 {txt:(mean)}}{p_end}
{p2colreset}{...}
{txt}{p2colset 1 14 16 2}{...}
{p2col: }{space 2}{res:{txt:comp_stu}{space 8}{txt:=} {space 3}.1359266 {txt:(mean)}}{p_end}
{p2colreset}{...}

{txt}{p2colset 1 14 16 2}{...}
{p2col:15._at}:{space 1}{res:{txt:str}{space 13}{txt:=} {space 9}14}{p_end}
{p2colreset}{...}
{txt}{p2colset 1 14 16 2}{...}
{p2col: }{space 2}{res:{txt:expn_stu_t}{space 6}{txt:=} {space 3}5.312408 {txt:(mean)}}{p_end}
{p2colreset}{...}
{txt}{p2colset 1 14 16 2}{...}
{p2col: }{space 2}{res:{txt:avginc}{space 10}{txt:=} {space 3}15.31659 {txt:(mean)}}{p_end}
{p2colreset}{...}
{txt}{p2colset 1 14 16 2}{...}
{p2col: }{space 2}{res:{txt:el_pct}{space 10}{txt:=} {space 3}15.76816 {txt:(mean)}}{p_end}
{p2colreset}{...}
{txt}{p2colset 1 14 16 2}{...}
{p2col: }{space 2}{res:{txt:meal_pct}{space 8}{txt:=} {space 3}44.70524 {txt:(mean)}}{p_end}
{p2colreset}{...}
{txt}{p2colset 1 14 16 2}{...}
{p2col: }{space 2}{res:{txt:comp_stu}{space 8}{txt:=} {space 3}.1359266 {txt:(mean)}}{p_end}
{p2colreset}{...}

{txt}{p2colset 1 14 16 2}{...}
{p2col:16._at}:{space 1}{res:{txt:str}{space 13}{txt:=} {space 9}15}{p_end}
{p2colreset}{...}
{txt}{p2colset 1 14 16 2}{...}
{p2col: }{space 2}{res:{txt:expn_stu_t}{space 6}{txt:=} {space 3}5.312408 {txt:(mean)}}{p_end}
{p2colreset}{...}
{txt}{p2colset 1 14 16 2}{...}
{p2col: }{space 2}{res:{txt:avginc}{space 10}{txt:=} {space 3}15.31659 {txt:(mean)}}{p_end}
{p2colreset}{...}
{txt}{p2colset 1 14 16 2}{...}
{p2col: }{space 2}{res:{txt:el_pct}{space 10}{txt:=} {space 3}15.76816 {txt:(mean)}}{p_end}
{p2colreset}{...}
{txt}{p2colset 1 14 16 2}{...}
{p2col: }{space 2}{res:{txt:meal_pct}{space 8}{txt:=} {space 3}44.70524 {txt:(mean)}}{p_end}
{p2colreset}{...}
{txt}{p2colset 1 14 16 2}{...}
{p2col: }{space 2}{res:{txt:comp_stu}{space 8}{txt:=} {space 3}.1359266 {txt:(mean)}}{p_end}
{p2colreset}{...}

{txt}{p2colset 1 14 16 2}{...}
{p2col:17._at}:{space 1}{res:{txt:str}{space 13}{txt:=} {space 9}16}{p_end}
{p2colreset}{...}
{txt}{p2colset 1 14 16 2}{...}
{p2col: }{space 2}{res:{txt:expn_stu_t}{space 6}{txt:=} {space 3}5.312408 {txt:(mean)}}{p_end}
{p2colreset}{...}
{txt}{p2colset 1 14 16 2}{...}
{p2col: }{space 2}{res:{txt:avginc}{space 10}{txt:=} {space 3}15.31659 {txt:(mean)}}{p_end}
{p2colreset}{...}
{txt}{p2colset 1 14 16 2}{...}
{p2col: }{space 2}{res:{txt:el_pct}{space 10}{txt:=} {space 3}15.76816 {txt:(mean)}}{p_end}
{p2colreset}{...}
{txt}{p2colset 1 14 16 2}{...}
{p2col: }{space 2}{res:{txt:meal_pct}{space 8}{txt:=} {space 3}44.70524 {txt:(mean)}}{p_end}
{p2colreset}{...}
{txt}{p2colset 1 14 16 2}{...}
{p2col: }{space 2}{res:{txt:comp_stu}{space 8}{txt:=} {space 3}.1359266 {txt:(mean)}}{p_end}
{p2colreset}{...}

{txt}{p2colset 1 14 16 2}{...}
{p2col:18._at}:{space 1}{res:{txt:str}{space 13}{txt:=} {space 9}17}{p_end}
{p2colreset}{...}
{txt}{p2colset 1 14 16 2}{...}
{p2col: }{space 2}{res:{txt:expn_stu_t}{space 6}{txt:=} {space 3}5.312408 {txt:(mean)}}{p_end}
{p2colreset}{...}
{txt}{p2colset 1 14 16 2}{...}
{p2col: }{space 2}{res:{txt:avginc}{space 10}{txt:=} {space 3}15.31659 {txt:(mean)}}{p_end}
{p2colreset}{...}
{txt}{p2colset 1 14 16 2}{...}
{p2col: }{space 2}{res:{txt:el_pct}{space 10}{txt:=} {space 3}15.76816 {txt:(mean)}}{p_end}
{p2colreset}{...}
{txt}{p2colset 1 14 16 2}{...}
{p2col: }{space 2}{res:{txt:meal_pct}{space 8}{txt:=} {space 3}44.70524 {txt:(mean)}}{p_end}
{p2colreset}{...}
{txt}{p2colset 1 14 16 2}{...}
{p2col: }{space 2}{res:{txt:comp_stu}{space 8}{txt:=} {space 3}.1359266 {txt:(mean)}}{p_end}
{p2colreset}{...}

{txt}{p2colset 1 14 16 2}{...}
{p2col:19._at}:{space 1}{res:{txt:str}{space 13}{txt:=} {space 9}18}{p_end}
{p2colreset}{...}
{txt}{p2colset 1 14 16 2}{...}
{p2col: }{space 2}{res:{txt:expn_stu_t}{space 6}{txt:=} {space 3}5.312408 {txt:(mean)}}{p_end}
{p2colreset}{...}
{txt}{p2colset 1 14 16 2}{...}
{p2col: }{space 2}{res:{txt:avginc}{space 10}{txt:=} {space 3}15.31659 {txt:(mean)}}{p_end}
{p2colreset}{...}
{txt}{p2colset 1 14 16 2}{...}
{p2col: }{space 2}{res:{txt:el_pct}{space 10}{txt:=} {space 3}15.76816 {txt:(mean)}}{p_end}
{p2colreset}{...}
{txt}{p2colset 1 14 16 2}{...}
{p2col: }{space 2}{res:{txt:meal_pct}{space 8}{txt:=} {space 3}44.70524 {txt:(mean)}}{p_end}
{p2colreset}{...}
{txt}{p2colset 1 14 16 2}{...}
{p2col: }{space 2}{res:{txt:comp_stu}{space 8}{txt:=} {space 3}.1359266 {txt:(mean)}}{p_end}
{p2colreset}{...}

{txt}{p2colset 1 14 16 2}{...}
{p2col:20._at}:{space 1}{res:{txt:str}{space 13}{txt:=} {space 9}19}{p_end}
{p2colreset}{...}
{txt}{p2colset 1 14 16 2}{...}
{p2col: }{space 2}{res:{txt:expn_stu_t}{space 6}{txt:=} {space 3}5.312408 {txt:(mean)}}{p_end}
{p2colreset}{...}
{txt}{p2colset 1 14 16 2}{...}
{p2col: }{space 2}{res:{txt:avginc}{space 10}{txt:=} {space 3}15.31659 {txt:(mean)}}{p_end}
{p2colreset}{...}
{txt}{p2colset 1 14 16 2}{...}
{p2col: }{space 2}{res:{txt:el_pct}{space 10}{txt:=} {space 3}15.76816 {txt:(mean)}}{p_end}
{p2colreset}{...}
{txt}{p2colset 1 14 16 2}{...}
{p2col: }{space 2}{res:{txt:meal_pct}{space 8}{txt:=} {space 3}44.70524 {txt:(mean)}}{p_end}
{p2colreset}{...}
{txt}{p2colset 1 14 16 2}{...}
{p2col: }{space 2}{res:{txt:comp_stu}{space 8}{txt:=} {space 3}.1359266 {txt:(mean)}}{p_end}
{p2colreset}{...}

{txt}{p2colset 1 14 16 2}{...}
{p2col:21._at}:{space 1}{res:{txt:str}{space 13}{txt:=} {space 9}20}{p_end}
{p2colreset}{...}
{txt}{p2colset 1 14 16 2}{...}
{p2col: }{space 2}{res:{txt:expn_stu_t}{space 6}{txt:=} {space 3}5.312408 {txt:(mean)}}{p_end}
{p2colreset}{...}
{txt}{p2colset 1 14 16 2}{...}
{p2col: }{space 2}{res:{txt:avginc}{space 10}{txt:=} {space 3}15.31659 {txt:(mean)}}{p_end}
{p2colreset}{...}
{txt}{p2colset 1 14 16 2}{...}
{p2col: }{space 2}{res:{txt:el_pct}{space 10}{txt:=} {space 3}15.76816 {txt:(mean)}}{p_end}
{p2colreset}{...}
{txt}{p2colset 1 14 16 2}{...}
{p2col: }{space 2}{res:{txt:meal_pct}{space 8}{txt:=} {space 3}44.70524 {txt:(mean)}}{p_end}
{p2colreset}{...}
{txt}{p2colset 1 14 16 2}{...}
{p2col: }{space 2}{res:{txt:comp_stu}{space 8}{txt:=} {space 3}.1359266 {txt:(mean)}}{p_end}
{p2colreset}{...}

{txt}{p2colset 1 14 16 2}{...}
{p2col:22._at}:{space 1}{res:{txt:str}{space 13}{txt:=} {space 9}21}{p_end}
{p2colreset}{...}
{txt}{p2colset 1 14 16 2}{...}
{p2col: }{space 2}{res:{txt:expn_stu_t}{space 6}{txt:=} {space 3}5.312408 {txt:(mean)}}{p_end}
{p2colreset}{...}
{txt}{p2colset 1 14 16 2}{...}
{p2col: }{space 2}{res:{txt:avginc}{space 10}{txt:=} {space 3}15.31659 {txt:(mean)}}{p_end}
{p2colreset}{...}
{txt}{p2colset 1 14 16 2}{...}
{p2col: }{space 2}{res:{txt:el_pct}{space 10}{txt:=} {space 3}15.76816 {txt:(mean)}}{p_end}
{p2colreset}{...}
{txt}{p2colset 1 14 16 2}{...}
{p2col: }{space 2}{res:{txt:meal_pct}{space 8}{txt:=} {space 3}44.70524 {txt:(mean)}}{p_end}
{p2colreset}{...}
{txt}{p2colset 1 14 16 2}{...}
{p2col: }{space 2}{res:{txt:comp_stu}{space 8}{txt:=} {space 3}.1359266 {txt:(mean)}}{p_end}
{p2colreset}{...}

{txt}{p2colset 1 14 16 2}{...}
{p2col:23._at}:{space 1}{res:{txt:str}{space 13}{txt:=} {space 9}22}{p_end}
{p2colreset}{...}
{txt}{p2colset 1 14 16 2}{...}
{p2col: }{space 2}{res:{txt:expn_stu_t}{space 6}{txt:=} {space 3}5.312408 {txt:(mean)}}{p_end}
{p2colreset}{...}
{txt}{p2colset 1 14 16 2}{...}
{p2col: }{space 2}{res:{txt:avginc}{space 10}{txt:=} {space 3}15.31659 {txt:(mean)}}{p_end}
{p2colreset}{...}
{txt}{p2colset 1 14 16 2}{...}
{p2col: }{space 2}{res:{txt:el_pct}{space 10}{txt:=} {space 3}15.76816 {txt:(mean)}}{p_end}
{p2colreset}{...}
{txt}{p2colset 1 14 16 2}{...}
{p2col: }{space 2}{res:{txt:meal_pct}{space 8}{txt:=} {space 3}44.70524 {txt:(mean)}}{p_end}
{p2colreset}{...}
{txt}{p2colset 1 14 16 2}{...}
{p2col: }{space 2}{res:{txt:comp_stu}{space 8}{txt:=} {space 3}.1359266 {txt:(mean)}}{p_end}
{p2colreset}{...}

{txt}{p2colset 1 14 16 2}{...}
{p2col:24._at}:{space 1}{res:{txt:str}{space 13}{txt:=} {space 9}23}{p_end}
{p2colreset}{...}
{txt}{p2colset 1 14 16 2}{...}
{p2col: }{space 2}{res:{txt:expn_stu_t}{space 6}{txt:=} {space 3}5.312408 {txt:(mean)}}{p_end}
{p2colreset}{...}
{txt}{p2colset 1 14 16 2}{...}
{p2col: }{space 2}{res:{txt:avginc}{space 10}{txt:=} {space 3}15.31659 {txt:(mean)}}{p_end}
{p2colreset}{...}
{txt}{p2colset 1 14 16 2}{...}
{p2col: }{space 2}{res:{txt:el_pct}{space 10}{txt:=} {space 3}15.76816 {txt:(mean)}}{p_end}
{p2colreset}{...}
{txt}{p2colset 1 14 16 2}{...}
{p2col: }{space 2}{res:{txt:meal_pct}{space 8}{txt:=} {space 3}44.70524 {txt:(mean)}}{p_end}
{p2colreset}{...}
{txt}{p2colset 1 14 16 2}{...}
{p2col: }{space 2}{res:{txt:comp_stu}{space 8}{txt:=} {space 3}.1359266 {txt:(mean)}}{p_end}
{p2colreset}{...}

{txt}{p2colset 1 14 16 2}{...}
{p2col:25._at}:{space 1}{res:{txt:str}{space 13}{txt:=} {space 9}24}{p_end}
{p2colreset}{...}
{txt}{p2colset 1 14 16 2}{...}
{p2col: }{space 2}{res:{txt:expn_stu_t}{space 6}{txt:=} {space 3}5.312408 {txt:(mean)}}{p_end}
{p2colreset}{...}
{txt}{p2colset 1 14 16 2}{...}
{p2col: }{space 2}{res:{txt:avginc}{space 10}{txt:=} {space 3}15.31659 {txt:(mean)}}{p_end}
{p2colreset}{...}
{txt}{p2colset 1 14 16 2}{...}
{p2col: }{space 2}{res:{txt:el_pct}{space 10}{txt:=} {space 3}15.76816 {txt:(mean)}}{p_end}
{p2colreset}{...}
{txt}{p2colset 1 14 16 2}{...}
{p2col: }{space 2}{res:{txt:meal_pct}{space 8}{txt:=} {space 3}44.70524 {txt:(mean)}}{p_end}
{p2colreset}{...}
{txt}{p2colset 1 14 16 2}{...}
{p2col: }{space 2}{res:{txt:comp_stu}{space 8}{txt:=} {space 3}.1359266 {txt:(mean)}}{p_end}
{p2colreset}{...}

{txt}{p2colset 1 14 16 2}{...}
{p2col:26._at}:{space 1}{res:{txt:str}{space 13}{txt:=} {space 9}25}{p_end}
{p2colreset}{...}
{txt}{p2colset 1 14 16 2}{...}
{p2col: }{space 2}{res:{txt:expn_stu_t}{space 6}{txt:=} {space 3}5.312408 {txt:(mean)}}{p_end}
{p2colreset}{...}
{txt}{p2colset 1 14 16 2}{...}
{p2col: }{space 2}{res:{txt:avginc}{space 10}{txt:=} {space 3}15.31659 {txt:(mean)}}{p_end}
{p2colreset}{...}
{txt}{p2colset 1 14 16 2}{...}
{p2col: }{space 2}{res:{txt:el_pct}{space 10}{txt:=} {space 3}15.76816 {txt:(mean)}}{p_end}
{p2colreset}{...}
{txt}{p2colset 1 14 16 2}{...}
{p2col: }{space 2}{res:{txt:meal_pct}{space 8}{txt:=} {space 3}44.70524 {txt:(mean)}}{p_end}
{p2colreset}{...}
{txt}{p2colset 1 14 16 2}{...}
{p2col: }{space 2}{res:{txt:comp_stu}{space 8}{txt:=} {space 3}.1359266 {txt:(mean)}}{p_end}
{p2colreset}{...}

{txt}{p2colset 1 14 16 2}{...}
{p2col:27._at}:{space 1}{res:{txt:str}{space 13}{txt:=} {space 9}26}{p_end}
{p2colreset}{...}
{txt}{p2colset 1 14 16 2}{...}
{p2col: }{space 2}{res:{txt:expn_stu_t}{space 6}{txt:=} {space 3}5.312408 {txt:(mean)}}{p_end}
{p2colreset}{...}
{txt}{p2colset 1 14 16 2}{...}
{p2col: }{space 2}{res:{txt:avginc}{space 10}{txt:=} {space 3}15.31659 {txt:(mean)}}{p_end}
{p2colreset}{...}
{txt}{p2colset 1 14 16 2}{...}
{p2col: }{space 2}{res:{txt:el_pct}{space 10}{txt:=} {space 3}15.76816 {txt:(mean)}}{p_end}
{p2colreset}{...}
{txt}{p2colset 1 14 16 2}{...}
{p2col: }{space 2}{res:{txt:meal_pct}{space 8}{txt:=} {space 3}44.70524 {txt:(mean)}}{p_end}
{p2colreset}{...}
{txt}{p2colset 1 14 16 2}{...}
{p2col: }{space 2}{res:{txt:comp_stu}{space 8}{txt:=} {space 3}.1359266 {txt:(mean)}}{p_end}
{p2colreset}{...}

{txt}{p2colset 1 14 16 2}{...}
{p2col:28._at}:{space 1}{res:{txt:str}{space 13}{txt:=} {space 9}27}{p_end}
{p2colreset}{...}
{txt}{p2colset 1 14 16 2}{...}
{p2col: }{space 2}{res:{txt:expn_stu_t}{space 6}{txt:=} {space 3}5.312408 {txt:(mean)}}{p_end}
{p2colreset}{...}
{txt}{p2colset 1 14 16 2}{...}
{p2col: }{space 2}{res:{txt:avginc}{space 10}{txt:=} {space 3}15.31659 {txt:(mean)}}{p_end}
{p2colreset}{...}
{txt}{p2colset 1 14 16 2}{...}
{p2col: }{space 2}{res:{txt:el_pct}{space 10}{txt:=} {space 3}15.76816 {txt:(mean)}}{p_end}
{p2colreset}{...}
{txt}{p2colset 1 14 16 2}{...}
{p2col: }{space 2}{res:{txt:meal_pct}{space 8}{txt:=} {space 3}44.70524 {txt:(mean)}}{p_end}
{p2colreset}{...}
{txt}{p2colset 1 14 16 2}{...}
{p2col: }{space 2}{res:{txt:comp_stu}{space 8}{txt:=} {space 3}.1359266 {txt:(mean)}}{p_end}
{p2colreset}{...}

{txt}{p2colset 1 14 16 2}{...}
{p2col:29._at}:{space 1}{res:{txt:str}{space 13}{txt:=} {space 9}28}{p_end}
{p2colreset}{...}
{txt}{p2colset 1 14 16 2}{...}
{p2col: }{space 2}{res:{txt:expn_stu_t}{space 6}{txt:=} {space 3}5.312408 {txt:(mean)}}{p_end}
{p2colreset}{...}
{txt}{p2colset 1 14 16 2}{...}
{p2col: }{space 2}{res:{txt:avginc}{space 10}{txt:=} {space 3}15.31659 {txt:(mean)}}{p_end}
{p2colreset}{...}
{txt}{p2colset 1 14 16 2}{...}
{p2col: }{space 2}{res:{txt:el_pct}{space 10}{txt:=} {space 3}15.76816 {txt:(mean)}}{p_end}
{p2colreset}{...}
{txt}{p2colset 1 14 16 2}{...}
{p2col: }{space 2}{res:{txt:meal_pct}{space 8}{txt:=} {space 3}44.70524 {txt:(mean)}}{p_end}
{p2colreset}{...}
{txt}{p2colset 1 14 16 2}{...}
{p2col: }{space 2}{res:{txt:comp_stu}{space 8}{txt:=} {space 3}.1359266 {txt:(mean)}}{p_end}
{p2colreset}{...}

{txt}{p2colset 1 14 16 2}{...}
{p2col:30._at}:{space 1}{res:{txt:str}{space 13}{txt:=} {space 9}29}{p_end}
{p2colreset}{...}
{txt}{p2colset 1 14 16 2}{...}
{p2col: }{space 2}{res:{txt:expn_stu_t}{space 6}{txt:=} {space 3}5.312408 {txt:(mean)}}{p_end}
{p2colreset}{...}
{txt}{p2colset 1 14 16 2}{...}
{p2col: }{space 2}{res:{txt:avginc}{space 10}{txt:=} {space 3}15.31659 {txt:(mean)}}{p_end}
{p2colreset}{...}
{txt}{p2colset 1 14 16 2}{...}
{p2col: }{space 2}{res:{txt:el_pct}{space 10}{txt:=} {space 3}15.76816 {txt:(mean)}}{p_end}
{p2colreset}{...}
{txt}{p2colset 1 14 16 2}{...}
{p2col: }{space 2}{res:{txt:meal_pct}{space 8}{txt:=} {space 3}44.70524 {txt:(mean)}}{p_end}
{p2colreset}{...}
{txt}{p2colset 1 14 16 2}{...}
{p2col: }{space 2}{res:{txt:comp_stu}{space 8}{txt:=} {space 3}.1359266 {txt:(mean)}}{p_end}
{p2colreset}{...}

{txt}{p2colset 1 14 16 2}{...}
{p2col:31._at}:{space 1}{res:{txt:str}{space 13}{txt:=} {space 9}30}{p_end}
{p2colreset}{...}
{txt}{p2colset 1 14 16 2}{...}
{p2col: }{space 2}{res:{txt:expn_stu_t}{space 6}{txt:=} {space 3}5.312408 {txt:(mean)}}{p_end}
{p2colreset}{...}
{txt}{p2colset 1 14 16 2}{...}
{p2col: }{space 2}{res:{txt:avginc}{space 10}{txt:=} {space 3}15.31659 {txt:(mean)}}{p_end}
{p2colreset}{...}
{txt}{p2colset 1 14 16 2}{...}
{p2col: }{space 2}{res:{txt:el_pct}{space 10}{txt:=} {space 3}15.76816 {txt:(mean)}}{p_end}
{p2colreset}{...}
{txt}{p2colset 1 14 16 2}{...}
{p2col: }{space 2}{res:{txt:meal_pct}{space 8}{txt:=} {space 3}44.70524 {txt:(mean)}}{p_end}
{p2colreset}{...}
{txt}{p2colset 1 14 16 2}{...}
{p2col: }{space 2}{res:{txt:comp_stu}{space 8}{txt:=} {space 3}.1359266 {txt:(mean)}}{p_end}
{p2colreset}{...}

{txt}{p2colset 1 14 16 2}{...}
{p2col:32._at}:{space 1}{res:{txt:str}{space 13}{txt:=} {space 9}31}{p_end}
{p2colreset}{...}
{txt}{p2colset 1 14 16 2}{...}
{p2col: }{space 2}{res:{txt:expn_stu_t}{space 6}{txt:=} {space 3}5.312408 {txt:(mean)}}{p_end}
{p2colreset}{...}
{txt}{p2colset 1 14 16 2}{...}
{p2col: }{space 2}{res:{txt:avginc}{space 10}{txt:=} {space 3}15.31659 {txt:(mean)}}{p_end}
{p2colreset}{...}
{txt}{p2colset 1 14 16 2}{...}
{p2col: }{space 2}{res:{txt:el_pct}{space 10}{txt:=} {space 3}15.76816 {txt:(mean)}}{p_end}
{p2colreset}{...}
{txt}{p2colset 1 14 16 2}{...}
{p2col: }{space 2}{res:{txt:meal_pct}{space 8}{txt:=} {space 3}44.70524 {txt:(mean)}}{p_end}
{p2colreset}{...}
{txt}{p2colset 1 14 16 2}{...}
{p2col: }{space 2}{res:{txt:comp_stu}{space 8}{txt:=} {space 3}.1359266 {txt:(mean)}}{p_end}
{p2colreset}{...}

{txt}{p2colset 1 14 16 2}{...}
{p2col:33._at}:{space 1}{res:{txt:str}{space 13}{txt:=} {space 9}32}{p_end}
{p2colreset}{...}
{txt}{p2colset 1 14 16 2}{...}
{p2col: }{space 2}{res:{txt:expn_stu_t}{space 6}{txt:=} {space 3}5.312408 {txt:(mean)}}{p_end}
{p2colreset}{...}
{txt}{p2colset 1 14 16 2}{...}
{p2col: }{space 2}{res:{txt:avginc}{space 10}{txt:=} {space 3}15.31659 {txt:(mean)}}{p_end}
{p2colreset}{...}
{txt}{p2colset 1 14 16 2}{...}
{p2col: }{space 2}{res:{txt:el_pct}{space 10}{txt:=} {space 3}15.76816 {txt:(mean)}}{p_end}
{p2colreset}{...}
{txt}{p2colset 1 14 16 2}{...}
{p2col: }{space 2}{res:{txt:meal_pct}{space 8}{txt:=} {space 3}44.70524 {txt:(mean)}}{p_end}
{p2colreset}{...}
{txt}{p2colset 1 14 16 2}{...}
{p2col: }{space 2}{res:{txt:comp_stu}{space 8}{txt:=} {space 3}.1359266 {txt:(mean)}}{p_end}
{p2colreset}{...}

{txt}{p2colset 1 14 16 2}{...}
{p2col:34._at}:{space 1}{res:{txt:str}{space 13}{txt:=} {space 9}33}{p_end}
{p2colreset}{...}
{txt}{p2colset 1 14 16 2}{...}
{p2col: }{space 2}{res:{txt:expn_stu_t}{space 6}{txt:=} {space 3}5.312408 {txt:(mean)}}{p_end}
{p2colreset}{...}
{txt}{p2colset 1 14 16 2}{...}
{p2col: }{space 2}{res:{txt:avginc}{space 10}{txt:=} {space 3}15.31659 {txt:(mean)}}{p_end}
{p2colreset}{...}
{txt}{p2colset 1 14 16 2}{...}
{p2col: }{space 2}{res:{txt:el_pct}{space 10}{txt:=} {space 3}15.76816 {txt:(mean)}}{p_end}
{p2colreset}{...}
{txt}{p2colset 1 14 16 2}{...}
{p2col: }{space 2}{res:{txt:meal_pct}{space 8}{txt:=} {space 3}44.70524 {txt:(mean)}}{p_end}
{p2colreset}{...}
{txt}{p2colset 1 14 16 2}{...}
{p2col: }{space 2}{res:{txt:comp_stu}{space 8}{txt:=} {space 3}.1359266 {txt:(mean)}}{p_end}
{p2colreset}{...}

{txt}{p2colset 1 14 16 2}{...}
{p2col:35._at}:{space 1}{res:{txt:str}{space 13}{txt:=} {space 9}34}{p_end}
{p2colreset}{...}
{txt}{p2colset 1 14 16 2}{...}
{p2col: }{space 2}{res:{txt:expn_stu_t}{space 6}{txt:=} {space 3}5.312408 {txt:(mean)}}{p_end}
{p2colreset}{...}
{txt}{p2colset 1 14 16 2}{...}
{p2col: }{space 2}{res:{txt:avginc}{space 10}{txt:=} {space 3}15.31659 {txt:(mean)}}{p_end}
{p2colreset}{...}
{txt}{p2colset 1 14 16 2}{...}
{p2col: }{space 2}{res:{txt:el_pct}{space 10}{txt:=} {space 3}15.76816 {txt:(mean)}}{p_end}
{p2colreset}{...}
{txt}{p2colset 1 14 16 2}{...}
{p2col: }{space 2}{res:{txt:meal_pct}{space 8}{txt:=} {space 3}44.70524 {txt:(mean)}}{p_end}
{p2colreset}{...}
{txt}{p2colset 1 14 16 2}{...}
{p2col: }{space 2}{res:{txt:comp_stu}{space 8}{txt:=} {space 3}.1359266 {txt:(mean)}}{p_end}
{p2colreset}{...}

{txt}{p2colset 1 14 16 2}{...}
{p2col:36._at}:{space 1}{res:{txt:str}{space 13}{txt:=} {space 9}35}{p_end}
{p2colreset}{...}
{txt}{p2colset 1 14 16 2}{...}
{p2col: }{space 2}{res:{txt:expn_stu_t}{space 6}{txt:=} {space 3}5.312408 {txt:(mean)}}{p_end}
{p2colreset}{...}
{txt}{p2colset 1 14 16 2}{...}
{p2col: }{space 2}{res:{txt:avginc}{space 10}{txt:=} {space 3}15.31659 {txt:(mean)}}{p_end}
{p2colreset}{...}
{txt}{p2colset 1 14 16 2}{...}
{p2col: }{space 2}{res:{txt:el_pct}{space 10}{txt:=} {space 3}15.76816 {txt:(mean)}}{p_end}
{p2colreset}{...}
{txt}{p2colset 1 14 16 2}{...}
{p2col: }{space 2}{res:{txt:meal_pct}{space 8}{txt:=} {space 3}44.70524 {txt:(mean)}}{p_end}
{p2colreset}{...}
{txt}{p2colset 1 14 16 2}{...}
{p2col: }{space 2}{res:{txt:comp_stu}{space 8}{txt:=} {space 3}.1359266 {txt:(mean)}}{p_end}
{p2colreset}{...}

{txt}{p2colset 1 14 16 2}{...}
{p2col:37._at}:{space 1}{res:{txt:str}{space 13}{txt:=} {space 9}36}{p_end}
{p2colreset}{...}
{txt}{p2colset 1 14 16 2}{...}
{p2col: }{space 2}{res:{txt:expn_stu_t}{space 6}{txt:=} {space 3}5.312408 {txt:(mean)}}{p_end}
{p2colreset}{...}
{txt}{p2colset 1 14 16 2}{...}
{p2col: }{space 2}{res:{txt:avginc}{space 10}{txt:=} {space 3}15.31659 {txt:(mean)}}{p_end}
{p2colreset}{...}
{txt}{p2colset 1 14 16 2}{...}
{p2col: }{space 2}{res:{txt:el_pct}{space 10}{txt:=} {space 3}15.76816 {txt:(mean)}}{p_end}
{p2colreset}{...}
{txt}{p2colset 1 14 16 2}{...}
{p2col: }{space 2}{res:{txt:meal_pct}{space 8}{txt:=} {space 3}44.70524 {txt:(mean)}}{p_end}
{p2colreset}{...}
{txt}{p2colset 1 14 16 2}{...}
{p2col: }{space 2}{res:{txt:comp_stu}{space 8}{txt:=} {space 3}.1359266 {txt:(mean)}}{p_end}
{p2colreset}{...}

{txt}{p2colset 1 14 16 2}{...}
{p2col:38._at}:{space 1}{res:{txt:str}{space 13}{txt:=} {space 9}37}{p_end}
{p2colreset}{...}
{txt}{p2colset 1 14 16 2}{...}
{p2col: }{space 2}{res:{txt:expn_stu_t}{space 6}{txt:=} {space 3}5.312408 {txt:(mean)}}{p_end}
{p2colreset}{...}
{txt}{p2colset 1 14 16 2}{...}
{p2col: }{space 2}{res:{txt:avginc}{space 10}{txt:=} {space 3}15.31659 {txt:(mean)}}{p_end}
{p2colreset}{...}
{txt}{p2colset 1 14 16 2}{...}
{p2col: }{space 2}{res:{txt:el_pct}{space 10}{txt:=} {space 3}15.76816 {txt:(mean)}}{p_end}
{p2colreset}{...}
{txt}{p2colset 1 14 16 2}{...}
{p2col: }{space 2}{res:{txt:meal_pct}{space 8}{txt:=} {space 3}44.70524 {txt:(mean)}}{p_end}
{p2colreset}{...}
{txt}{p2colset 1 14 16 2}{...}
{p2col: }{space 2}{res:{txt:comp_stu}{space 8}{txt:=} {space 3}.1359266 {txt:(mean)}}{p_end}
{p2colreset}{...}

{txt}{p2colset 1 14 16 2}{...}
{p2col:39._at}:{space 1}{res:{txt:str}{space 13}{txt:=} {space 9}38}{p_end}
{p2colreset}{...}
{txt}{p2colset 1 14 16 2}{...}
{p2col: }{space 2}{res:{txt:expn_stu_t}{space 6}{txt:=} {space 3}5.312408 {txt:(mean)}}{p_end}
{p2colreset}{...}
{txt}{p2colset 1 14 16 2}{...}
{p2col: }{space 2}{res:{txt:avginc}{space 10}{txt:=} {space 3}15.31659 {txt:(mean)}}{p_end}
{p2colreset}{...}
{txt}{p2colset 1 14 16 2}{...}
{p2col: }{space 2}{res:{txt:el_pct}{space 10}{txt:=} {space 3}15.76816 {txt:(mean)}}{p_end}
{p2colreset}{...}
{txt}{p2colset 1 14 16 2}{...}
{p2col: }{space 2}{res:{txt:meal_pct}{space 8}{txt:=} {space 3}44.70524 {txt:(mean)}}{p_end}
{p2colreset}{...}
{txt}{p2colset 1 14 16 2}{...}
{p2col: }{space 2}{res:{txt:comp_stu}{space 8}{txt:=} {space 3}.1359266 {txt:(mean)}}{p_end}
{p2colreset}{...}

{txt}{p2colset 1 14 16 2}{...}
{p2col:40._at}:{space 1}{res:{txt:str}{space 13}{txt:=} {space 9}39}{p_end}
{p2colreset}{...}
{txt}{p2colset 1 14 16 2}{...}
{p2col: }{space 2}{res:{txt:expn_stu_t}{space 6}{txt:=} {space 3}5.312408 {txt:(mean)}}{p_end}
{p2colreset}{...}
{txt}{p2colset 1 14 16 2}{...}
{p2col: }{space 2}{res:{txt:avginc}{space 10}{txt:=} {space 3}15.31659 {txt:(mean)}}{p_end}
{p2colreset}{...}
{txt}{p2colset 1 14 16 2}{...}
{p2col: }{space 2}{res:{txt:el_pct}{space 10}{txt:=} {space 3}15.76816 {txt:(mean)}}{p_end}
{p2colreset}{...}
{txt}{p2colset 1 14 16 2}{...}
{p2col: }{space 2}{res:{txt:meal_pct}{space 8}{txt:=} {space 3}44.70524 {txt:(mean)}}{p_end}
{p2colreset}{...}
{txt}{p2colset 1 14 16 2}{...}
{p2col: }{space 2}{res:{txt:comp_stu}{space 8}{txt:=} {space 3}.1359266 {txt:(mean)}}{p_end}
{p2colreset}{...}

{txt}{p2colset 1 14 16 2}{...}
{p2col:41._at}:{space 1}{res:{txt:str}{space 13}{txt:=} {space 9}40}{p_end}
{p2colreset}{...}
{txt}{p2colset 1 14 16 2}{...}
{p2col: }{space 2}{res:{txt:expn_stu_t}{space 6}{txt:=} {space 3}5.312408 {txt:(mean)}}{p_end}
{p2colreset}{...}
{txt}{p2colset 1 14 16 2}{...}
{p2col: }{space 2}{res:{txt:avginc}{space 10}{txt:=} {space 3}15.31659 {txt:(mean)}}{p_end}
{p2colreset}{...}
{txt}{p2colset 1 14 16 2}{...}
{p2col: }{space 2}{res:{txt:el_pct}{space 10}{txt:=} {space 3}15.76816 {txt:(mean)}}{p_end}
{p2colreset}{...}
{txt}{p2colset 1 14 16 2}{...}
{p2col: }{space 2}{res:{txt:meal_pct}{space 8}{txt:=} {space 3}44.70524 {txt:(mean)}}{p_end}
{p2colreset}{...}
{txt}{p2colset 1 14 16 2}{...}
{p2col: }{space 2}{res:{txt:comp_stu}{space 8}{txt:=} {space 3}.1359266 {txt:(mean)}}{p_end}
{p2colreset}{...}

{txt}{p2colset 1 14 16 2}{...}
{p2col:42._at}:{space 1}{res:{txt:str}{space 13}{txt:=} {space 9}41}{p_end}
{p2colreset}{...}
{txt}{p2colset 1 14 16 2}{...}
{p2col: }{space 2}{res:{txt:expn_stu_t}{space 6}{txt:=} {space 3}5.312408 {txt:(mean)}}{p_end}
{p2colreset}{...}
{txt}{p2colset 1 14 16 2}{...}
{p2col: }{space 2}{res:{txt:avginc}{space 10}{txt:=} {space 3}15.31659 {txt:(mean)}}{p_end}
{p2colreset}{...}
{txt}{p2colset 1 14 16 2}{...}
{p2col: }{space 2}{res:{txt:el_pct}{space 10}{txt:=} {space 3}15.76816 {txt:(mean)}}{p_end}
{p2colreset}{...}
{txt}{p2colset 1 14 16 2}{...}
{p2col: }{space 2}{res:{txt:meal_pct}{space 8}{txt:=} {space 3}44.70524 {txt:(mean)}}{p_end}
{p2colreset}{...}
{txt}{p2colset 1 14 16 2}{...}
{p2col: }{space 2}{res:{txt:comp_stu}{space 8}{txt:=} {space 3}.1359266 {txt:(mean)}}{p_end}
{p2colreset}{...}

{txt}{p2colset 1 14 16 2}{...}
{p2col:43._at}:{space 1}{res:{txt:str}{space 13}{txt:=} {space 9}42}{p_end}
{p2colreset}{...}
{txt}{p2colset 1 14 16 2}{...}
{p2col: }{space 2}{res:{txt:expn_stu_t}{space 6}{txt:=} {space 3}5.312408 {txt:(mean)}}{p_end}
{p2colreset}{...}
{txt}{p2colset 1 14 16 2}{...}
{p2col: }{space 2}{res:{txt:avginc}{space 10}{txt:=} {space 3}15.31659 {txt:(mean)}}{p_end}
{p2colreset}{...}
{txt}{p2colset 1 14 16 2}{...}
{p2col: }{space 2}{res:{txt:el_pct}{space 10}{txt:=} {space 3}15.76816 {txt:(mean)}}{p_end}
{p2colreset}{...}
{txt}{p2colset 1 14 16 2}{...}
{p2col: }{space 2}{res:{txt:meal_pct}{space 8}{txt:=} {space 3}44.70524 {txt:(mean)}}{p_end}
{p2colreset}{...}
{txt}{p2colset 1 14 16 2}{...}
{p2col: }{space 2}{res:{txt:comp_stu}{space 8}{txt:=} {space 3}.1359266 {txt:(mean)}}{p_end}
{p2colreset}{...}

{txt}{p2colset 1 14 16 2}{...}
{p2col:44._at}:{space 1}{res:{txt:str}{space 13}{txt:=} {space 9}43}{p_end}
{p2colreset}{...}
{txt}{p2colset 1 14 16 2}{...}
{p2col: }{space 2}{res:{txt:expn_stu_t}{space 6}{txt:=} {space 3}5.312408 {txt:(mean)}}{p_end}
{p2colreset}{...}
{txt}{p2colset 1 14 16 2}{...}
{p2col: }{space 2}{res:{txt:avginc}{space 10}{txt:=} {space 3}15.31659 {txt:(mean)}}{p_end}
{p2colreset}{...}
{txt}{p2colset 1 14 16 2}{...}
{p2col: }{space 2}{res:{txt:el_pct}{space 10}{txt:=} {space 3}15.76816 {txt:(mean)}}{p_end}
{p2colreset}{...}
{txt}{p2colset 1 14 16 2}{...}
{p2col: }{space 2}{res:{txt:meal_pct}{space 8}{txt:=} {space 3}44.70524 {txt:(mean)}}{p_end}
{p2colreset}{...}
{txt}{p2colset 1 14 16 2}{...}
{p2col: }{space 2}{res:{txt:comp_stu}{space 8}{txt:=} {space 3}.1359266 {txt:(mean)}}{p_end}
{p2colreset}{...}

{txt}{p2colset 1 14 16 2}{...}
{p2col:45._at}:{space 1}{res:{txt:str}{space 13}{txt:=} {space 9}44}{p_end}
{p2colreset}{...}
{txt}{p2colset 1 14 16 2}{...}
{p2col: }{space 2}{res:{txt:expn_stu_t}{space 6}{txt:=} {space 3}5.312408 {txt:(mean)}}{p_end}
{p2colreset}{...}
{txt}{p2colset 1 14 16 2}{...}
{p2col: }{space 2}{res:{txt:avginc}{space 10}{txt:=} {space 3}15.31659 {txt:(mean)}}{p_end}
{p2colreset}{...}
{txt}{p2colset 1 14 16 2}{...}
{p2col: }{space 2}{res:{txt:el_pct}{space 10}{txt:=} {space 3}15.76816 {txt:(mean)}}{p_end}
{p2colreset}{...}
{txt}{p2colset 1 14 16 2}{...}
{p2col: }{space 2}{res:{txt:meal_pct}{space 8}{txt:=} {space 3}44.70524 {txt:(mean)}}{p_end}
{p2colreset}{...}
{txt}{p2colset 1 14 16 2}{...}
{p2col: }{space 2}{res:{txt:comp_stu}{space 8}{txt:=} {space 3}.1359266 {txt:(mean)}}{p_end}
{p2colreset}{...}

{txt}{p2colset 1 14 16 2}{...}
{p2col:46._at}:{space 1}{res:{txt:str}{space 13}{txt:=} {space 9}45}{p_end}
{p2colreset}{...}
{txt}{p2colset 1 14 16 2}{...}
{p2col: }{space 2}{res:{txt:expn_stu_t}{space 6}{txt:=} {space 3}5.312408 {txt:(mean)}}{p_end}
{p2colreset}{...}
{txt}{p2colset 1 14 16 2}{...}
{p2col: }{space 2}{res:{txt:avginc}{space 10}{txt:=} {space 3}15.31659 {txt:(mean)}}{p_end}
{p2colreset}{...}
{txt}{p2colset 1 14 16 2}{...}
{p2col: }{space 2}{res:{txt:el_pct}{space 10}{txt:=} {space 3}15.76816 {txt:(mean)}}{p_end}
{p2colreset}{...}
{txt}{p2colset 1 14 16 2}{...}
{p2col: }{space 2}{res:{txt:meal_pct}{space 8}{txt:=} {space 3}44.70524 {txt:(mean)}}{p_end}
{p2colreset}{...}
{txt}{p2colset 1 14 16 2}{...}
{p2col: }{space 2}{res:{txt:comp_stu}{space 8}{txt:=} {space 3}.1359266 {txt:(mean)}}{p_end}
{p2colreset}{...}

{txt}{p2colset 1 14 16 2}{...}
{p2col:47._at}:{space 1}{res:{txt:str}{space 13}{txt:=} {space 9}46}{p_end}
{p2colreset}{...}
{txt}{p2colset 1 14 16 2}{...}
{p2col: }{space 2}{res:{txt:expn_stu_t}{space 6}{txt:=} {space 3}5.312408 {txt:(mean)}}{p_end}
{p2colreset}{...}
{txt}{p2colset 1 14 16 2}{...}
{p2col: }{space 2}{res:{txt:avginc}{space 10}{txt:=} {space 3}15.31659 {txt:(mean)}}{p_end}
{p2colreset}{...}
{txt}{p2colset 1 14 16 2}{...}
{p2col: }{space 2}{res:{txt:el_pct}{space 10}{txt:=} {space 3}15.76816 {txt:(mean)}}{p_end}
{p2colreset}{...}
{txt}{p2colset 1 14 16 2}{...}
{p2col: }{space 2}{res:{txt:meal_pct}{space 8}{txt:=} {space 3}44.70524 {txt:(mean)}}{p_end}
{p2colreset}{...}
{txt}{p2colset 1 14 16 2}{...}
{p2col: }{space 2}{res:{txt:comp_stu}{space 8}{txt:=} {space 3}.1359266 {txt:(mean)}}{p_end}
{p2colreset}{...}

{txt}{p2colset 1 14 16 2}{...}
{p2col:48._at}:{space 1}{res:{txt:str}{space 13}{txt:=} {space 9}47}{p_end}
{p2colreset}{...}
{txt}{p2colset 1 14 16 2}{...}
{p2col: }{space 2}{res:{txt:expn_stu_t}{space 6}{txt:=} {space 3}5.312408 {txt:(mean)}}{p_end}
{p2colreset}{...}
{txt}{p2colset 1 14 16 2}{...}
{p2col: }{space 2}{res:{txt:avginc}{space 10}{txt:=} {space 3}15.31659 {txt:(mean)}}{p_end}
{p2colreset}{...}
{txt}{p2colset 1 14 16 2}{...}
{p2col: }{space 2}{res:{txt:el_pct}{space 10}{txt:=} {space 3}15.76816 {txt:(mean)}}{p_end}
{p2colreset}{...}
{txt}{p2colset 1 14 16 2}{...}
{p2col: }{space 2}{res:{txt:meal_pct}{space 8}{txt:=} {space 3}44.70524 {txt:(mean)}}{p_end}
{p2colreset}{...}
{txt}{p2colset 1 14 16 2}{...}
{p2col: }{space 2}{res:{txt:comp_stu}{space 8}{txt:=} {space 3}.1359266 {txt:(mean)}}{p_end}
{p2colreset}{...}

{txt}{p2colset 1 14 16 2}{...}
{p2col:49._at}:{space 1}{res:{txt:str}{space 13}{txt:=} {space 9}48}{p_end}
{p2colreset}{...}
{txt}{p2colset 1 14 16 2}{...}
{p2col: }{space 2}{res:{txt:expn_stu_t}{space 6}{txt:=} {space 3}5.312408 {txt:(mean)}}{p_end}
{p2colreset}{...}
{txt}{p2colset 1 14 16 2}{...}
{p2col: }{space 2}{res:{txt:avginc}{space 10}{txt:=} {space 3}15.31659 {txt:(mean)}}{p_end}
{p2colreset}{...}
{txt}{p2colset 1 14 16 2}{...}
{p2col: }{space 2}{res:{txt:el_pct}{space 10}{txt:=} {space 3}15.76816 {txt:(mean)}}{p_end}
{p2colreset}{...}
{txt}{p2colset 1 14 16 2}{...}
{p2col: }{space 2}{res:{txt:meal_pct}{space 8}{txt:=} {space 3}44.70524 {txt:(mean)}}{p_end}
{p2colreset}{...}
{txt}{p2colset 1 14 16 2}{...}
{p2col: }{space 2}{res:{txt:comp_stu}{space 8}{txt:=} {space 3}.1359266 {txt:(mean)}}{p_end}
{p2colreset}{...}

{txt}{p2colset 1 14 16 2}{...}
{p2col:50._at}:{space 1}{res:{txt:str}{space 13}{txt:=} {space 9}49}{p_end}
{p2colreset}{...}
{txt}{p2colset 1 14 16 2}{...}
{p2col: }{space 2}{res:{txt:expn_stu_t}{space 6}{txt:=} {space 3}5.312408 {txt:(mean)}}{p_end}
{p2colreset}{...}
{txt}{p2colset 1 14 16 2}{...}
{p2col: }{space 2}{res:{txt:avginc}{space 10}{txt:=} {space 3}15.31659 {txt:(mean)}}{p_end}
{p2colreset}{...}
{txt}{p2colset 1 14 16 2}{...}
{p2col: }{space 2}{res:{txt:el_pct}{space 10}{txt:=} {space 3}15.76816 {txt:(mean)}}{p_end}
{p2colreset}{...}
{txt}{p2colset 1 14 16 2}{...}
{p2col: }{space 2}{res:{txt:meal_pct}{space 8}{txt:=} {space 3}44.70524 {txt:(mean)}}{p_end}
{p2colreset}{...}
{txt}{p2colset 1 14 16 2}{...}
{p2col: }{space 2}{res:{txt:comp_stu}{space 8}{txt:=} {space 3}.1359266 {txt:(mean)}}{p_end}
{p2colreset}{...}

{txt}{p2colset 1 14 16 2}{...}
{p2col:51._at}:{space 1}{res:{txt:str}{space 13}{txt:=} {space 9}50}{p_end}
{p2colreset}{...}
{txt}{p2colset 1 14 16 2}{...}
{p2col: }{space 2}{res:{txt:expn_stu_t}{space 6}{txt:=} {space 3}5.312408 {txt:(mean)}}{p_end}
{p2colreset}{...}
{txt}{p2colset 1 14 16 2}{...}
{p2col: }{space 2}{res:{txt:avginc}{space 10}{txt:=} {space 3}15.31659 {txt:(mean)}}{p_end}
{p2colreset}{...}
{txt}{p2colset 1 14 16 2}{...}
{p2col: }{space 2}{res:{txt:el_pct}{space 10}{txt:=} {space 3}15.76816 {txt:(mean)}}{p_end}
{p2colreset}{...}
{txt}{p2colset 1 14 16 2}{...}
{p2col: }{space 2}{res:{txt:meal_pct}{space 8}{txt:=} {space 3}44.70524 {txt:(mean)}}{p_end}
{p2colreset}{...}
{txt}{p2colset 1 14 16 2}{...}
{p2col: }{space 2}{res:{txt:comp_stu}{space 8}{txt:=} {space 3}.1359266 {txt:(mean)}}{p_end}
{p2colreset}{...}

{txt}{p2colset 1 14 16 2}{...}
{p2col:52._at}:{space 1}{res:{txt:str}{space 13}{txt:=} {space 9}51}{p_end}
{p2colreset}{...}
{txt}{p2colset 1 14 16 2}{...}
{p2col: }{space 2}{res:{txt:expn_stu_t}{space 6}{txt:=} {space 3}5.312408 {txt:(mean)}}{p_end}
{p2colreset}{...}
{txt}{p2colset 1 14 16 2}{...}
{p2col: }{space 2}{res:{txt:avginc}{space 10}{txt:=} {space 3}15.31659 {txt:(mean)}}{p_end}
{p2colreset}{...}
{txt}{p2colset 1 14 16 2}{...}
{p2col: }{space 2}{res:{txt:el_pct}{space 10}{txt:=} {space 3}15.76816 {txt:(mean)}}{p_end}
{p2colreset}{...}
{txt}{p2colset 1 14 16 2}{...}
{p2col: }{space 2}{res:{txt:meal_pct}{space 8}{txt:=} {space 3}44.70524 {txt:(mean)}}{p_end}
{p2colreset}{...}
{txt}{p2colset 1 14 16 2}{...}
{p2col: }{space 2}{res:{txt:comp_stu}{space 8}{txt:=} {space 3}.1359266 {txt:(mean)}}{p_end}
{p2colreset}{...}

{txt}{p2colset 1 14 16 2}{...}
{p2col:53._at}:{space 1}{res:{txt:str}{space 13}{txt:=} {space 9}52}{p_end}
{p2colreset}{...}
{txt}{p2colset 1 14 16 2}{...}
{p2col: }{space 2}{res:{txt:expn_stu_t}{space 6}{txt:=} {space 3}5.312408 {txt:(mean)}}{p_end}
{p2colreset}{...}
{txt}{p2colset 1 14 16 2}{...}
{p2col: }{space 2}{res:{txt:avginc}{space 10}{txt:=} {space 3}15.31659 {txt:(mean)}}{p_end}
{p2colreset}{...}
{txt}{p2colset 1 14 16 2}{...}
{p2col: }{space 2}{res:{txt:el_pct}{space 10}{txt:=} {space 3}15.76816 {txt:(mean)}}{p_end}
{p2colreset}{...}
{txt}{p2colset 1 14 16 2}{...}
{p2col: }{space 2}{res:{txt:meal_pct}{space 8}{txt:=} {space 3}44.70524 {txt:(mean)}}{p_end}
{p2colreset}{...}
{txt}{p2colset 1 14 16 2}{...}
{p2col: }{space 2}{res:{txt:comp_stu}{space 8}{txt:=} {space 3}.1359266 {txt:(mean)}}{p_end}
{p2colreset}{...}

{txt}{p2colset 1 14 16 2}{...}
{p2col:54._at}:{space 1}{res:{txt:str}{space 13}{txt:=} {space 9}53}{p_end}
{p2colreset}{...}
{txt}{p2colset 1 14 16 2}{...}
{p2col: }{space 2}{res:{txt:expn_stu_t}{space 6}{txt:=} {space 3}5.312408 {txt:(mean)}}{p_end}
{p2colreset}{...}
{txt}{p2colset 1 14 16 2}{...}
{p2col: }{space 2}{res:{txt:avginc}{space 10}{txt:=} {space 3}15.31659 {txt:(mean)}}{p_end}
{p2colreset}{...}
{txt}{p2colset 1 14 16 2}{...}
{p2col: }{space 2}{res:{txt:el_pct}{space 10}{txt:=} {space 3}15.76816 {txt:(mean)}}{p_end}
{p2colreset}{...}
{txt}{p2colset 1 14 16 2}{...}
{p2col: }{space 2}{res:{txt:meal_pct}{space 8}{txt:=} {space 3}44.70524 {txt:(mean)}}{p_end}
{p2colreset}{...}
{txt}{p2colset 1 14 16 2}{...}
{p2col: }{space 2}{res:{txt:comp_stu}{space 8}{txt:=} {space 3}.1359266 {txt:(mean)}}{p_end}
{p2colreset}{...}

{txt}{p2colset 1 14 16 2}{...}
{p2col:55._at}:{space 1}{res:{txt:str}{space 13}{txt:=} {space 9}54}{p_end}
{p2colreset}{...}
{txt}{p2colset 1 14 16 2}{...}
{p2col: }{space 2}{res:{txt:expn_stu_t}{space 6}{txt:=} {space 3}5.312408 {txt:(mean)}}{p_end}
{p2colreset}{...}
{txt}{p2colset 1 14 16 2}{...}
{p2col: }{space 2}{res:{txt:avginc}{space 10}{txt:=} {space 3}15.31659 {txt:(mean)}}{p_end}
{p2colreset}{...}
{txt}{p2colset 1 14 16 2}{...}
{p2col: }{space 2}{res:{txt:el_pct}{space 10}{txt:=} {space 3}15.76816 {txt:(mean)}}{p_end}
{p2colreset}{...}
{txt}{p2colset 1 14 16 2}{...}
{p2col: }{space 2}{res:{txt:meal_pct}{space 8}{txt:=} {space 3}44.70524 {txt:(mean)}}{p_end}
{p2colreset}{...}
{txt}{p2colset 1 14 16 2}{...}
{p2col: }{space 2}{res:{txt:comp_stu}{space 8}{txt:=} {space 3}.1359266 {txt:(mean)}}{p_end}
{p2colreset}{...}

{txt}{p2colset 1 14 16 2}{...}
{p2col:56._at}:{space 1}{res:{txt:str}{space 13}{txt:=} {space 9}55}{p_end}
{p2colreset}{...}
{txt}{p2colset 1 14 16 2}{...}
{p2col: }{space 2}{res:{txt:expn_stu_t}{space 6}{txt:=} {space 3}5.312408 {txt:(mean)}}{p_end}
{p2colreset}{...}
{txt}{p2colset 1 14 16 2}{...}
{p2col: }{space 2}{res:{txt:avginc}{space 10}{txt:=} {space 3}15.31659 {txt:(mean)}}{p_end}
{p2colreset}{...}
{txt}{p2colset 1 14 16 2}{...}
{p2col: }{space 2}{res:{txt:el_pct}{space 10}{txt:=} {space 3}15.76816 {txt:(mean)}}{p_end}
{p2colreset}{...}
{txt}{p2colset 1 14 16 2}{...}
{p2col: }{space 2}{res:{txt:meal_pct}{space 8}{txt:=} {space 3}44.70524 {txt:(mean)}}{p_end}
{p2colreset}{...}
{txt}{p2colset 1 14 16 2}{...}
{p2col: }{space 2}{res:{txt:comp_stu}{space 8}{txt:=} {space 3}.1359266 {txt:(mean)}}{p_end}
{p2colreset}{...}

{txt}{p2colset 1 14 16 2}{...}
{p2col:57._at}:{space 1}{res:{txt:str}{space 13}{txt:=} {space 9}56}{p_end}
{p2colreset}{...}
{txt}{p2colset 1 14 16 2}{...}
{p2col: }{space 2}{res:{txt:expn_stu_t}{space 6}{txt:=} {space 3}5.312408 {txt:(mean)}}{p_end}
{p2colreset}{...}
{txt}{p2colset 1 14 16 2}{...}
{p2col: }{space 2}{res:{txt:avginc}{space 10}{txt:=} {space 3}15.31659 {txt:(mean)}}{p_end}
{p2colreset}{...}
{txt}{p2colset 1 14 16 2}{...}
{p2col: }{space 2}{res:{txt:el_pct}{space 10}{txt:=} {space 3}15.76816 {txt:(mean)}}{p_end}
{p2colreset}{...}
{txt}{p2colset 1 14 16 2}{...}
{p2col: }{space 2}{res:{txt:meal_pct}{space 8}{txt:=} {space 3}44.70524 {txt:(mean)}}{p_end}
{p2colreset}{...}
{txt}{p2colset 1 14 16 2}{...}
{p2col: }{space 2}{res:{txt:comp_stu}{space 8}{txt:=} {space 3}.1359266 {txt:(mean)}}{p_end}
{p2colreset}{...}

{txt}{p2colset 1 14 16 2}{...}
{p2col:58._at}:{space 1}{res:{txt:str}{space 13}{txt:=} {space 9}57}{p_end}
{p2colreset}{...}
{txt}{p2colset 1 14 16 2}{...}
{p2col: }{space 2}{res:{txt:expn_stu_t}{space 6}{txt:=} {space 3}5.312408 {txt:(mean)}}{p_end}
{p2colreset}{...}
{txt}{p2colset 1 14 16 2}{...}
{p2col: }{space 2}{res:{txt:avginc}{space 10}{txt:=} {space 3}15.31659 {txt:(mean)}}{p_end}
{p2colreset}{...}
{txt}{p2colset 1 14 16 2}{...}
{p2col: }{space 2}{res:{txt:el_pct}{space 10}{txt:=} {space 3}15.76816 {txt:(mean)}}{p_end}
{p2colreset}{...}
{txt}{p2colset 1 14 16 2}{...}
{p2col: }{space 2}{res:{txt:meal_pct}{space 8}{txt:=} {space 3}44.70524 {txt:(mean)}}{p_end}
{p2colreset}{...}
{txt}{p2colset 1 14 16 2}{...}
{p2col: }{space 2}{res:{txt:comp_stu}{space 8}{txt:=} {space 3}.1359266 {txt:(mean)}}{p_end}
{p2colreset}{...}

{txt}{p2colset 1 14 16 2}{...}
{p2col:59._at}:{space 1}{res:{txt:str}{space 13}{txt:=} {space 9}58}{p_end}
{p2colreset}{...}
{txt}{p2colset 1 14 16 2}{...}
{p2col: }{space 2}{res:{txt:expn_stu_t}{space 6}{txt:=} {space 3}5.312408 {txt:(mean)}}{p_end}
{p2colreset}{...}
{txt}{p2colset 1 14 16 2}{...}
{p2col: }{space 2}{res:{txt:avginc}{space 10}{txt:=} {space 3}15.31659 {txt:(mean)}}{p_end}
{p2colreset}{...}
{txt}{p2colset 1 14 16 2}{...}
{p2col: }{space 2}{res:{txt:el_pct}{space 10}{txt:=} {space 3}15.76816 {txt:(mean)}}{p_end}
{p2colreset}{...}
{txt}{p2colset 1 14 16 2}{...}
{p2col: }{space 2}{res:{txt:meal_pct}{space 8}{txt:=} {space 3}44.70524 {txt:(mean)}}{p_end}
{p2colreset}{...}
{txt}{p2colset 1 14 16 2}{...}
{p2col: }{space 2}{res:{txt:comp_stu}{space 8}{txt:=} {space 3}.1359266 {txt:(mean)}}{p_end}
{p2colreset}{...}

{txt}{p2colset 1 14 16 2}{...}
{p2col:60._at}:{space 1}{res:{txt:str}{space 13}{txt:=} {space 9}59}{p_end}
{p2colreset}{...}
{txt}{p2colset 1 14 16 2}{...}
{p2col: }{space 2}{res:{txt:expn_stu_t}{space 6}{txt:=} {space 3}5.312408 {txt:(mean)}}{p_end}
{p2colreset}{...}
{txt}{p2colset 1 14 16 2}{...}
{p2col: }{space 2}{res:{txt:avginc}{space 10}{txt:=} {space 3}15.31659 {txt:(mean)}}{p_end}
{p2colreset}{...}
{txt}{p2colset 1 14 16 2}{...}
{p2col: }{space 2}{res:{txt:el_pct}{space 10}{txt:=} {space 3}15.76816 {txt:(mean)}}{p_end}
{p2colreset}{...}
{txt}{p2colset 1 14 16 2}{...}
{p2col: }{space 2}{res:{txt:meal_pct}{space 8}{txt:=} {space 3}44.70524 {txt:(mean)}}{p_end}
{p2colreset}{...}
{txt}{p2colset 1 14 16 2}{...}
{p2col: }{space 2}{res:{txt:comp_stu}{space 8}{txt:=} {space 3}.1359266 {txt:(mean)}}{p_end}
{p2colreset}{...}

{txt}{p2colset 1 14 16 2}{...}
{p2col:61._at}:{space 1}{res:{txt:str}{space 13}{txt:=} {space 9}60}{p_end}
{p2colreset}{...}
{txt}{p2colset 1 14 16 2}{...}
{p2col: }{space 2}{res:{txt:expn_stu_t}{space 6}{txt:=} {space 3}5.312408 {txt:(mean)}}{p_end}
{p2colreset}{...}
{txt}{p2colset 1 14 16 2}{...}
{p2col: }{space 2}{res:{txt:avginc}{space 10}{txt:=} {space 3}15.31659 {txt:(mean)}}{p_end}
{p2colreset}{...}
{txt}{p2colset 1 14 16 2}{...}
{p2col: }{space 2}{res:{txt:el_pct}{space 10}{txt:=} {space 3}15.76816 {txt:(mean)}}{p_end}
{p2colreset}{...}
{txt}{p2colset 1 14 16 2}{...}
{p2col: }{space 2}{res:{txt:meal_pct}{space 8}{txt:=} {space 3}44.70524 {txt:(mean)}}{p_end}
{p2colreset}{...}
{txt}{p2colset 1 14 16 2}{...}
{p2col: }{space 2}{res:{txt:comp_stu}{space 8}{txt:=} {space 3}.1359266 {txt:(mean)}}{p_end}
{p2colreset}{...}

{txt}{p2colset 1 14 16 2}{...}
{p2col:62._at}:{space 1}{res:{txt:str}{space 13}{txt:=} {space 9}61}{p_end}
{p2colreset}{...}
{txt}{p2colset 1 14 16 2}{...}
{p2col: }{space 2}{res:{txt:expn_stu_t}{space 6}{txt:=} {space 3}5.312408 {txt:(mean)}}{p_end}
{p2colreset}{...}
{txt}{p2colset 1 14 16 2}{...}
{p2col: }{space 2}{res:{txt:avginc}{space 10}{txt:=} {space 3}15.31659 {txt:(mean)}}{p_end}
{p2colreset}{...}
{txt}{p2colset 1 14 16 2}{...}
{p2col: }{space 2}{res:{txt:el_pct}{space 10}{txt:=} {space 3}15.76816 {txt:(mean)}}{p_end}
{p2colreset}{...}
{txt}{p2colset 1 14 16 2}{...}
{p2col: }{space 2}{res:{txt:meal_pct}{space 8}{txt:=} {space 3}44.70524 {txt:(mean)}}{p_end}
{p2colreset}{...}
{txt}{p2colset 1 14 16 2}{...}
{p2col: }{space 2}{res:{txt:comp_stu}{space 8}{txt:=} {space 3}.1359266 {txt:(mean)}}{p_end}
{p2colreset}{...}

{txt}{p2colset 1 14 16 2}{...}
{p2col:63._at}:{space 1}{res:{txt:str}{space 13}{txt:=} {space 9}62}{p_end}
{p2colreset}{...}
{txt}{p2colset 1 14 16 2}{...}
{p2col: }{space 2}{res:{txt:expn_stu_t}{space 6}{txt:=} {space 3}5.312408 {txt:(mean)}}{p_end}
{p2colreset}{...}
{txt}{p2colset 1 14 16 2}{...}
{p2col: }{space 2}{res:{txt:avginc}{space 10}{txt:=} {space 3}15.31659 {txt:(mean)}}{p_end}
{p2colreset}{...}
{txt}{p2colset 1 14 16 2}{...}
{p2col: }{space 2}{res:{txt:el_pct}{space 10}{txt:=} {space 3}15.76816 {txt:(mean)}}{p_end}
{p2colreset}{...}
{txt}{p2colset 1 14 16 2}{...}
{p2col: }{space 2}{res:{txt:meal_pct}{space 8}{txt:=} {space 3}44.70524 {txt:(mean)}}{p_end}
{p2colreset}{...}
{txt}{p2colset 1 14 16 2}{...}
{p2col: }{space 2}{res:{txt:comp_stu}{space 8}{txt:=} {space 3}.1359266 {txt:(mean)}}{p_end}
{p2colreset}{...}

{txt}{p2colset 1 14 16 2}{...}
{p2col:64._at}:{space 1}{res:{txt:str}{space 13}{txt:=} {space 9}63}{p_end}
{p2colreset}{...}
{txt}{p2colset 1 14 16 2}{...}
{p2col: }{space 2}{res:{txt:expn_stu_t}{space 6}{txt:=} {space 3}5.312408 {txt:(mean)}}{p_end}
{p2colreset}{...}
{txt}{p2colset 1 14 16 2}{...}
{p2col: }{space 2}{res:{txt:avginc}{space 10}{txt:=} {space 3}15.31659 {txt:(mean)}}{p_end}
{p2colreset}{...}
{txt}{p2colset 1 14 16 2}{...}
{p2col: }{space 2}{res:{txt:el_pct}{space 10}{txt:=} {space 3}15.76816 {txt:(mean)}}{p_end}
{p2colreset}{...}
{txt}{p2colset 1 14 16 2}{...}
{p2col: }{space 2}{res:{txt:meal_pct}{space 8}{txt:=} {space 3}44.70524 {txt:(mean)}}{p_end}
{p2colreset}{...}
{txt}{p2colset 1 14 16 2}{...}
{p2col: }{space 2}{res:{txt:comp_stu}{space 8}{txt:=} {space 3}.1359266 {txt:(mean)}}{p_end}
{p2colreset}{...}

{txt}{p2colset 1 14 16 2}{...}
{p2col:65._at}:{space 1}{res:{txt:str}{space 13}{txt:=} {space 9}64}{p_end}
{p2colreset}{...}
{txt}{p2colset 1 14 16 2}{...}
{p2col: }{space 2}{res:{txt:expn_stu_t}{space 6}{txt:=} {space 3}5.312408 {txt:(mean)}}{p_end}
{p2colreset}{...}
{txt}{p2colset 1 14 16 2}{...}
{p2col: }{space 2}{res:{txt:avginc}{space 10}{txt:=} {space 3}15.31659 {txt:(mean)}}{p_end}
{p2colreset}{...}
{txt}{p2colset 1 14 16 2}{...}
{p2col: }{space 2}{res:{txt:el_pct}{space 10}{txt:=} {space 3}15.76816 {txt:(mean)}}{p_end}
{p2colreset}{...}
{txt}{p2colset 1 14 16 2}{...}
{p2col: }{space 2}{res:{txt:meal_pct}{space 8}{txt:=} {space 3}44.70524 {txt:(mean)}}{p_end}
{p2colreset}{...}
{txt}{p2colset 1 14 16 2}{...}
{p2col: }{space 2}{res:{txt:comp_stu}{space 8}{txt:=} {space 3}.1359266 {txt:(mean)}}{p_end}
{p2colreset}{...}

{txt}{p2colset 1 14 16 2}{...}
{p2col:66._at}:{space 1}{res:{txt:str}{space 13}{txt:=} {space 9}65}{p_end}
{p2colreset}{...}
{txt}{p2colset 1 14 16 2}{...}
{p2col: }{space 2}{res:{txt:expn_stu_t}{space 6}{txt:=} {space 3}5.312408 {txt:(mean)}}{p_end}
{p2colreset}{...}
{txt}{p2colset 1 14 16 2}{...}
{p2col: }{space 2}{res:{txt:avginc}{space 10}{txt:=} {space 3}15.31659 {txt:(mean)}}{p_end}
{p2colreset}{...}
{txt}{p2colset 1 14 16 2}{...}
{p2col: }{space 2}{res:{txt:el_pct}{space 10}{txt:=} {space 3}15.76816 {txt:(mean)}}{p_end}
{p2colreset}{...}
{txt}{p2colset 1 14 16 2}{...}
{p2col: }{space 2}{res:{txt:meal_pct}{space 8}{txt:=} {space 3}44.70524 {txt:(mean)}}{p_end}
{p2colreset}{...}
{txt}{p2colset 1 14 16 2}{...}
{p2col: }{space 2}{res:{txt:comp_stu}{space 8}{txt:=} {space 3}.1359266 {txt:(mean)}}{p_end}
{p2colreset}{...}

{txt}{p2colset 1 14 16 2}{...}
{p2col:67._at}:{space 1}{res:{txt:str}{space 13}{txt:=} {space 9}66}{p_end}
{p2colreset}{...}
{txt}{p2colset 1 14 16 2}{...}
{p2col: }{space 2}{res:{txt:expn_stu_t}{space 6}{txt:=} {space 3}5.312408 {txt:(mean)}}{p_end}
{p2colreset}{...}
{txt}{p2colset 1 14 16 2}{...}
{p2col: }{space 2}{res:{txt:avginc}{space 10}{txt:=} {space 3}15.31659 {txt:(mean)}}{p_end}
{p2colreset}{...}
{txt}{p2colset 1 14 16 2}{...}
{p2col: }{space 2}{res:{txt:el_pct}{space 10}{txt:=} {space 3}15.76816 {txt:(mean)}}{p_end}
{p2colreset}{...}
{txt}{p2colset 1 14 16 2}{...}
{p2col: }{space 2}{res:{txt:meal_pct}{space 8}{txt:=} {space 3}44.70524 {txt:(mean)}}{p_end}
{p2colreset}{...}
{txt}{p2colset 1 14 16 2}{...}
{p2col: }{space 2}{res:{txt:comp_stu}{space 8}{txt:=} {space 3}.1359266 {txt:(mean)}}{p_end}
{p2colreset}{...}

{txt}{p2colset 1 14 16 2}{...}
{p2col:68._at}:{space 1}{res:{txt:str}{space 13}{txt:=} {space 9}67}{p_end}
{p2colreset}{...}
{txt}{p2colset 1 14 16 2}{...}
{p2col: }{space 2}{res:{txt:expn_stu_t}{space 6}{txt:=} {space 3}5.312408 {txt:(mean)}}{p_end}
{p2colreset}{...}
{txt}{p2colset 1 14 16 2}{...}
{p2col: }{space 2}{res:{txt:avginc}{space 10}{txt:=} {space 3}15.31659 {txt:(mean)}}{p_end}
{p2colreset}{...}
{txt}{p2colset 1 14 16 2}{...}
{p2col: }{space 2}{res:{txt:el_pct}{space 10}{txt:=} {space 3}15.76816 {txt:(mean)}}{p_end}
{p2colreset}{...}
{txt}{p2colset 1 14 16 2}{...}
{p2col: }{space 2}{res:{txt:meal_pct}{space 8}{txt:=} {space 3}44.70524 {txt:(mean)}}{p_end}
{p2colreset}{...}
{txt}{p2colset 1 14 16 2}{...}
{p2col: }{space 2}{res:{txt:comp_stu}{space 8}{txt:=} {space 3}.1359266 {txt:(mean)}}{p_end}
{p2colreset}{...}

{txt}{p2colset 1 14 16 2}{...}
{p2col:69._at}:{space 1}{res:{txt:str}{space 13}{txt:=} {space 9}68}{p_end}
{p2colreset}{...}
{txt}{p2colset 1 14 16 2}{...}
{p2col: }{space 2}{res:{txt:expn_stu_t}{space 6}{txt:=} {space 3}5.312408 {txt:(mean)}}{p_end}
{p2colreset}{...}
{txt}{p2colset 1 14 16 2}{...}
{p2col: }{space 2}{res:{txt:avginc}{space 10}{txt:=} {space 3}15.31659 {txt:(mean)}}{p_end}
{p2colreset}{...}
{txt}{p2colset 1 14 16 2}{...}
{p2col: }{space 2}{res:{txt:el_pct}{space 10}{txt:=} {space 3}15.76816 {txt:(mean)}}{p_end}
{p2colreset}{...}
{txt}{p2colset 1 14 16 2}{...}
{p2col: }{space 2}{res:{txt:meal_pct}{space 8}{txt:=} {space 3}44.70524 {txt:(mean)}}{p_end}
{p2colreset}{...}
{txt}{p2colset 1 14 16 2}{...}
{p2col: }{space 2}{res:{txt:comp_stu}{space 8}{txt:=} {space 3}.1359266 {txt:(mean)}}{p_end}
{p2colreset}{...}

{txt}{p2colset 1 14 16 2}{...}
{p2col:70._at}:{space 1}{res:{txt:str}{space 13}{txt:=} {space 9}69}{p_end}
{p2colreset}{...}
{txt}{p2colset 1 14 16 2}{...}
{p2col: }{space 2}{res:{txt:expn_stu_t}{space 6}{txt:=} {space 3}5.312408 {txt:(mean)}}{p_end}
{p2colreset}{...}
{txt}{p2colset 1 14 16 2}{...}
{p2col: }{space 2}{res:{txt:avginc}{space 10}{txt:=} {space 3}15.31659 {txt:(mean)}}{p_end}
{p2colreset}{...}
{txt}{p2colset 1 14 16 2}{...}
{p2col: }{space 2}{res:{txt:el_pct}{space 10}{txt:=} {space 3}15.76816 {txt:(mean)}}{p_end}
{p2colreset}{...}
{txt}{p2colset 1 14 16 2}{...}
{p2col: }{space 2}{res:{txt:meal_pct}{space 8}{txt:=} {space 3}44.70524 {txt:(mean)}}{p_end}
{p2colreset}{...}
{txt}{p2colset 1 14 16 2}{...}
{p2col: }{space 2}{res:{txt:comp_stu}{space 8}{txt:=} {space 3}.1359266 {txt:(mean)}}{p_end}
{p2colreset}{...}

{txt}{p2colset 1 14 16 2}{...}
{p2col:71._at}:{space 1}{res:{txt:str}{space 13}{txt:=} {space 9}70}{p_end}
{p2colreset}{...}
{txt}{p2colset 1 14 16 2}{...}
{p2col: }{space 2}{res:{txt:expn_stu_t}{space 6}{txt:=} {space 3}5.312408 {txt:(mean)}}{p_end}
{p2colreset}{...}
{txt}{p2colset 1 14 16 2}{...}
{p2col: }{space 2}{res:{txt:avginc}{space 10}{txt:=} {space 3}15.31659 {txt:(mean)}}{p_end}
{p2colreset}{...}
{txt}{p2colset 1 14 16 2}{...}
{p2col: }{space 2}{res:{txt:el_pct}{space 10}{txt:=} {space 3}15.76816 {txt:(mean)}}{p_end}
{p2colreset}{...}
{txt}{p2colset 1 14 16 2}{...}
{p2col: }{space 2}{res:{txt:meal_pct}{space 8}{txt:=} {space 3}44.70524 {txt:(mean)}}{p_end}
{p2colreset}{...}
{txt}{p2colset 1 14 16 2}{...}
{p2col: }{space 2}{res:{txt:comp_stu}{space 8}{txt:=} {space 3}.1359266 {txt:(mean)}}{p_end}
{p2colreset}{...}

{txt}{p2colset 1 14 16 2}{...}
{p2col:72._at}:{space 1}{res:{txt:str}{space 13}{txt:=} {space 9}71}{p_end}
{p2colreset}{...}
{txt}{p2colset 1 14 16 2}{...}
{p2col: }{space 2}{res:{txt:expn_stu_t}{space 6}{txt:=} {space 3}5.312408 {txt:(mean)}}{p_end}
{p2colreset}{...}
{txt}{p2colset 1 14 16 2}{...}
{p2col: }{space 2}{res:{txt:avginc}{space 10}{txt:=} {space 3}15.31659 {txt:(mean)}}{p_end}
{p2colreset}{...}
{txt}{p2colset 1 14 16 2}{...}
{p2col: }{space 2}{res:{txt:el_pct}{space 10}{txt:=} {space 3}15.76816 {txt:(mean)}}{p_end}
{p2colreset}{...}
{txt}{p2colset 1 14 16 2}{...}
{p2col: }{space 2}{res:{txt:meal_pct}{space 8}{txt:=} {space 3}44.70524 {txt:(mean)}}{p_end}
{p2colreset}{...}
{txt}{p2colset 1 14 16 2}{...}
{p2col: }{space 2}{res:{txt:comp_stu}{space 8}{txt:=} {space 3}.1359266 {txt:(mean)}}{p_end}
{p2colreset}{...}

{txt}{p2colset 1 14 16 2}{...}
{p2col:73._at}:{space 1}{res:{txt:str}{space 13}{txt:=} {space 9}72}{p_end}
{p2colreset}{...}
{txt}{p2colset 1 14 16 2}{...}
{p2col: }{space 2}{res:{txt:expn_stu_t}{space 6}{txt:=} {space 3}5.312408 {txt:(mean)}}{p_end}
{p2colreset}{...}
{txt}{p2colset 1 14 16 2}{...}
{p2col: }{space 2}{res:{txt:avginc}{space 10}{txt:=} {space 3}15.31659 {txt:(mean)}}{p_end}
{p2colreset}{...}
{txt}{p2colset 1 14 16 2}{...}
{p2col: }{space 2}{res:{txt:el_pct}{space 10}{txt:=} {space 3}15.76816 {txt:(mean)}}{p_end}
{p2colreset}{...}
{txt}{p2colset 1 14 16 2}{...}
{p2col: }{space 2}{res:{txt:meal_pct}{space 8}{txt:=} {space 3}44.70524 {txt:(mean)}}{p_end}
{p2colreset}{...}
{txt}{p2colset 1 14 16 2}{...}
{p2col: }{space 2}{res:{txt:comp_stu}{space 8}{txt:=} {space 3}.1359266 {txt:(mean)}}{p_end}
{p2colreset}{...}

{txt}{p2colset 1 14 16 2}{...}
{p2col:74._at}:{space 1}{res:{txt:str}{space 13}{txt:=} {space 9}73}{p_end}
{p2colreset}{...}
{txt}{p2colset 1 14 16 2}{...}
{p2col: }{space 2}{res:{txt:expn_stu_t}{space 6}{txt:=} {space 3}5.312408 {txt:(mean)}}{p_end}
{p2colreset}{...}
{txt}{p2colset 1 14 16 2}{...}
{p2col: }{space 2}{res:{txt:avginc}{space 10}{txt:=} {space 3}15.31659 {txt:(mean)}}{p_end}
{p2colreset}{...}
{txt}{p2colset 1 14 16 2}{...}
{p2col: }{space 2}{res:{txt:el_pct}{space 10}{txt:=} {space 3}15.76816 {txt:(mean)}}{p_end}
{p2colreset}{...}
{txt}{p2colset 1 14 16 2}{...}
{p2col: }{space 2}{res:{txt:meal_pct}{space 8}{txt:=} {space 3}44.70524 {txt:(mean)}}{p_end}
{p2colreset}{...}
{txt}{p2colset 1 14 16 2}{...}
{p2col: }{space 2}{res:{txt:comp_stu}{space 8}{txt:=} {space 3}.1359266 {txt:(mean)}}{p_end}
{p2colreset}{...}

{txt}{p2colset 1 14 16 2}{...}
{p2col:75._at}:{space 1}{res:{txt:str}{space 13}{txt:=} {space 9}74}{p_end}
{p2colreset}{...}
{txt}{p2colset 1 14 16 2}{...}
{p2col: }{space 2}{res:{txt:expn_stu_t}{space 6}{txt:=} {space 3}5.312408 {txt:(mean)}}{p_end}
{p2colreset}{...}
{txt}{p2colset 1 14 16 2}{...}
{p2col: }{space 2}{res:{txt:avginc}{space 10}{txt:=} {space 3}15.31659 {txt:(mean)}}{p_end}
{p2colreset}{...}
{txt}{p2colset 1 14 16 2}{...}
{p2col: }{space 2}{res:{txt:el_pct}{space 10}{txt:=} {space 3}15.76816 {txt:(mean)}}{p_end}
{p2colreset}{...}
{txt}{p2colset 1 14 16 2}{...}
{p2col: }{space 2}{res:{txt:meal_pct}{space 8}{txt:=} {space 3}44.70524 {txt:(mean)}}{p_end}
{p2colreset}{...}
{txt}{p2colset 1 14 16 2}{...}
{p2col: }{space 2}{res:{txt:comp_stu}{space 8}{txt:=} {space 3}.1359266 {txt:(mean)}}{p_end}
{p2colreset}{...}

{txt}{p2colset 1 14 16 2}{...}
{p2col:76._at}:{space 1}{res:{txt:str}{space 13}{txt:=} {space 9}75}{p_end}
{p2colreset}{...}
{txt}{p2colset 1 14 16 2}{...}
{p2col: }{space 2}{res:{txt:expn_stu_t}{space 6}{txt:=} {space 3}5.312408 {txt:(mean)}}{p_end}
{p2colreset}{...}
{txt}{p2colset 1 14 16 2}{...}
{p2col: }{space 2}{res:{txt:avginc}{space 10}{txt:=} {space 3}15.31659 {txt:(mean)}}{p_end}
{p2colreset}{...}
{txt}{p2colset 1 14 16 2}{...}
{p2col: }{space 2}{res:{txt:el_pct}{space 10}{txt:=} {space 3}15.76816 {txt:(mean)}}{p_end}
{p2colreset}{...}
{txt}{p2colset 1 14 16 2}{...}
{p2col: }{space 2}{res:{txt:meal_pct}{space 8}{txt:=} {space 3}44.70524 {txt:(mean)}}{p_end}
{p2colreset}{...}
{txt}{p2colset 1 14 16 2}{...}
{p2col: }{space 2}{res:{txt:comp_stu}{space 8}{txt:=} {space 3}.1359266 {txt:(mean)}}{p_end}
{p2colreset}{...}

{txt}{p2colset 1 14 16 2}{...}
{p2col:77._at}:{space 1}{res:{txt:str}{space 13}{txt:=} {space 9}76}{p_end}
{p2colreset}{...}
{txt}{p2colset 1 14 16 2}{...}
{p2col: }{space 2}{res:{txt:expn_stu_t}{space 6}{txt:=} {space 3}5.312408 {txt:(mean)}}{p_end}
{p2colreset}{...}
{txt}{p2colset 1 14 16 2}{...}
{p2col: }{space 2}{res:{txt:avginc}{space 10}{txt:=} {space 3}15.31659 {txt:(mean)}}{p_end}
{p2colreset}{...}
{txt}{p2colset 1 14 16 2}{...}
{p2col: }{space 2}{res:{txt:el_pct}{space 10}{txt:=} {space 3}15.76816 {txt:(mean)}}{p_end}
{p2colreset}{...}
{txt}{p2colset 1 14 16 2}{...}
{p2col: }{space 2}{res:{txt:meal_pct}{space 8}{txt:=} {space 3}44.70524 {txt:(mean)}}{p_end}
{p2colreset}{...}
{txt}{p2colset 1 14 16 2}{...}
{p2col: }{space 2}{res:{txt:comp_stu}{space 8}{txt:=} {space 3}.1359266 {txt:(mean)}}{p_end}
{p2colreset}{...}

{txt}{p2colset 1 14 16 2}{...}
{p2col:78._at}:{space 1}{res:{txt:str}{space 13}{txt:=} {space 9}77}{p_end}
{p2colreset}{...}
{txt}{p2colset 1 14 16 2}{...}
{p2col: }{space 2}{res:{txt:expn_stu_t}{space 6}{txt:=} {space 3}5.312408 {txt:(mean)}}{p_end}
{p2colreset}{...}
{txt}{p2colset 1 14 16 2}{...}
{p2col: }{space 2}{res:{txt:avginc}{space 10}{txt:=} {space 3}15.31659 {txt:(mean)}}{p_end}
{p2colreset}{...}
{txt}{p2colset 1 14 16 2}{...}
{p2col: }{space 2}{res:{txt:el_pct}{space 10}{txt:=} {space 3}15.76816 {txt:(mean)}}{p_end}
{p2colreset}{...}
{txt}{p2colset 1 14 16 2}{...}
{p2col: }{space 2}{res:{txt:meal_pct}{space 8}{txt:=} {space 3}44.70524 {txt:(mean)}}{p_end}
{p2colreset}{...}
{txt}{p2colset 1 14 16 2}{...}
{p2col: }{space 2}{res:{txt:comp_stu}{space 8}{txt:=} {space 3}.1359266 {txt:(mean)}}{p_end}
{p2colreset}{...}

{txt}{p2colset 1 14 16 2}{...}
{p2col:79._at}:{space 1}{res:{txt:str}{space 13}{txt:=} {space 9}78}{p_end}
{p2colreset}{...}
{txt}{p2colset 1 14 16 2}{...}
{p2col: }{space 2}{res:{txt:expn_stu_t}{space 6}{txt:=} {space 3}5.312408 {txt:(mean)}}{p_end}
{p2colreset}{...}
{txt}{p2colset 1 14 16 2}{...}
{p2col: }{space 2}{res:{txt:avginc}{space 10}{txt:=} {space 3}15.31659 {txt:(mean)}}{p_end}
{p2colreset}{...}
{txt}{p2colset 1 14 16 2}{...}
{p2col: }{space 2}{res:{txt:el_pct}{space 10}{txt:=} {space 3}15.76816 {txt:(mean)}}{p_end}
{p2colreset}{...}
{txt}{p2colset 1 14 16 2}{...}
{p2col: }{space 2}{res:{txt:meal_pct}{space 8}{txt:=} {space 3}44.70524 {txt:(mean)}}{p_end}
{p2colreset}{...}
{txt}{p2colset 1 14 16 2}{...}
{p2col: }{space 2}{res:{txt:comp_stu}{space 8}{txt:=} {space 3}.1359266 {txt:(mean)}}{p_end}
{p2colreset}{...}

{txt}{p2colset 1 14 16 2}{...}
{p2col:80._at}:{space 1}{res:{txt:str}{space 13}{txt:=} {space 9}79}{p_end}
{p2colreset}{...}
{txt}{p2colset 1 14 16 2}{...}
{p2col: }{space 2}{res:{txt:expn_stu_t}{space 6}{txt:=} {space 3}5.312408 {txt:(mean)}}{p_end}
{p2colreset}{...}
{txt}{p2colset 1 14 16 2}{...}
{p2col: }{space 2}{res:{txt:avginc}{space 10}{txt:=} {space 3}15.31659 {txt:(mean)}}{p_end}
{p2colreset}{...}
{txt}{p2colset 1 14 16 2}{...}
{p2col: }{space 2}{res:{txt:el_pct}{space 10}{txt:=} {space 3}15.76816 {txt:(mean)}}{p_end}
{p2colreset}{...}
{txt}{p2colset 1 14 16 2}{...}
{p2col: }{space 2}{res:{txt:meal_pct}{space 8}{txt:=} {space 3}44.70524 {txt:(mean)}}{p_end}
{p2colreset}{...}
{txt}{p2colset 1 14 16 2}{...}
{p2col: }{space 2}{res:{txt:comp_stu}{space 8}{txt:=} {space 3}.1359266 {txt:(mean)}}{p_end}
{p2colreset}{...}

{txt}{p2colset 1 14 16 2}{...}
{p2col:81._at}:{space 1}{res:{txt:str}{space 13}{txt:=} {space 9}80}{p_end}
{p2colreset}{...}
{txt}{p2colset 1 14 16 2}{...}
{p2col: }{space 2}{res:{txt:expn_stu_t}{space 6}{txt:=} {space 3}5.312408 {txt:(mean)}}{p_end}
{p2colreset}{...}
{txt}{p2colset 1 14 16 2}{...}
{p2col: }{space 2}{res:{txt:avginc}{space 10}{txt:=} {space 3}15.31659 {txt:(mean)}}{p_end}
{p2colreset}{...}
{txt}{p2colset 1 14 16 2}{...}
{p2col: }{space 2}{res:{txt:el_pct}{space 10}{txt:=} {space 3}15.76816 {txt:(mean)}}{p_end}
{p2colreset}{...}
{txt}{p2colset 1 14 16 2}{...}
{p2col: }{space 2}{res:{txt:meal_pct}{space 8}{txt:=} {space 3}44.70524 {txt:(mean)}}{p_end}
{p2colreset}{...}
{txt}{p2colset 1 14 16 2}{...}
{p2col: }{space 2}{res:{txt:comp_stu}{space 8}{txt:=} {space 3}.1359266 {txt:(mean)}}{p_end}
{p2colreset}{...}

{txt}{p2colset 1 14 16 2}{...}
{p2col:82._at}:{space 1}{res:{txt:str}{space 13}{txt:=} {space 9}81}{p_end}
{p2colreset}{...}
{txt}{p2colset 1 14 16 2}{...}
{p2col: }{space 2}{res:{txt:expn_stu_t}{space 6}{txt:=} {space 3}5.312408 {txt:(mean)}}{p_end}
{p2colreset}{...}
{txt}{p2colset 1 14 16 2}{...}
{p2col: }{space 2}{res:{txt:avginc}{space 10}{txt:=} {space 3}15.31659 {txt:(mean)}}{p_end}
{p2colreset}{...}
{txt}{p2colset 1 14 16 2}{...}
{p2col: }{space 2}{res:{txt:el_pct}{space 10}{txt:=} {space 3}15.76816 {txt:(mean)}}{p_end}
{p2colreset}{...}
{txt}{p2colset 1 14 16 2}{...}
{p2col: }{space 2}{res:{txt:meal_pct}{space 8}{txt:=} {space 3}44.70524 {txt:(mean)}}{p_end}
{p2colreset}{...}
{txt}{p2colset 1 14 16 2}{...}
{p2col: }{space 2}{res:{txt:comp_stu}{space 8}{txt:=} {space 3}.1359266 {txt:(mean)}}{p_end}
{p2colreset}{...}

{txt}{p2colset 1 14 16 2}{...}
{p2col:83._at}:{space 1}{res:{txt:str}{space 13}{txt:=} {space 9}82}{p_end}
{p2colreset}{...}
{txt}{p2colset 1 14 16 2}{...}
{p2col: }{space 2}{res:{txt:expn_stu_t}{space 6}{txt:=} {space 3}5.312408 {txt:(mean)}}{p_end}
{p2colreset}{...}
{txt}{p2colset 1 14 16 2}{...}
{p2col: }{space 2}{res:{txt:avginc}{space 10}{txt:=} {space 3}15.31659 {txt:(mean)}}{p_end}
{p2colreset}{...}
{txt}{p2colset 1 14 16 2}{...}
{p2col: }{space 2}{res:{txt:el_pct}{space 10}{txt:=} {space 3}15.76816 {txt:(mean)}}{p_end}
{p2colreset}{...}
{txt}{p2colset 1 14 16 2}{...}
{p2col: }{space 2}{res:{txt:meal_pct}{space 8}{txt:=} {space 3}44.70524 {txt:(mean)}}{p_end}
{p2colreset}{...}
{txt}{p2colset 1 14 16 2}{...}
{p2col: }{space 2}{res:{txt:comp_stu}{space 8}{txt:=} {space 3}.1359266 {txt:(mean)}}{p_end}
{p2colreset}{...}

{txt}{p2colset 1 14 16 2}{...}
{p2col:84._at}:{space 1}{res:{txt:str}{space 13}{txt:=} {space 9}83}{p_end}
{p2colreset}{...}
{txt}{p2colset 1 14 16 2}{...}
{p2col: }{space 2}{res:{txt:expn_stu_t}{space 6}{txt:=} {space 3}5.312408 {txt:(mean)}}{p_end}
{p2colreset}{...}
{txt}{p2colset 1 14 16 2}{...}
{p2col: }{space 2}{res:{txt:avginc}{space 10}{txt:=} {space 3}15.31659 {txt:(mean)}}{p_end}
{p2colreset}{...}
{txt}{p2colset 1 14 16 2}{...}
{p2col: }{space 2}{res:{txt:el_pct}{space 10}{txt:=} {space 3}15.76816 {txt:(mean)}}{p_end}
{p2colreset}{...}
{txt}{p2colset 1 14 16 2}{...}
{p2col: }{space 2}{res:{txt:meal_pct}{space 8}{txt:=} {space 3}44.70524 {txt:(mean)}}{p_end}
{p2colreset}{...}
{txt}{p2colset 1 14 16 2}{...}
{p2col: }{space 2}{res:{txt:comp_stu}{space 8}{txt:=} {space 3}.1359266 {txt:(mean)}}{p_end}
{p2colreset}{...}

{txt}{p2colset 1 14 16 2}{...}
{p2col:85._at}:{space 1}{res:{txt:str}{space 13}{txt:=} {space 9}84}{p_end}
{p2colreset}{...}
{txt}{p2colset 1 14 16 2}{...}
{p2col: }{space 2}{res:{txt:expn_stu_t}{space 6}{txt:=} {space 3}5.312408 {txt:(mean)}}{p_end}
{p2colreset}{...}
{txt}{p2colset 1 14 16 2}{...}
{p2col: }{space 2}{res:{txt:avginc}{space 10}{txt:=} {space 3}15.31659 {txt:(mean)}}{p_end}
{p2colreset}{...}
{txt}{p2colset 1 14 16 2}{...}
{p2col: }{space 2}{res:{txt:el_pct}{space 10}{txt:=} {space 3}15.76816 {txt:(mean)}}{p_end}
{p2colreset}{...}
{txt}{p2colset 1 14 16 2}{...}
{p2col: }{space 2}{res:{txt:meal_pct}{space 8}{txt:=} {space 3}44.70524 {txt:(mean)}}{p_end}
{p2colreset}{...}
{txt}{p2colset 1 14 16 2}{...}
{p2col: }{space 2}{res:{txt:comp_stu}{space 8}{txt:=} {space 3}.1359266 {txt:(mean)}}{p_end}
{p2colreset}{...}

{txt}{p2colset 1 14 16 2}{...}
{p2col:86._at}:{space 1}{res:{txt:str}{space 13}{txt:=} {space 9}85}{p_end}
{p2colreset}{...}
{txt}{p2colset 1 14 16 2}{...}
{p2col: }{space 2}{res:{txt:expn_stu_t}{space 6}{txt:=} {space 3}5.312408 {txt:(mean)}}{p_end}
{p2colreset}{...}
{txt}{p2colset 1 14 16 2}{...}
{p2col: }{space 2}{res:{txt:avginc}{space 10}{txt:=} {space 3}15.31659 {txt:(mean)}}{p_end}
{p2colreset}{...}
{txt}{p2colset 1 14 16 2}{...}
{p2col: }{space 2}{res:{txt:el_pct}{space 10}{txt:=} {space 3}15.76816 {txt:(mean)}}{p_end}
{p2colreset}{...}
{txt}{p2colset 1 14 16 2}{...}
{p2col: }{space 2}{res:{txt:meal_pct}{space 8}{txt:=} {space 3}44.70524 {txt:(mean)}}{p_end}
{p2colreset}{...}
{txt}{p2colset 1 14 16 2}{...}
{p2col: }{space 2}{res:{txt:comp_stu}{space 8}{txt:=} {space 3}.1359266 {txt:(mean)}}{p_end}
{p2colreset}{...}

{txt}{p2colset 1 14 16 2}{...}
{p2col:87._at}:{space 1}{res:{txt:str}{space 13}{txt:=} {space 9}86}{p_end}
{p2colreset}{...}
{txt}{p2colset 1 14 16 2}{...}
{p2col: }{space 2}{res:{txt:expn_stu_t}{space 6}{txt:=} {space 3}5.312408 {txt:(mean)}}{p_end}
{p2colreset}{...}
{txt}{p2colset 1 14 16 2}{...}
{p2col: }{space 2}{res:{txt:avginc}{space 10}{txt:=} {space 3}15.31659 {txt:(mean)}}{p_end}
{p2colreset}{...}
{txt}{p2colset 1 14 16 2}{...}
{p2col: }{space 2}{res:{txt:el_pct}{space 10}{txt:=} {space 3}15.76816 {txt:(mean)}}{p_end}
{p2colreset}{...}
{txt}{p2colset 1 14 16 2}{...}
{p2col: }{space 2}{res:{txt:meal_pct}{space 8}{txt:=} {space 3}44.70524 {txt:(mean)}}{p_end}
{p2colreset}{...}
{txt}{p2colset 1 14 16 2}{...}
{p2col: }{space 2}{res:{txt:comp_stu}{space 8}{txt:=} {space 3}.1359266 {txt:(mean)}}{p_end}
{p2colreset}{...}

{txt}{p2colset 1 14 16 2}{...}
{p2col:88._at}:{space 1}{res:{txt:str}{space 13}{txt:=} {space 9}87}{p_end}
{p2colreset}{...}
{txt}{p2colset 1 14 16 2}{...}
{p2col: }{space 2}{res:{txt:expn_stu_t}{space 6}{txt:=} {space 3}5.312408 {txt:(mean)}}{p_end}
{p2colreset}{...}
{txt}{p2colset 1 14 16 2}{...}
{p2col: }{space 2}{res:{txt:avginc}{space 10}{txt:=} {space 3}15.31659 {txt:(mean)}}{p_end}
{p2colreset}{...}
{txt}{p2colset 1 14 16 2}{...}
{p2col: }{space 2}{res:{txt:el_pct}{space 10}{txt:=} {space 3}15.76816 {txt:(mean)}}{p_end}
{p2colreset}{...}
{txt}{p2colset 1 14 16 2}{...}
{p2col: }{space 2}{res:{txt:meal_pct}{space 8}{txt:=} {space 3}44.70524 {txt:(mean)}}{p_end}
{p2colreset}{...}
{txt}{p2colset 1 14 16 2}{...}
{p2col: }{space 2}{res:{txt:comp_stu}{space 8}{txt:=} {space 3}.1359266 {txt:(mean)}}{p_end}
{p2colreset}{...}

{txt}{p2colset 1 14 16 2}{...}
{p2col:89._at}:{space 1}{res:{txt:str}{space 13}{txt:=} {space 9}88}{p_end}
{p2colreset}{...}
{txt}{p2colset 1 14 16 2}{...}
{p2col: }{space 2}{res:{txt:expn_stu_t}{space 6}{txt:=} {space 3}5.312408 {txt:(mean)}}{p_end}
{p2colreset}{...}
{txt}{p2colset 1 14 16 2}{...}
{p2col: }{space 2}{res:{txt:avginc}{space 10}{txt:=} {space 3}15.31659 {txt:(mean)}}{p_end}
{p2colreset}{...}
{txt}{p2colset 1 14 16 2}{...}
{p2col: }{space 2}{res:{txt:el_pct}{space 10}{txt:=} {space 3}15.76816 {txt:(mean)}}{p_end}
{p2colreset}{...}
{txt}{p2colset 1 14 16 2}{...}
{p2col: }{space 2}{res:{txt:meal_pct}{space 8}{txt:=} {space 3}44.70524 {txt:(mean)}}{p_end}
{p2colreset}{...}
{txt}{p2colset 1 14 16 2}{...}
{p2col: }{space 2}{res:{txt:comp_stu}{space 8}{txt:=} {space 3}.1359266 {txt:(mean)}}{p_end}
{p2colreset}{...}

{txt}{p2colset 1 14 16 2}{...}
{p2col:90._at}:{space 1}{res:{txt:str}{space 13}{txt:=} {space 9}89}{p_end}
{p2colreset}{...}
{txt}{p2colset 1 14 16 2}{...}
{p2col: }{space 2}{res:{txt:expn_stu_t}{space 6}{txt:=} {space 3}5.312408 {txt:(mean)}}{p_end}
{p2colreset}{...}
{txt}{p2colset 1 14 16 2}{...}
{p2col: }{space 2}{res:{txt:avginc}{space 10}{txt:=} {space 3}15.31659 {txt:(mean)}}{p_end}
{p2colreset}{...}
{txt}{p2colset 1 14 16 2}{...}
{p2col: }{space 2}{res:{txt:el_pct}{space 10}{txt:=} {space 3}15.76816 {txt:(mean)}}{p_end}
{p2colreset}{...}
{txt}{p2colset 1 14 16 2}{...}
{p2col: }{space 2}{res:{txt:meal_pct}{space 8}{txt:=} {space 3}44.70524 {txt:(mean)}}{p_end}
{p2colreset}{...}
{txt}{p2colset 1 14 16 2}{...}
{p2col: }{space 2}{res:{txt:comp_stu}{space 8}{txt:=} {space 3}.1359266 {txt:(mean)}}{p_end}
{p2colreset}{...}

{txt}{p2colset 1 14 16 2}{...}
{p2col:91._at}:{space 1}{res:{txt:str}{space 13}{txt:=} {space 9}90}{p_end}
{p2colreset}{...}
{txt}{p2colset 1 14 16 2}{...}
{p2col: }{space 2}{res:{txt:expn_stu_t}{space 6}{txt:=} {space 3}5.312408 {txt:(mean)}}{p_end}
{p2colreset}{...}
{txt}{p2colset 1 14 16 2}{...}
{p2col: }{space 2}{res:{txt:avginc}{space 10}{txt:=} {space 3}15.31659 {txt:(mean)}}{p_end}
{p2colreset}{...}
{txt}{p2colset 1 14 16 2}{...}
{p2col: }{space 2}{res:{txt:el_pct}{space 10}{txt:=} {space 3}15.76816 {txt:(mean)}}{p_end}
{p2colreset}{...}
{txt}{p2colset 1 14 16 2}{...}
{p2col: }{space 2}{res:{txt:meal_pct}{space 8}{txt:=} {space 3}44.70524 {txt:(mean)}}{p_end}
{p2colreset}{...}
{txt}{p2colset 1 14 16 2}{...}
{p2col: }{space 2}{res:{txt:comp_stu}{space 8}{txt:=} {space 3}.1359266 {txt:(mean)}}{p_end}
{p2colreset}{...}

{txt}{p2colset 1 14 16 2}{...}
{p2col:92._at}:{space 1}{res:{txt:str}{space 13}{txt:=} {space 9}91}{p_end}
{p2colreset}{...}
{txt}{p2colset 1 14 16 2}{...}
{p2col: }{space 2}{res:{txt:expn_stu_t}{space 6}{txt:=} {space 3}5.312408 {txt:(mean)}}{p_end}
{p2colreset}{...}
{txt}{p2colset 1 14 16 2}{...}
{p2col: }{space 2}{res:{txt:avginc}{space 10}{txt:=} {space 3}15.31659 {txt:(mean)}}{p_end}
{p2colreset}{...}
{txt}{p2colset 1 14 16 2}{...}
{p2col: }{space 2}{res:{txt:el_pct}{space 10}{txt:=} {space 3}15.76816 {txt:(mean)}}{p_end}
{p2colreset}{...}
{txt}{p2colset 1 14 16 2}{...}
{p2col: }{space 2}{res:{txt:meal_pct}{space 8}{txt:=} {space 3}44.70524 {txt:(mean)}}{p_end}
{p2colreset}{...}
{txt}{p2colset 1 14 16 2}{...}
{p2col: }{space 2}{res:{txt:comp_stu}{space 8}{txt:=} {space 3}.1359266 {txt:(mean)}}{p_end}
{p2colreset}{...}

{txt}{p2colset 1 14 16 2}{...}
{p2col:93._at}:{space 1}{res:{txt:str}{space 13}{txt:=} {space 9}92}{p_end}
{p2colreset}{...}
{txt}{p2colset 1 14 16 2}{...}
{p2col: }{space 2}{res:{txt:expn_stu_t}{space 6}{txt:=} {space 3}5.312408 {txt:(mean)}}{p_end}
{p2colreset}{...}
{txt}{p2colset 1 14 16 2}{...}
{p2col: }{space 2}{res:{txt:avginc}{space 10}{txt:=} {space 3}15.31659 {txt:(mean)}}{p_end}
{p2colreset}{...}
{txt}{p2colset 1 14 16 2}{...}
{p2col: }{space 2}{res:{txt:el_pct}{space 10}{txt:=} {space 3}15.76816 {txt:(mean)}}{p_end}
{p2colreset}{...}
{txt}{p2colset 1 14 16 2}{...}
{p2col: }{space 2}{res:{txt:meal_pct}{space 8}{txt:=} {space 3}44.70524 {txt:(mean)}}{p_end}
{p2colreset}{...}
{txt}{p2colset 1 14 16 2}{...}
{p2col: }{space 2}{res:{txt:comp_stu}{space 8}{txt:=} {space 3}.1359266 {txt:(mean)}}{p_end}
{p2colreset}{...}

{txt}{p2colset 1 14 16 2}{...}
{p2col:94._at}:{space 1}{res:{txt:str}{space 13}{txt:=} {space 9}93}{p_end}
{p2colreset}{...}
{txt}{p2colset 1 14 16 2}{...}
{p2col: }{space 2}{res:{txt:expn_stu_t}{space 6}{txt:=} {space 3}5.312408 {txt:(mean)}}{p_end}
{p2colreset}{...}
{txt}{p2colset 1 14 16 2}{...}
{p2col: }{space 2}{res:{txt:avginc}{space 10}{txt:=} {space 3}15.31659 {txt:(mean)}}{p_end}
{p2colreset}{...}
{txt}{p2colset 1 14 16 2}{...}
{p2col: }{space 2}{res:{txt:el_pct}{space 10}{txt:=} {space 3}15.76816 {txt:(mean)}}{p_end}
{p2colreset}{...}
{txt}{p2colset 1 14 16 2}{...}
{p2col: }{space 2}{res:{txt:meal_pct}{space 8}{txt:=} {space 3}44.70524 {txt:(mean)}}{p_end}
{p2colreset}{...}
{txt}{p2colset 1 14 16 2}{...}
{p2col: }{space 2}{res:{txt:comp_stu}{space 8}{txt:=} {space 3}.1359266 {txt:(mean)}}{p_end}
{p2colreset}{...}

{txt}{p2colset 1 14 16 2}{...}
{p2col:95._at}:{space 1}{res:{txt:str}{space 13}{txt:=} {space 9}94}{p_end}
{p2colreset}{...}
{txt}{p2colset 1 14 16 2}{...}
{p2col: }{space 2}{res:{txt:expn_stu_t}{space 6}{txt:=} {space 3}5.312408 {txt:(mean)}}{p_end}
{p2colreset}{...}
{txt}{p2colset 1 14 16 2}{...}
{p2col: }{space 2}{res:{txt:avginc}{space 10}{txt:=} {space 3}15.31659 {txt:(mean)}}{p_end}
{p2colreset}{...}
{txt}{p2colset 1 14 16 2}{...}
{p2col: }{space 2}{res:{txt:el_pct}{space 10}{txt:=} {space 3}15.76816 {txt:(mean)}}{p_end}
{p2colreset}{...}
{txt}{p2colset 1 14 16 2}{...}
{p2col: }{space 2}{res:{txt:meal_pct}{space 8}{txt:=} {space 3}44.70524 {txt:(mean)}}{p_end}
{p2colreset}{...}
{txt}{p2colset 1 14 16 2}{...}
{p2col: }{space 2}{res:{txt:comp_stu}{space 8}{txt:=} {space 3}.1359266 {txt:(mean)}}{p_end}
{p2colreset}{...}

{txt}{p2colset 1 14 16 2}{...}
{p2col:96._at}:{space 1}{res:{txt:str}{space 13}{txt:=} {space 9}95}{p_end}
{p2colreset}{...}
{txt}{p2colset 1 14 16 2}{...}
{p2col: }{space 2}{res:{txt:expn_stu_t}{space 6}{txt:=} {space 3}5.312408 {txt:(mean)}}{p_end}
{p2colreset}{...}
{txt}{p2colset 1 14 16 2}{...}
{p2col: }{space 2}{res:{txt:avginc}{space 10}{txt:=} {space 3}15.31659 {txt:(mean)}}{p_end}
{p2colreset}{...}
{txt}{p2colset 1 14 16 2}{...}
{p2col: }{space 2}{res:{txt:el_pct}{space 10}{txt:=} {space 3}15.76816 {txt:(mean)}}{p_end}
{p2colreset}{...}
{txt}{p2colset 1 14 16 2}{...}
{p2col: }{space 2}{res:{txt:meal_pct}{space 8}{txt:=} {space 3}44.70524 {txt:(mean)}}{p_end}
{p2colreset}{...}
{txt}{p2colset 1 14 16 2}{...}
{p2col: }{space 2}{res:{txt:comp_stu}{space 8}{txt:=} {space 3}.1359266 {txt:(mean)}}{p_end}
{p2colreset}{...}

{txt}{p2colset 1 14 16 2}{...}
{p2col:97._at}:{space 1}{res:{txt:str}{space 13}{txt:=} {space 9}96}{p_end}
{p2colreset}{...}
{txt}{p2colset 1 14 16 2}{...}
{p2col: }{space 2}{res:{txt:expn_stu_t}{space 6}{txt:=} {space 3}5.312408 {txt:(mean)}}{p_end}
{p2colreset}{...}
{txt}{p2colset 1 14 16 2}{...}
{p2col: }{space 2}{res:{txt:avginc}{space 10}{txt:=} {space 3}15.31659 {txt:(mean)}}{p_end}
{p2colreset}{...}
{txt}{p2colset 1 14 16 2}{...}
{p2col: }{space 2}{res:{txt:el_pct}{space 10}{txt:=} {space 3}15.76816 {txt:(mean)}}{p_end}
{p2colreset}{...}
{txt}{p2colset 1 14 16 2}{...}
{p2col: }{space 2}{res:{txt:meal_pct}{space 8}{txt:=} {space 3}44.70524 {txt:(mean)}}{p_end}
{p2colreset}{...}
{txt}{p2colset 1 14 16 2}{...}
{p2col: }{space 2}{res:{txt:comp_stu}{space 8}{txt:=} {space 3}.1359266 {txt:(mean)}}{p_end}
{p2colreset}{...}

{txt}{p2colset 1 14 16 2}{...}
{p2col:98._at}:{space 1}{res:{txt:str}{space 13}{txt:=} {space 9}97}{p_end}
{p2colreset}{...}
{txt}{p2colset 1 14 16 2}{...}
{p2col: }{space 2}{res:{txt:expn_stu_t}{space 6}{txt:=} {space 3}5.312408 {txt:(mean)}}{p_end}
{p2colreset}{...}
{txt}{p2colset 1 14 16 2}{...}
{p2col: }{space 2}{res:{txt:avginc}{space 10}{txt:=} {space 3}15.31659 {txt:(mean)}}{p_end}
{p2colreset}{...}
{txt}{p2colset 1 14 16 2}{...}
{p2col: }{space 2}{res:{txt:el_pct}{space 10}{txt:=} {space 3}15.76816 {txt:(mean)}}{p_end}
{p2colreset}{...}
{txt}{p2colset 1 14 16 2}{...}
{p2col: }{space 2}{res:{txt:meal_pct}{space 8}{txt:=} {space 3}44.70524 {txt:(mean)}}{p_end}
{p2colreset}{...}
{txt}{p2colset 1 14 16 2}{...}
{p2col: }{space 2}{res:{txt:comp_stu}{space 8}{txt:=} {space 3}.1359266 {txt:(mean)}}{p_end}
{p2colreset}{...}

{txt}{p2colset 1 14 16 2}{...}
{p2col:99._at}:{space 1}{res:{txt:str}{space 13}{txt:=} {space 9}98}{p_end}
{p2colreset}{...}
{txt}{p2colset 1 14 16 2}{...}
{p2col: }{space 2}{res:{txt:expn_stu_t}{space 6}{txt:=} {space 3}5.312408 {txt:(mean)}}{p_end}
{p2colreset}{...}
{txt}{p2colset 1 14 16 2}{...}
{p2col: }{space 2}{res:{txt:avginc}{space 10}{txt:=} {space 3}15.31659 {txt:(mean)}}{p_end}
{p2colreset}{...}
{txt}{p2colset 1 14 16 2}{...}
{p2col: }{space 2}{res:{txt:el_pct}{space 10}{txt:=} {space 3}15.76816 {txt:(mean)}}{p_end}
{p2colreset}{...}
{txt}{p2colset 1 14 16 2}{...}
{p2col: }{space 2}{res:{txt:meal_pct}{space 8}{txt:=} {space 3}44.70524 {txt:(mean)}}{p_end}
{p2colreset}{...}
{txt}{p2colset 1 14 16 2}{...}
{p2col: }{space 2}{res:{txt:comp_stu}{space 8}{txt:=} {space 3}.1359266 {txt:(mean)}}{p_end}
{p2colreset}{...}

{txt}{p2colset 1 14 16 2}{...}
{p2col:100._at}:{space 1}{res:{txt:str}{space 13}{txt:=} {space 9}99}{p_end}
{p2colreset}{...}
{txt}{p2colset 1 14 16 2}{...}
{p2col: }{space 2}{res:{txt:expn_stu_t}{space 6}{txt:=} {space 3}5.312408 {txt:(mean)}}{p_end}
{p2colreset}{...}
{txt}{p2colset 1 14 16 2}{...}
{p2col: }{space 2}{res:{txt:avginc}{space 10}{txt:=} {space 3}15.31659 {txt:(mean)}}{p_end}
{p2colreset}{...}
{txt}{p2colset 1 14 16 2}{...}
{p2col: }{space 2}{res:{txt:el_pct}{space 10}{txt:=} {space 3}15.76816 {txt:(mean)}}{p_end}
{p2colreset}{...}
{txt}{p2colset 1 14 16 2}{...}
{p2col: }{space 2}{res:{txt:meal_pct}{space 8}{txt:=} {space 3}44.70524 {txt:(mean)}}{p_end}
{p2colreset}{...}
{txt}{p2colset 1 14 16 2}{...}
{p2col: }{space 2}{res:{txt:comp_stu}{space 8}{txt:=} {space 3}.1359266 {txt:(mean)}}{p_end}
{p2colreset}{...}

{txt}{p2colset 1 14 16 2}{...}
{p2col:101._at}:{space 1}{res:{txt:str}{space 13}{txt:=} {space 8}100}{p_end}
{p2colreset}{...}
{txt}{p2colset 1 14 16 2}{...}
{p2col: }{space 2}{res:{txt:expn_stu_t}{space 6}{txt:=} {space 3}5.312408 {txt:(mean)}}{p_end}
{p2colreset}{...}
{txt}{p2colset 1 14 16 2}{...}
{p2col: }{space 2}{res:{txt:avginc}{space 10}{txt:=} {space 3}15.31659 {txt:(mean)}}{p_end}
{p2colreset}{...}
{txt}{p2colset 1 14 16 2}{...}
{p2col: }{space 2}{res:{txt:el_pct}{space 10}{txt:=} {space 3}15.76816 {txt:(mean)}}{p_end}
{p2colreset}{...}
{txt}{p2colset 1 14 16 2}{...}
{p2col: }{space 2}{res:{txt:meal_pct}{space 8}{txt:=} {space 3}44.70524 {txt:(mean)}}{p_end}
{p2colreset}{...}
{txt}{p2colset 1 14 16 2}{...}
{p2col: }{space 2}{res:{txt:comp_stu}{space 8}{txt:=} {space 3}.1359266 {txt:(mean)}}{p_end}
{p2colreset}{...}

{res}{txt}{hline 13}{c TT}{hline 11}{hline 11}{hline 9}{hline 8}{hline 13}{hline 12}
{col 14}{c |}     Margin
{hline 13}{c +}{hline 11}{hline 11}{hline 9}{hline 8}{hline 13}{hline 12}
{space 9}_at {c |}
{space 10}1  {c |}{col 14}{res}{space 2} 657.6985
{txt}{space 10}2  {c |}{col 14}{res}{space 2} 657.4767
{txt}{space 10}3  {c |}{col 14}{res}{space 2}  657.255
{txt}{space 10}4  {c |}{col 14}{res}{space 2} 657.0332
{txt}{space 10}5  {c |}{col 14}{res}{space 2} 656.8114
{txt}{space 10}6  {c |}{col 14}{res}{space 2} 656.5896
{txt}{space 10}7  {c |}{col 14}{res}{space 2} 656.3678
{txt}{space 10}8  {c |}{col 14}{res}{space 2} 656.1461
{txt}{space 10}9  {c |}{col 14}{res}{space 2} 655.9243
{txt}{space 9}10  {c |}{col 14}{res}{space 2} 655.7025
{txt}{space 9}11  {c |}{col 14}{res}{space 2} 655.4807
{txt}{space 9}12  {c |}{col 14}{res}{space 2} 655.2589
{txt}{space 9}13  {c |}{col 14}{res}{space 2} 655.0371
{txt}{space 9}14  {c |}{col 14}{res}{space 2} 654.8154
{txt}{space 9}15  {c |}{col 14}{res}{space 2} 654.5936
{txt}{space 9}16  {c |}{col 14}{res}{space 2} 654.3718
{txt}{space 9}17  {c |}{col 14}{res}{space 2}   654.15
{txt}{space 9}18  {c |}{col 14}{res}{space 2} 653.9282
{txt}{space 9}19  {c |}{col 14}{res}{space 2} 653.7064
{txt}{space 9}20  {c |}{col 14}{res}{space 2} 653.4847
{txt}{space 9}21  {c |}{col 14}{res}{space 2} 653.2629
{txt}{space 9}22  {c |}{col 14}{res}{space 2} 653.0411
{txt}{space 9}23  {c |}{col 14}{res}{space 2} 652.8193
{txt}{space 9}24  {c |}{col 14}{res}{space 2} 652.5975
{txt}{space 9}25  {c |}{col 14}{res}{space 2} 652.3757
{txt}{space 9}26  {c |}{col 14}{res}{space 2}  652.154
{txt}{space 9}27  {c |}{col 14}{res}{space 2} 651.9322
{txt}{space 9}28  {c |}{col 14}{res}{space 2} 651.7104
{txt}{space 9}29  {c |}{col 14}{res}{space 2} 651.4886
{txt}{space 9}30  {c |}{col 14}{res}{space 2} 651.2668
{txt}{space 9}31  {c |}{col 14}{res}{space 2}  651.045
{txt}{space 9}32  {c |}{col 14}{res}{space 2} 650.8233
{txt}{space 9}33  {c |}{col 14}{res}{space 2} 650.6015
{txt}{space 9}34  {c |}{col 14}{res}{space 2} 650.3797
{txt}{space 9}35  {c |}{col 14}{res}{space 2} 650.1579
{txt}{space 9}36  {c |}{col 14}{res}{space 2} 649.9361
{txt}{space 9}37  {c |}{col 14}{res}{space 2} 649.7143
{txt}{space 9}38  {c |}{col 14}{res}{space 2} 649.4926
{txt}{space 9}39  {c |}{col 14}{res}{space 2} 649.2708
{txt}{space 9}40  {c |}{col 14}{res}{space 2}  649.049
{txt}{space 9}41  {c |}{col 14}{res}{space 2} 648.8272
{txt}{space 9}42  {c |}{col 14}{res}{space 2} 648.6054
{txt}{space 9}43  {c |}{col 14}{res}{space 2} 648.3836
{txt}{space 9}44  {c |}{col 14}{res}{space 2} 648.1619
{txt}{space 9}45  {c |}{col 14}{res}{space 2} 647.9401
{txt}{space 9}46  {c |}{col 14}{res}{space 2} 647.7183
{txt}{space 9}47  {c |}{col 14}{res}{space 2} 647.4965
{txt}{space 9}48  {c |}{col 14}{res}{space 2} 647.2747
{txt}{space 9}49  {c |}{col 14}{res}{space 2} 647.0529
{txt}{space 9}50  {c |}{col 14}{res}{space 2} 646.8312
{txt}{space 9}51  {c |}{col 14}{res}{space 2} 646.6094
{txt}{space 9}52  {c |}{col 14}{res}{space 2} 646.3876
{txt}{space 9}53  {c |}{col 14}{res}{space 2} 646.1658
{txt}{space 9}54  {c |}{col 14}{res}{space 2}  645.944
{txt}{space 9}55  {c |}{col 14}{res}{space 2} 645.7222
{txt}{space 9}56  {c |}{col 14}{res}{space 2} 645.5005
{txt}{space 9}57  {c |}{col 14}{res}{space 2} 645.2787
{txt}{space 9}58  {c |}{col 14}{res}{space 2} 645.0569
{txt}{space 9}59  {c |}{col 14}{res}{space 2} 644.8351
{txt}{space 9}60  {c |}{col 14}{res}{space 2} 644.6133
{txt}{space 9}61  {c |}{col 14}{res}{space 2} 644.3915
{txt}{space 9}62  {c |}{col 14}{res}{space 2} 644.1698
{txt}{space 9}63  {c |}{col 14}{res}{space 2}  643.948
{txt}{space 9}64  {c |}{col 14}{res}{space 2} 643.7262
{txt}{space 9}65  {c |}{col 14}{res}{space 2} 643.5044
{txt}{space 9}66  {c |}{col 14}{res}{space 2} 643.2826
{txt}{space 9}67  {c |}{col 14}{res}{space 2} 643.0609
{txt}{space 9}68  {c |}{col 14}{res}{space 2} 642.8391
{txt}{space 9}69  {c |}{col 14}{res}{space 2} 642.6173
{txt}{space 9}70  {c |}{col 14}{res}{space 2} 642.3955
{txt}{space 9}71  {c |}{col 14}{res}{space 2} 642.1737
{txt}{space 9}72  {c |}{col 14}{res}{space 2} 641.9519
{txt}{space 9}73  {c |}{col 14}{res}{space 2} 641.7302
{txt}{space 9}74  {c |}{col 14}{res}{space 2} 641.5084
{txt}{space 9}75  {c |}{col 14}{res}{space 2} 641.2866
{txt}{space 9}76  {c |}{col 14}{res}{space 2} 641.0648
{txt}{space 9}77  {c |}{col 14}{res}{space 2}  640.843
{txt}{space 9}78  {c |}{col 14}{res}{space 2} 640.6212
{txt}{space 9}79  {c |}{col 14}{res}{space 2} 640.3995
{txt}{space 9}80  {c |}{col 14}{res}{space 2} 640.1777
{txt}{space 9}81  {c |}{col 14}{res}{space 2} 639.9559
{txt}{space 9}82  {c |}{col 14}{res}{space 2} 639.7341
{txt}{space 9}83  {c |}{col 14}{res}{space 2} 639.5123
{txt}{space 9}84  {c |}{col 14}{res}{space 2} 639.2905
{txt}{space 9}85  {c |}{col 14}{res}{space 2} 639.0688
{txt}{space 9}86  {c |}{col 14}{res}{space 2}  638.847
{txt}{space 9}87  {c |}{col 14}{res}{space 2} 638.6252
{txt}{space 9}88  {c |}{col 14}{res}{space 2} 638.4034
{txt}{space 9}89  {c |}{col 14}{res}{space 2} 638.1816
{txt}{space 9}90  {c |}{col 14}{res}{space 2} 637.9598
{txt}{space 9}91  {c |}{col 14}{res}{space 2} 637.7381
{txt}{space 9}92  {c |}{col 14}{res}{space 2} 637.5163
{txt}{space 9}93  {c |}{col 14}{res}{space 2} 637.2945
{txt}{space 9}94  {c |}{col 14}{res}{space 2} 637.0727
{txt}{space 9}95  {c |}{col 14}{res}{space 2} 636.8509
{txt}{space 9}96  {c |}{col 14}{res}{space 2} 636.6291
{txt}{space 9}97  {c |}{col 14}{res}{space 2} 636.4074
{txt}{space 9}98  {c |}{col 14}{res}{space 2} 636.1856
{txt}{space 9}99  {c |}{col 14}{res}{space 2} 635.9638
{txt}{space 8}100  {c |}{col 14}{res}{space 2}  635.742
{txt}{space 8}101  {c |}{col 14}{res}{space 2} 635.5202
{txt}{hline 13}{c BT}{hline 11}{hline 11}{hline 9}{hline 8}{hline 13}{hline 12}
{res}{com}. 
. mat xb=e(b)
. 
. mat allx=e(at)
. 
. matrix myx=allx[1...,1]'
. 
. estimates restore basic_controls
{txt}(results {stata estimates replay basic_controls:basic_controls} are active now)
{com}. 
. //But now instead of stdp use stdf for forecast
. 
. margins , predict(stdf) nose at(`x'=(`mymin'(`step')`mymax') (mean) `controls') post
{res}
{txt}Adjusted predictions{col 51}Number of obs{col 67}= {res}       420

{txt}{p2colset 1 14 16 2}{...}
{p2col:Expression}:{space 1}{res:S.E. of the forecast, predict(stdf)}{p_end}
{p2colreset}{...}

{txt}{p2colset 1 14 16 2}{...}
{p2col:1._at}:{space 1}{res:{txt:str}{space 13}{txt:=} {space 10}0}{p_end}
{p2colreset}{...}
{txt}{p2colset 1 14 16 2}{...}
{p2col: }{space 2}{res:{txt:expn_stu_t}{space 6}{txt:=} {space 3}5.312408 {txt:(mean)}}{p_end}
{p2colreset}{...}
{txt}{p2colset 1 14 16 2}{...}
{p2col: }{space 2}{res:{txt:avginc}{space 10}{txt:=} {space 3}15.31659 {txt:(mean)}}{p_end}
{p2colreset}{...}
{txt}{p2colset 1 14 16 2}{...}
{p2col: }{space 2}{res:{txt:el_pct}{space 10}{txt:=} {space 3}15.76816 {txt:(mean)}}{p_end}
{p2colreset}{...}
{txt}{p2colset 1 14 16 2}{...}
{p2col: }{space 2}{res:{txt:meal_pct}{space 8}{txt:=} {space 3}44.70524 {txt:(mean)}}{p_end}
{p2colreset}{...}
{txt}{p2colset 1 14 16 2}{...}
{p2col: }{space 2}{res:{txt:comp_stu}{space 8}{txt:=} {space 3}.1359266 {txt:(mean)}}{p_end}
{p2colreset}{...}

{txt}{p2colset 1 14 16 2}{...}
{p2col:2._at}:{space 1}{res:{txt:str}{space 13}{txt:=} {space 10}1}{p_end}
{p2colreset}{...}
{txt}{p2colset 1 14 16 2}{...}
{p2col: }{space 2}{res:{txt:expn_stu_t}{space 6}{txt:=} {space 3}5.312408 {txt:(mean)}}{p_end}
{p2colreset}{...}
{txt}{p2colset 1 14 16 2}{...}
{p2col: }{space 2}{res:{txt:avginc}{space 10}{txt:=} {space 3}15.31659 {txt:(mean)}}{p_end}
{p2colreset}{...}
{txt}{p2colset 1 14 16 2}{...}
{p2col: }{space 2}{res:{txt:el_pct}{space 10}{txt:=} {space 3}15.76816 {txt:(mean)}}{p_end}
{p2colreset}{...}
{txt}{p2colset 1 14 16 2}{...}
{p2col: }{space 2}{res:{txt:meal_pct}{space 8}{txt:=} {space 3}44.70524 {txt:(mean)}}{p_end}
{p2colreset}{...}
{txt}{p2colset 1 14 16 2}{...}
{p2col: }{space 2}{res:{txt:comp_stu}{space 8}{txt:=} {space 3}.1359266 {txt:(mean)}}{p_end}
{p2colreset}{...}

{txt}{p2colset 1 14 16 2}{...}
{p2col:3._at}:{space 1}{res:{txt:str}{space 13}{txt:=} {space 10}2}{p_end}
{p2colreset}{...}
{txt}{p2colset 1 14 16 2}{...}
{p2col: }{space 2}{res:{txt:expn_stu_t}{space 6}{txt:=} {space 3}5.312408 {txt:(mean)}}{p_end}
{p2colreset}{...}
{txt}{p2colset 1 14 16 2}{...}
{p2col: }{space 2}{res:{txt:avginc}{space 10}{txt:=} {space 3}15.31659 {txt:(mean)}}{p_end}
{p2colreset}{...}
{txt}{p2colset 1 14 16 2}{...}
{p2col: }{space 2}{res:{txt:el_pct}{space 10}{txt:=} {space 3}15.76816 {txt:(mean)}}{p_end}
{p2colreset}{...}
{txt}{p2colset 1 14 16 2}{...}
{p2col: }{space 2}{res:{txt:meal_pct}{space 8}{txt:=} {space 3}44.70524 {txt:(mean)}}{p_end}
{p2colreset}{...}
{txt}{p2colset 1 14 16 2}{...}
{p2col: }{space 2}{res:{txt:comp_stu}{space 8}{txt:=} {space 3}.1359266 {txt:(mean)}}{p_end}
{p2colreset}{...}

{txt}{p2colset 1 14 16 2}{...}
{p2col:4._at}:{space 1}{res:{txt:str}{space 13}{txt:=} {space 10}3}{p_end}
{p2colreset}{...}
{txt}{p2colset 1 14 16 2}{...}
{p2col: }{space 2}{res:{txt:expn_stu_t}{space 6}{txt:=} {space 3}5.312408 {txt:(mean)}}{p_end}
{p2colreset}{...}
{txt}{p2colset 1 14 16 2}{...}
{p2col: }{space 2}{res:{txt:avginc}{space 10}{txt:=} {space 3}15.31659 {txt:(mean)}}{p_end}
{p2colreset}{...}
{txt}{p2colset 1 14 16 2}{...}
{p2col: }{space 2}{res:{txt:el_pct}{space 10}{txt:=} {space 3}15.76816 {txt:(mean)}}{p_end}
{p2colreset}{...}
{txt}{p2colset 1 14 16 2}{...}
{p2col: }{space 2}{res:{txt:meal_pct}{space 8}{txt:=} {space 3}44.70524 {txt:(mean)}}{p_end}
{p2colreset}{...}
{txt}{p2colset 1 14 16 2}{...}
{p2col: }{space 2}{res:{txt:comp_stu}{space 8}{txt:=} {space 3}.1359266 {txt:(mean)}}{p_end}
{p2colreset}{...}

{txt}{p2colset 1 14 16 2}{...}
{p2col:5._at}:{space 1}{res:{txt:str}{space 13}{txt:=} {space 10}4}{p_end}
{p2colreset}{...}
{txt}{p2colset 1 14 16 2}{...}
{p2col: }{space 2}{res:{txt:expn_stu_t}{space 6}{txt:=} {space 3}5.312408 {txt:(mean)}}{p_end}
{p2colreset}{...}
{txt}{p2colset 1 14 16 2}{...}
{p2col: }{space 2}{res:{txt:avginc}{space 10}{txt:=} {space 3}15.31659 {txt:(mean)}}{p_end}
{p2colreset}{...}
{txt}{p2colset 1 14 16 2}{...}
{p2col: }{space 2}{res:{txt:el_pct}{space 10}{txt:=} {space 3}15.76816 {txt:(mean)}}{p_end}
{p2colreset}{...}
{txt}{p2colset 1 14 16 2}{...}
{p2col: }{space 2}{res:{txt:meal_pct}{space 8}{txt:=} {space 3}44.70524 {txt:(mean)}}{p_end}
{p2colreset}{...}
{txt}{p2colset 1 14 16 2}{...}
{p2col: }{space 2}{res:{txt:comp_stu}{space 8}{txt:=} {space 3}.1359266 {txt:(mean)}}{p_end}
{p2colreset}{...}

{txt}{p2colset 1 14 16 2}{...}
{p2col:6._at}:{space 1}{res:{txt:str}{space 13}{txt:=} {space 10}5}{p_end}
{p2colreset}{...}
{txt}{p2colset 1 14 16 2}{...}
{p2col: }{space 2}{res:{txt:expn_stu_t}{space 6}{txt:=} {space 3}5.312408 {txt:(mean)}}{p_end}
{p2colreset}{...}
{txt}{p2colset 1 14 16 2}{...}
{p2col: }{space 2}{res:{txt:avginc}{space 10}{txt:=} {space 3}15.31659 {txt:(mean)}}{p_end}
{p2colreset}{...}
{txt}{p2colset 1 14 16 2}{...}
{p2col: }{space 2}{res:{txt:el_pct}{space 10}{txt:=} {space 3}15.76816 {txt:(mean)}}{p_end}
{p2colreset}{...}
{txt}{p2colset 1 14 16 2}{...}
{p2col: }{space 2}{res:{txt:meal_pct}{space 8}{txt:=} {space 3}44.70524 {txt:(mean)}}{p_end}
{p2colreset}{...}
{txt}{p2colset 1 14 16 2}{...}
{p2col: }{space 2}{res:{txt:comp_stu}{space 8}{txt:=} {space 3}.1359266 {txt:(mean)}}{p_end}
{p2colreset}{...}

{txt}{p2colset 1 14 16 2}{...}
{p2col:7._at}:{space 1}{res:{txt:str}{space 13}{txt:=} {space 10}6}{p_end}
{p2colreset}{...}
{txt}{p2colset 1 14 16 2}{...}
{p2col: }{space 2}{res:{txt:expn_stu_t}{space 6}{txt:=} {space 3}5.312408 {txt:(mean)}}{p_end}
{p2colreset}{...}
{txt}{p2colset 1 14 16 2}{...}
{p2col: }{space 2}{res:{txt:avginc}{space 10}{txt:=} {space 3}15.31659 {txt:(mean)}}{p_end}
{p2colreset}{...}
{txt}{p2colset 1 14 16 2}{...}
{p2col: }{space 2}{res:{txt:el_pct}{space 10}{txt:=} {space 3}15.76816 {txt:(mean)}}{p_end}
{p2colreset}{...}
{txt}{p2colset 1 14 16 2}{...}
{p2col: }{space 2}{res:{txt:meal_pct}{space 8}{txt:=} {space 3}44.70524 {txt:(mean)}}{p_end}
{p2colreset}{...}
{txt}{p2colset 1 14 16 2}{...}
{p2col: }{space 2}{res:{txt:comp_stu}{space 8}{txt:=} {space 3}.1359266 {txt:(mean)}}{p_end}
{p2colreset}{...}

{txt}{p2colset 1 14 16 2}{...}
{p2col:8._at}:{space 1}{res:{txt:str}{space 13}{txt:=} {space 10}7}{p_end}
{p2colreset}{...}
{txt}{p2colset 1 14 16 2}{...}
{p2col: }{space 2}{res:{txt:expn_stu_t}{space 6}{txt:=} {space 3}5.312408 {txt:(mean)}}{p_end}
{p2colreset}{...}
{txt}{p2colset 1 14 16 2}{...}
{p2col: }{space 2}{res:{txt:avginc}{space 10}{txt:=} {space 3}15.31659 {txt:(mean)}}{p_end}
{p2colreset}{...}
{txt}{p2colset 1 14 16 2}{...}
{p2col: }{space 2}{res:{txt:el_pct}{space 10}{txt:=} {space 3}15.76816 {txt:(mean)}}{p_end}
{p2colreset}{...}
{txt}{p2colset 1 14 16 2}{...}
{p2col: }{space 2}{res:{txt:meal_pct}{space 8}{txt:=} {space 3}44.70524 {txt:(mean)}}{p_end}
{p2colreset}{...}
{txt}{p2colset 1 14 16 2}{...}
{p2col: }{space 2}{res:{txt:comp_stu}{space 8}{txt:=} {space 3}.1359266 {txt:(mean)}}{p_end}
{p2colreset}{...}

{txt}{p2colset 1 14 16 2}{...}
{p2col:9._at}:{space 1}{res:{txt:str}{space 13}{txt:=} {space 10}8}{p_end}
{p2colreset}{...}
{txt}{p2colset 1 14 16 2}{...}
{p2col: }{space 2}{res:{txt:expn_stu_t}{space 6}{txt:=} {space 3}5.312408 {txt:(mean)}}{p_end}
{p2colreset}{...}
{txt}{p2colset 1 14 16 2}{...}
{p2col: }{space 2}{res:{txt:avginc}{space 10}{txt:=} {space 3}15.31659 {txt:(mean)}}{p_end}
{p2colreset}{...}
{txt}{p2colset 1 14 16 2}{...}
{p2col: }{space 2}{res:{txt:el_pct}{space 10}{txt:=} {space 3}15.76816 {txt:(mean)}}{p_end}
{p2colreset}{...}
{txt}{p2colset 1 14 16 2}{...}
{p2col: }{space 2}{res:{txt:meal_pct}{space 8}{txt:=} {space 3}44.70524 {txt:(mean)}}{p_end}
{p2colreset}{...}
{txt}{p2colset 1 14 16 2}{...}
{p2col: }{space 2}{res:{txt:comp_stu}{space 8}{txt:=} {space 3}.1359266 {txt:(mean)}}{p_end}
{p2colreset}{...}

{txt}{p2colset 1 14 16 2}{...}
{p2col:10._at}:{space 1}{res:{txt:str}{space 13}{txt:=} {space 10}9}{p_end}
{p2colreset}{...}
{txt}{p2colset 1 14 16 2}{...}
{p2col: }{space 2}{res:{txt:expn_stu_t}{space 6}{txt:=} {space 3}5.312408 {txt:(mean)}}{p_end}
{p2colreset}{...}
{txt}{p2colset 1 14 16 2}{...}
{p2col: }{space 2}{res:{txt:avginc}{space 10}{txt:=} {space 3}15.31659 {txt:(mean)}}{p_end}
{p2colreset}{...}
{txt}{p2colset 1 14 16 2}{...}
{p2col: }{space 2}{res:{txt:el_pct}{space 10}{txt:=} {space 3}15.76816 {txt:(mean)}}{p_end}
{p2colreset}{...}
{txt}{p2colset 1 14 16 2}{...}
{p2col: }{space 2}{res:{txt:meal_pct}{space 8}{txt:=} {space 3}44.70524 {txt:(mean)}}{p_end}
{p2colreset}{...}
{txt}{p2colset 1 14 16 2}{...}
{p2col: }{space 2}{res:{txt:comp_stu}{space 8}{txt:=} {space 3}.1359266 {txt:(mean)}}{p_end}
{p2colreset}{...}

{txt}{p2colset 1 14 16 2}{...}
{p2col:11._at}:{space 1}{res:{txt:str}{space 13}{txt:=} {space 9}10}{p_end}
{p2colreset}{...}
{txt}{p2colset 1 14 16 2}{...}
{p2col: }{space 2}{res:{txt:expn_stu_t}{space 6}{txt:=} {space 3}5.312408 {txt:(mean)}}{p_end}
{p2colreset}{...}
{txt}{p2colset 1 14 16 2}{...}
{p2col: }{space 2}{res:{txt:avginc}{space 10}{txt:=} {space 3}15.31659 {txt:(mean)}}{p_end}
{p2colreset}{...}
{txt}{p2colset 1 14 16 2}{...}
{p2col: }{space 2}{res:{txt:el_pct}{space 10}{txt:=} {space 3}15.76816 {txt:(mean)}}{p_end}
{p2colreset}{...}
{txt}{p2colset 1 14 16 2}{...}
{p2col: }{space 2}{res:{txt:meal_pct}{space 8}{txt:=} {space 3}44.70524 {txt:(mean)}}{p_end}
{p2colreset}{...}
{txt}{p2colset 1 14 16 2}{...}
{p2col: }{space 2}{res:{txt:comp_stu}{space 8}{txt:=} {space 3}.1359266 {txt:(mean)}}{p_end}
{p2colreset}{...}

{txt}{p2colset 1 14 16 2}{...}
{p2col:12._at}:{space 1}{res:{txt:str}{space 13}{txt:=} {space 9}11}{p_end}
{p2colreset}{...}
{txt}{p2colset 1 14 16 2}{...}
{p2col: }{space 2}{res:{txt:expn_stu_t}{space 6}{txt:=} {space 3}5.312408 {txt:(mean)}}{p_end}
{p2colreset}{...}
{txt}{p2colset 1 14 16 2}{...}
{p2col: }{space 2}{res:{txt:avginc}{space 10}{txt:=} {space 3}15.31659 {txt:(mean)}}{p_end}
{p2colreset}{...}
{txt}{p2colset 1 14 16 2}{...}
{p2col: }{space 2}{res:{txt:el_pct}{space 10}{txt:=} {space 3}15.76816 {txt:(mean)}}{p_end}
{p2colreset}{...}
{txt}{p2colset 1 14 16 2}{...}
{p2col: }{space 2}{res:{txt:meal_pct}{space 8}{txt:=} {space 3}44.70524 {txt:(mean)}}{p_end}
{p2colreset}{...}
{txt}{p2colset 1 14 16 2}{...}
{p2col: }{space 2}{res:{txt:comp_stu}{space 8}{txt:=} {space 3}.1359266 {txt:(mean)}}{p_end}
{p2colreset}{...}

{txt}{p2colset 1 14 16 2}{...}
{p2col:13._at}:{space 1}{res:{txt:str}{space 13}{txt:=} {space 9}12}{p_end}
{p2colreset}{...}
{txt}{p2colset 1 14 16 2}{...}
{p2col: }{space 2}{res:{txt:expn_stu_t}{space 6}{txt:=} {space 3}5.312408 {txt:(mean)}}{p_end}
{p2colreset}{...}
{txt}{p2colset 1 14 16 2}{...}
{p2col: }{space 2}{res:{txt:avginc}{space 10}{txt:=} {space 3}15.31659 {txt:(mean)}}{p_end}
{p2colreset}{...}
{txt}{p2colset 1 14 16 2}{...}
{p2col: }{space 2}{res:{txt:el_pct}{space 10}{txt:=} {space 3}15.76816 {txt:(mean)}}{p_end}
{p2colreset}{...}
{txt}{p2colset 1 14 16 2}{...}
{p2col: }{space 2}{res:{txt:meal_pct}{space 8}{txt:=} {space 3}44.70524 {txt:(mean)}}{p_end}
{p2colreset}{...}
{txt}{p2colset 1 14 16 2}{...}
{p2col: }{space 2}{res:{txt:comp_stu}{space 8}{txt:=} {space 3}.1359266 {txt:(mean)}}{p_end}
{p2colreset}{...}

{txt}{p2colset 1 14 16 2}{...}
{p2col:14._at}:{space 1}{res:{txt:str}{space 13}{txt:=} {space 9}13}{p_end}
{p2colreset}{...}
{txt}{p2colset 1 14 16 2}{...}
{p2col: }{space 2}{res:{txt:expn_stu_t}{space 6}{txt:=} {space 3}5.312408 {txt:(mean)}}{p_end}
{p2colreset}{...}
{txt}{p2colset 1 14 16 2}{...}
{p2col: }{space 2}{res:{txt:avginc}{space 10}{txt:=} {space 3}15.31659 {txt:(mean)}}{p_end}
{p2colreset}{...}
{txt}{p2colset 1 14 16 2}{...}
{p2col: }{space 2}{res:{txt:el_pct}{space 10}{txt:=} {space 3}15.76816 {txt:(mean)}}{p_end}
{p2colreset}{...}
{txt}{p2colset 1 14 16 2}{...}
{p2col: }{space 2}{res:{txt:meal_pct}{space 8}{txt:=} {space 3}44.70524 {txt:(mean)}}{p_end}
{p2colreset}{...}
{txt}{p2colset 1 14 16 2}{...}
{p2col: }{space 2}{res:{txt:comp_stu}{space 8}{txt:=} {space 3}.1359266 {txt:(mean)}}{p_end}
{p2colreset}{...}

{txt}{p2colset 1 14 16 2}{...}
{p2col:15._at}:{space 1}{res:{txt:str}{space 13}{txt:=} {space 9}14}{p_end}
{p2colreset}{...}
{txt}{p2colset 1 14 16 2}{...}
{p2col: }{space 2}{res:{txt:expn_stu_t}{space 6}{txt:=} {space 3}5.312408 {txt:(mean)}}{p_end}
{p2colreset}{...}
{txt}{p2colset 1 14 16 2}{...}
{p2col: }{space 2}{res:{txt:avginc}{space 10}{txt:=} {space 3}15.31659 {txt:(mean)}}{p_end}
{p2colreset}{...}
{txt}{p2colset 1 14 16 2}{...}
{p2col: }{space 2}{res:{txt:el_pct}{space 10}{txt:=} {space 3}15.76816 {txt:(mean)}}{p_end}
{p2colreset}{...}
{txt}{p2colset 1 14 16 2}{...}
{p2col: }{space 2}{res:{txt:meal_pct}{space 8}{txt:=} {space 3}44.70524 {txt:(mean)}}{p_end}
{p2colreset}{...}
{txt}{p2colset 1 14 16 2}{...}
{p2col: }{space 2}{res:{txt:comp_stu}{space 8}{txt:=} {space 3}.1359266 {txt:(mean)}}{p_end}
{p2colreset}{...}

{txt}{p2colset 1 14 16 2}{...}
{p2col:16._at}:{space 1}{res:{txt:str}{space 13}{txt:=} {space 9}15}{p_end}
{p2colreset}{...}
{txt}{p2colset 1 14 16 2}{...}
{p2col: }{space 2}{res:{txt:expn_stu_t}{space 6}{txt:=} {space 3}5.312408 {txt:(mean)}}{p_end}
{p2colreset}{...}
{txt}{p2colset 1 14 16 2}{...}
{p2col: }{space 2}{res:{txt:avginc}{space 10}{txt:=} {space 3}15.31659 {txt:(mean)}}{p_end}
{p2colreset}{...}
{txt}{p2colset 1 14 16 2}{...}
{p2col: }{space 2}{res:{txt:el_pct}{space 10}{txt:=} {space 3}15.76816 {txt:(mean)}}{p_end}
{p2colreset}{...}
{txt}{p2colset 1 14 16 2}{...}
{p2col: }{space 2}{res:{txt:meal_pct}{space 8}{txt:=} {space 3}44.70524 {txt:(mean)}}{p_end}
{p2colreset}{...}
{txt}{p2colset 1 14 16 2}{...}
{p2col: }{space 2}{res:{txt:comp_stu}{space 8}{txt:=} {space 3}.1359266 {txt:(mean)}}{p_end}
{p2colreset}{...}

{txt}{p2colset 1 14 16 2}{...}
{p2col:17._at}:{space 1}{res:{txt:str}{space 13}{txt:=} {space 9}16}{p_end}
{p2colreset}{...}
{txt}{p2colset 1 14 16 2}{...}
{p2col: }{space 2}{res:{txt:expn_stu_t}{space 6}{txt:=} {space 3}5.312408 {txt:(mean)}}{p_end}
{p2colreset}{...}
{txt}{p2colset 1 14 16 2}{...}
{p2col: }{space 2}{res:{txt:avginc}{space 10}{txt:=} {space 3}15.31659 {txt:(mean)}}{p_end}
{p2colreset}{...}
{txt}{p2colset 1 14 16 2}{...}
{p2col: }{space 2}{res:{txt:el_pct}{space 10}{txt:=} {space 3}15.76816 {txt:(mean)}}{p_end}
{p2colreset}{...}
{txt}{p2colset 1 14 16 2}{...}
{p2col: }{space 2}{res:{txt:meal_pct}{space 8}{txt:=} {space 3}44.70524 {txt:(mean)}}{p_end}
{p2colreset}{...}
{txt}{p2colset 1 14 16 2}{...}
{p2col: }{space 2}{res:{txt:comp_stu}{space 8}{txt:=} {space 3}.1359266 {txt:(mean)}}{p_end}
{p2colreset}{...}

{txt}{p2colset 1 14 16 2}{...}
{p2col:18._at}:{space 1}{res:{txt:str}{space 13}{txt:=} {space 9}17}{p_end}
{p2colreset}{...}
{txt}{p2colset 1 14 16 2}{...}
{p2col: }{space 2}{res:{txt:expn_stu_t}{space 6}{txt:=} {space 3}5.312408 {txt:(mean)}}{p_end}
{p2colreset}{...}
{txt}{p2colset 1 14 16 2}{...}
{p2col: }{space 2}{res:{txt:avginc}{space 10}{txt:=} {space 3}15.31659 {txt:(mean)}}{p_end}
{p2colreset}{...}
{txt}{p2colset 1 14 16 2}{...}
{p2col: }{space 2}{res:{txt:el_pct}{space 10}{txt:=} {space 3}15.76816 {txt:(mean)}}{p_end}
{p2colreset}{...}
{txt}{p2colset 1 14 16 2}{...}
{p2col: }{space 2}{res:{txt:meal_pct}{space 8}{txt:=} {space 3}44.70524 {txt:(mean)}}{p_end}
{p2colreset}{...}
{txt}{p2colset 1 14 16 2}{...}
{p2col: }{space 2}{res:{txt:comp_stu}{space 8}{txt:=} {space 3}.1359266 {txt:(mean)}}{p_end}
{p2colreset}{...}

{txt}{p2colset 1 14 16 2}{...}
{p2col:19._at}:{space 1}{res:{txt:str}{space 13}{txt:=} {space 9}18}{p_end}
{p2colreset}{...}
{txt}{p2colset 1 14 16 2}{...}
{p2col: }{space 2}{res:{txt:expn_stu_t}{space 6}{txt:=} {space 3}5.312408 {txt:(mean)}}{p_end}
{p2colreset}{...}
{txt}{p2colset 1 14 16 2}{...}
{p2col: }{space 2}{res:{txt:avginc}{space 10}{txt:=} {space 3}15.31659 {txt:(mean)}}{p_end}
{p2colreset}{...}
{txt}{p2colset 1 14 16 2}{...}
{p2col: }{space 2}{res:{txt:el_pct}{space 10}{txt:=} {space 3}15.76816 {txt:(mean)}}{p_end}
{p2colreset}{...}
{txt}{p2colset 1 14 16 2}{...}
{p2col: }{space 2}{res:{txt:meal_pct}{space 8}{txt:=} {space 3}44.70524 {txt:(mean)}}{p_end}
{p2colreset}{...}
{txt}{p2colset 1 14 16 2}{...}
{p2col: }{space 2}{res:{txt:comp_stu}{space 8}{txt:=} {space 3}.1359266 {txt:(mean)}}{p_end}
{p2colreset}{...}

{txt}{p2colset 1 14 16 2}{...}
{p2col:20._at}:{space 1}{res:{txt:str}{space 13}{txt:=} {space 9}19}{p_end}
{p2colreset}{...}
{txt}{p2colset 1 14 16 2}{...}
{p2col: }{space 2}{res:{txt:expn_stu_t}{space 6}{txt:=} {space 3}5.312408 {txt:(mean)}}{p_end}
{p2colreset}{...}
{txt}{p2colset 1 14 16 2}{...}
{p2col: }{space 2}{res:{txt:avginc}{space 10}{txt:=} {space 3}15.31659 {txt:(mean)}}{p_end}
{p2colreset}{...}
{txt}{p2colset 1 14 16 2}{...}
{p2col: }{space 2}{res:{txt:el_pct}{space 10}{txt:=} {space 3}15.76816 {txt:(mean)}}{p_end}
{p2colreset}{...}
{txt}{p2colset 1 14 16 2}{...}
{p2col: }{space 2}{res:{txt:meal_pct}{space 8}{txt:=} {space 3}44.70524 {txt:(mean)}}{p_end}
{p2colreset}{...}
{txt}{p2colset 1 14 16 2}{...}
{p2col: }{space 2}{res:{txt:comp_stu}{space 8}{txt:=} {space 3}.1359266 {txt:(mean)}}{p_end}
{p2colreset}{...}

{txt}{p2colset 1 14 16 2}{...}
{p2col:21._at}:{space 1}{res:{txt:str}{space 13}{txt:=} {space 9}20}{p_end}
{p2colreset}{...}
{txt}{p2colset 1 14 16 2}{...}
{p2col: }{space 2}{res:{txt:expn_stu_t}{space 6}{txt:=} {space 3}5.312408 {txt:(mean)}}{p_end}
{p2colreset}{...}
{txt}{p2colset 1 14 16 2}{...}
{p2col: }{space 2}{res:{txt:avginc}{space 10}{txt:=} {space 3}15.31659 {txt:(mean)}}{p_end}
{p2colreset}{...}
{txt}{p2colset 1 14 16 2}{...}
{p2col: }{space 2}{res:{txt:el_pct}{space 10}{txt:=} {space 3}15.76816 {txt:(mean)}}{p_end}
{p2colreset}{...}
{txt}{p2colset 1 14 16 2}{...}
{p2col: }{space 2}{res:{txt:meal_pct}{space 8}{txt:=} {space 3}44.70524 {txt:(mean)}}{p_end}
{p2colreset}{...}
{txt}{p2colset 1 14 16 2}{...}
{p2col: }{space 2}{res:{txt:comp_stu}{space 8}{txt:=} {space 3}.1359266 {txt:(mean)}}{p_end}
{p2colreset}{...}

{txt}{p2colset 1 14 16 2}{...}
{p2col:22._at}:{space 1}{res:{txt:str}{space 13}{txt:=} {space 9}21}{p_end}
{p2colreset}{...}
{txt}{p2colset 1 14 16 2}{...}
{p2col: }{space 2}{res:{txt:expn_stu_t}{space 6}{txt:=} {space 3}5.312408 {txt:(mean)}}{p_end}
{p2colreset}{...}
{txt}{p2colset 1 14 16 2}{...}
{p2col: }{space 2}{res:{txt:avginc}{space 10}{txt:=} {space 3}15.31659 {txt:(mean)}}{p_end}
{p2colreset}{...}
{txt}{p2colset 1 14 16 2}{...}
{p2col: }{space 2}{res:{txt:el_pct}{space 10}{txt:=} {space 3}15.76816 {txt:(mean)}}{p_end}
{p2colreset}{...}
{txt}{p2colset 1 14 16 2}{...}
{p2col: }{space 2}{res:{txt:meal_pct}{space 8}{txt:=} {space 3}44.70524 {txt:(mean)}}{p_end}
{p2colreset}{...}
{txt}{p2colset 1 14 16 2}{...}
{p2col: }{space 2}{res:{txt:comp_stu}{space 8}{txt:=} {space 3}.1359266 {txt:(mean)}}{p_end}
{p2colreset}{...}

{txt}{p2colset 1 14 16 2}{...}
{p2col:23._at}:{space 1}{res:{txt:str}{space 13}{txt:=} {space 9}22}{p_end}
{p2colreset}{...}
{txt}{p2colset 1 14 16 2}{...}
{p2col: }{space 2}{res:{txt:expn_stu_t}{space 6}{txt:=} {space 3}5.312408 {txt:(mean)}}{p_end}
{p2colreset}{...}
{txt}{p2colset 1 14 16 2}{...}
{p2col: }{space 2}{res:{txt:avginc}{space 10}{txt:=} {space 3}15.31659 {txt:(mean)}}{p_end}
{p2colreset}{...}
{txt}{p2colset 1 14 16 2}{...}
{p2col: }{space 2}{res:{txt:el_pct}{space 10}{txt:=} {space 3}15.76816 {txt:(mean)}}{p_end}
{p2colreset}{...}
{txt}{p2colset 1 14 16 2}{...}
{p2col: }{space 2}{res:{txt:meal_pct}{space 8}{txt:=} {space 3}44.70524 {txt:(mean)}}{p_end}
{p2colreset}{...}
{txt}{p2colset 1 14 16 2}{...}
{p2col: }{space 2}{res:{txt:comp_stu}{space 8}{txt:=} {space 3}.1359266 {txt:(mean)}}{p_end}
{p2colreset}{...}

{txt}{p2colset 1 14 16 2}{...}
{p2col:24._at}:{space 1}{res:{txt:str}{space 13}{txt:=} {space 9}23}{p_end}
{p2colreset}{...}
{txt}{p2colset 1 14 16 2}{...}
{p2col: }{space 2}{res:{txt:expn_stu_t}{space 6}{txt:=} {space 3}5.312408 {txt:(mean)}}{p_end}
{p2colreset}{...}
{txt}{p2colset 1 14 16 2}{...}
{p2col: }{space 2}{res:{txt:avginc}{space 10}{txt:=} {space 3}15.31659 {txt:(mean)}}{p_end}
{p2colreset}{...}
{txt}{p2colset 1 14 16 2}{...}
{p2col: }{space 2}{res:{txt:el_pct}{space 10}{txt:=} {space 3}15.76816 {txt:(mean)}}{p_end}
{p2colreset}{...}
{txt}{p2colset 1 14 16 2}{...}
{p2col: }{space 2}{res:{txt:meal_pct}{space 8}{txt:=} {space 3}44.70524 {txt:(mean)}}{p_end}
{p2colreset}{...}
{txt}{p2colset 1 14 16 2}{...}
{p2col: }{space 2}{res:{txt:comp_stu}{space 8}{txt:=} {space 3}.1359266 {txt:(mean)}}{p_end}
{p2colreset}{...}

{txt}{p2colset 1 14 16 2}{...}
{p2col:25._at}:{space 1}{res:{txt:str}{space 13}{txt:=} {space 9}24}{p_end}
{p2colreset}{...}
{txt}{p2colset 1 14 16 2}{...}
{p2col: }{space 2}{res:{txt:expn_stu_t}{space 6}{txt:=} {space 3}5.312408 {txt:(mean)}}{p_end}
{p2colreset}{...}
{txt}{p2colset 1 14 16 2}{...}
{p2col: }{space 2}{res:{txt:avginc}{space 10}{txt:=} {space 3}15.31659 {txt:(mean)}}{p_end}
{p2colreset}{...}
{txt}{p2colset 1 14 16 2}{...}
{p2col: }{space 2}{res:{txt:el_pct}{space 10}{txt:=} {space 3}15.76816 {txt:(mean)}}{p_end}
{p2colreset}{...}
{txt}{p2colset 1 14 16 2}{...}
{p2col: }{space 2}{res:{txt:meal_pct}{space 8}{txt:=} {space 3}44.70524 {txt:(mean)}}{p_end}
{p2colreset}{...}
{txt}{p2colset 1 14 16 2}{...}
{p2col: }{space 2}{res:{txt:comp_stu}{space 8}{txt:=} {space 3}.1359266 {txt:(mean)}}{p_end}
{p2colreset}{...}

{txt}{p2colset 1 14 16 2}{...}
{p2col:26._at}:{space 1}{res:{txt:str}{space 13}{txt:=} {space 9}25}{p_end}
{p2colreset}{...}
{txt}{p2colset 1 14 16 2}{...}
{p2col: }{space 2}{res:{txt:expn_stu_t}{space 6}{txt:=} {space 3}5.312408 {txt:(mean)}}{p_end}
{p2colreset}{...}
{txt}{p2colset 1 14 16 2}{...}
{p2col: }{space 2}{res:{txt:avginc}{space 10}{txt:=} {space 3}15.31659 {txt:(mean)}}{p_end}
{p2colreset}{...}
{txt}{p2colset 1 14 16 2}{...}
{p2col: }{space 2}{res:{txt:el_pct}{space 10}{txt:=} {space 3}15.76816 {txt:(mean)}}{p_end}
{p2colreset}{...}
{txt}{p2colset 1 14 16 2}{...}
{p2col: }{space 2}{res:{txt:meal_pct}{space 8}{txt:=} {space 3}44.70524 {txt:(mean)}}{p_end}
{p2colreset}{...}
{txt}{p2colset 1 14 16 2}{...}
{p2col: }{space 2}{res:{txt:comp_stu}{space 8}{txt:=} {space 3}.1359266 {txt:(mean)}}{p_end}
{p2colreset}{...}

{txt}{p2colset 1 14 16 2}{...}
{p2col:27._at}:{space 1}{res:{txt:str}{space 13}{txt:=} {space 9}26}{p_end}
{p2colreset}{...}
{txt}{p2colset 1 14 16 2}{...}
{p2col: }{space 2}{res:{txt:expn_stu_t}{space 6}{txt:=} {space 3}5.312408 {txt:(mean)}}{p_end}
{p2colreset}{...}
{txt}{p2colset 1 14 16 2}{...}
{p2col: }{space 2}{res:{txt:avginc}{space 10}{txt:=} {space 3}15.31659 {txt:(mean)}}{p_end}
{p2colreset}{...}
{txt}{p2colset 1 14 16 2}{...}
{p2col: }{space 2}{res:{txt:el_pct}{space 10}{txt:=} {space 3}15.76816 {txt:(mean)}}{p_end}
{p2colreset}{...}
{txt}{p2colset 1 14 16 2}{...}
{p2col: }{space 2}{res:{txt:meal_pct}{space 8}{txt:=} {space 3}44.70524 {txt:(mean)}}{p_end}
{p2colreset}{...}
{txt}{p2colset 1 14 16 2}{...}
{p2col: }{space 2}{res:{txt:comp_stu}{space 8}{txt:=} {space 3}.1359266 {txt:(mean)}}{p_end}
{p2colreset}{...}

{txt}{p2colset 1 14 16 2}{...}
{p2col:28._at}:{space 1}{res:{txt:str}{space 13}{txt:=} {space 9}27}{p_end}
{p2colreset}{...}
{txt}{p2colset 1 14 16 2}{...}
{p2col: }{space 2}{res:{txt:expn_stu_t}{space 6}{txt:=} {space 3}5.312408 {txt:(mean)}}{p_end}
{p2colreset}{...}
{txt}{p2colset 1 14 16 2}{...}
{p2col: }{space 2}{res:{txt:avginc}{space 10}{txt:=} {space 3}15.31659 {txt:(mean)}}{p_end}
{p2colreset}{...}
{txt}{p2colset 1 14 16 2}{...}
{p2col: }{space 2}{res:{txt:el_pct}{space 10}{txt:=} {space 3}15.76816 {txt:(mean)}}{p_end}
{p2colreset}{...}
{txt}{p2colset 1 14 16 2}{...}
{p2col: }{space 2}{res:{txt:meal_pct}{space 8}{txt:=} {space 3}44.70524 {txt:(mean)}}{p_end}
{p2colreset}{...}
{txt}{p2colset 1 14 16 2}{...}
{p2col: }{space 2}{res:{txt:comp_stu}{space 8}{txt:=} {space 3}.1359266 {txt:(mean)}}{p_end}
{p2colreset}{...}

{txt}{p2colset 1 14 16 2}{...}
{p2col:29._at}:{space 1}{res:{txt:str}{space 13}{txt:=} {space 9}28}{p_end}
{p2colreset}{...}
{txt}{p2colset 1 14 16 2}{...}
{p2col: }{space 2}{res:{txt:expn_stu_t}{space 6}{txt:=} {space 3}5.312408 {txt:(mean)}}{p_end}
{p2colreset}{...}
{txt}{p2colset 1 14 16 2}{...}
{p2col: }{space 2}{res:{txt:avginc}{space 10}{txt:=} {space 3}15.31659 {txt:(mean)}}{p_end}
{p2colreset}{...}
{txt}{p2colset 1 14 16 2}{...}
{p2col: }{space 2}{res:{txt:el_pct}{space 10}{txt:=} {space 3}15.76816 {txt:(mean)}}{p_end}
{p2colreset}{...}
{txt}{p2colset 1 14 16 2}{...}
{p2col: }{space 2}{res:{txt:meal_pct}{space 8}{txt:=} {space 3}44.70524 {txt:(mean)}}{p_end}
{p2colreset}{...}
{txt}{p2colset 1 14 16 2}{...}
{p2col: }{space 2}{res:{txt:comp_stu}{space 8}{txt:=} {space 3}.1359266 {txt:(mean)}}{p_end}
{p2colreset}{...}

{txt}{p2colset 1 14 16 2}{...}
{p2col:30._at}:{space 1}{res:{txt:str}{space 13}{txt:=} {space 9}29}{p_end}
{p2colreset}{...}
{txt}{p2colset 1 14 16 2}{...}
{p2col: }{space 2}{res:{txt:expn_stu_t}{space 6}{txt:=} {space 3}5.312408 {txt:(mean)}}{p_end}
{p2colreset}{...}
{txt}{p2colset 1 14 16 2}{...}
{p2col: }{space 2}{res:{txt:avginc}{space 10}{txt:=} {space 3}15.31659 {txt:(mean)}}{p_end}
{p2colreset}{...}
{txt}{p2colset 1 14 16 2}{...}
{p2col: }{space 2}{res:{txt:el_pct}{space 10}{txt:=} {space 3}15.76816 {txt:(mean)}}{p_end}
{p2colreset}{...}
{txt}{p2colset 1 14 16 2}{...}
{p2col: }{space 2}{res:{txt:meal_pct}{space 8}{txt:=} {space 3}44.70524 {txt:(mean)}}{p_end}
{p2colreset}{...}
{txt}{p2colset 1 14 16 2}{...}
{p2col: }{space 2}{res:{txt:comp_stu}{space 8}{txt:=} {space 3}.1359266 {txt:(mean)}}{p_end}
{p2colreset}{...}

{txt}{p2colset 1 14 16 2}{...}
{p2col:31._at}:{space 1}{res:{txt:str}{space 13}{txt:=} {space 9}30}{p_end}
{p2colreset}{...}
{txt}{p2colset 1 14 16 2}{...}
{p2col: }{space 2}{res:{txt:expn_stu_t}{space 6}{txt:=} {space 3}5.312408 {txt:(mean)}}{p_end}
{p2colreset}{...}
{txt}{p2colset 1 14 16 2}{...}
{p2col: }{space 2}{res:{txt:avginc}{space 10}{txt:=} {space 3}15.31659 {txt:(mean)}}{p_end}
{p2colreset}{...}
{txt}{p2colset 1 14 16 2}{...}
{p2col: }{space 2}{res:{txt:el_pct}{space 10}{txt:=} {space 3}15.76816 {txt:(mean)}}{p_end}
{p2colreset}{...}
{txt}{p2colset 1 14 16 2}{...}
{p2col: }{space 2}{res:{txt:meal_pct}{space 8}{txt:=} {space 3}44.70524 {txt:(mean)}}{p_end}
{p2colreset}{...}
{txt}{p2colset 1 14 16 2}{...}
{p2col: }{space 2}{res:{txt:comp_stu}{space 8}{txt:=} {space 3}.1359266 {txt:(mean)}}{p_end}
{p2colreset}{...}

{txt}{p2colset 1 14 16 2}{...}
{p2col:32._at}:{space 1}{res:{txt:str}{space 13}{txt:=} {space 9}31}{p_end}
{p2colreset}{...}
{txt}{p2colset 1 14 16 2}{...}
{p2col: }{space 2}{res:{txt:expn_stu_t}{space 6}{txt:=} {space 3}5.312408 {txt:(mean)}}{p_end}
{p2colreset}{...}
{txt}{p2colset 1 14 16 2}{...}
{p2col: }{space 2}{res:{txt:avginc}{space 10}{txt:=} {space 3}15.31659 {txt:(mean)}}{p_end}
{p2colreset}{...}
{txt}{p2colset 1 14 16 2}{...}
{p2col: }{space 2}{res:{txt:el_pct}{space 10}{txt:=} {space 3}15.76816 {txt:(mean)}}{p_end}
{p2colreset}{...}
{txt}{p2colset 1 14 16 2}{...}
{p2col: }{space 2}{res:{txt:meal_pct}{space 8}{txt:=} {space 3}44.70524 {txt:(mean)}}{p_end}
{p2colreset}{...}
{txt}{p2colset 1 14 16 2}{...}
{p2col: }{space 2}{res:{txt:comp_stu}{space 8}{txt:=} {space 3}.1359266 {txt:(mean)}}{p_end}
{p2colreset}{...}

{txt}{p2colset 1 14 16 2}{...}
{p2col:33._at}:{space 1}{res:{txt:str}{space 13}{txt:=} {space 9}32}{p_end}
{p2colreset}{...}
{txt}{p2colset 1 14 16 2}{...}
{p2col: }{space 2}{res:{txt:expn_stu_t}{space 6}{txt:=} {space 3}5.312408 {txt:(mean)}}{p_end}
{p2colreset}{...}
{txt}{p2colset 1 14 16 2}{...}
{p2col: }{space 2}{res:{txt:avginc}{space 10}{txt:=} {space 3}15.31659 {txt:(mean)}}{p_end}
{p2colreset}{...}
{txt}{p2colset 1 14 16 2}{...}
{p2col: }{space 2}{res:{txt:el_pct}{space 10}{txt:=} {space 3}15.76816 {txt:(mean)}}{p_end}
{p2colreset}{...}
{txt}{p2colset 1 14 16 2}{...}
{p2col: }{space 2}{res:{txt:meal_pct}{space 8}{txt:=} {space 3}44.70524 {txt:(mean)}}{p_end}
{p2colreset}{...}
{txt}{p2colset 1 14 16 2}{...}
{p2col: }{space 2}{res:{txt:comp_stu}{space 8}{txt:=} {space 3}.1359266 {txt:(mean)}}{p_end}
{p2colreset}{...}

{txt}{p2colset 1 14 16 2}{...}
{p2col:34._at}:{space 1}{res:{txt:str}{space 13}{txt:=} {space 9}33}{p_end}
{p2colreset}{...}
{txt}{p2colset 1 14 16 2}{...}
{p2col: }{space 2}{res:{txt:expn_stu_t}{space 6}{txt:=} {space 3}5.312408 {txt:(mean)}}{p_end}
{p2colreset}{...}
{txt}{p2colset 1 14 16 2}{...}
{p2col: }{space 2}{res:{txt:avginc}{space 10}{txt:=} {space 3}15.31659 {txt:(mean)}}{p_end}
{p2colreset}{...}
{txt}{p2colset 1 14 16 2}{...}
{p2col: }{space 2}{res:{txt:el_pct}{space 10}{txt:=} {space 3}15.76816 {txt:(mean)}}{p_end}
{p2colreset}{...}
{txt}{p2colset 1 14 16 2}{...}
{p2col: }{space 2}{res:{txt:meal_pct}{space 8}{txt:=} {space 3}44.70524 {txt:(mean)}}{p_end}
{p2colreset}{...}
{txt}{p2colset 1 14 16 2}{...}
{p2col: }{space 2}{res:{txt:comp_stu}{space 8}{txt:=} {space 3}.1359266 {txt:(mean)}}{p_end}
{p2colreset}{...}

{txt}{p2colset 1 14 16 2}{...}
{p2col:35._at}:{space 1}{res:{txt:str}{space 13}{txt:=} {space 9}34}{p_end}
{p2colreset}{...}
{txt}{p2colset 1 14 16 2}{...}
{p2col: }{space 2}{res:{txt:expn_stu_t}{space 6}{txt:=} {space 3}5.312408 {txt:(mean)}}{p_end}
{p2colreset}{...}
{txt}{p2colset 1 14 16 2}{...}
{p2col: }{space 2}{res:{txt:avginc}{space 10}{txt:=} {space 3}15.31659 {txt:(mean)}}{p_end}
{p2colreset}{...}
{txt}{p2colset 1 14 16 2}{...}
{p2col: }{space 2}{res:{txt:el_pct}{space 10}{txt:=} {space 3}15.76816 {txt:(mean)}}{p_end}
{p2colreset}{...}
{txt}{p2colset 1 14 16 2}{...}
{p2col: }{space 2}{res:{txt:meal_pct}{space 8}{txt:=} {space 3}44.70524 {txt:(mean)}}{p_end}
{p2colreset}{...}
{txt}{p2colset 1 14 16 2}{...}
{p2col: }{space 2}{res:{txt:comp_stu}{space 8}{txt:=} {space 3}.1359266 {txt:(mean)}}{p_end}
{p2colreset}{...}

{txt}{p2colset 1 14 16 2}{...}
{p2col:36._at}:{space 1}{res:{txt:str}{space 13}{txt:=} {space 9}35}{p_end}
{p2colreset}{...}
{txt}{p2colset 1 14 16 2}{...}
{p2col: }{space 2}{res:{txt:expn_stu_t}{space 6}{txt:=} {space 3}5.312408 {txt:(mean)}}{p_end}
{p2colreset}{...}
{txt}{p2colset 1 14 16 2}{...}
{p2col: }{space 2}{res:{txt:avginc}{space 10}{txt:=} {space 3}15.31659 {txt:(mean)}}{p_end}
{p2colreset}{...}
{txt}{p2colset 1 14 16 2}{...}
{p2col: }{space 2}{res:{txt:el_pct}{space 10}{txt:=} {space 3}15.76816 {txt:(mean)}}{p_end}
{p2colreset}{...}
{txt}{p2colset 1 14 16 2}{...}
{p2col: }{space 2}{res:{txt:meal_pct}{space 8}{txt:=} {space 3}44.70524 {txt:(mean)}}{p_end}
{p2colreset}{...}
{txt}{p2colset 1 14 16 2}{...}
{p2col: }{space 2}{res:{txt:comp_stu}{space 8}{txt:=} {space 3}.1359266 {txt:(mean)}}{p_end}
{p2colreset}{...}

{txt}{p2colset 1 14 16 2}{...}
{p2col:37._at}:{space 1}{res:{txt:str}{space 13}{txt:=} {space 9}36}{p_end}
{p2colreset}{...}
{txt}{p2colset 1 14 16 2}{...}
{p2col: }{space 2}{res:{txt:expn_stu_t}{space 6}{txt:=} {space 3}5.312408 {txt:(mean)}}{p_end}
{p2colreset}{...}
{txt}{p2colset 1 14 16 2}{...}
{p2col: }{space 2}{res:{txt:avginc}{space 10}{txt:=} {space 3}15.31659 {txt:(mean)}}{p_end}
{p2colreset}{...}
{txt}{p2colset 1 14 16 2}{...}
{p2col: }{space 2}{res:{txt:el_pct}{space 10}{txt:=} {space 3}15.76816 {txt:(mean)}}{p_end}
{p2colreset}{...}
{txt}{p2colset 1 14 16 2}{...}
{p2col: }{space 2}{res:{txt:meal_pct}{space 8}{txt:=} {space 3}44.70524 {txt:(mean)}}{p_end}
{p2colreset}{...}
{txt}{p2colset 1 14 16 2}{...}
{p2col: }{space 2}{res:{txt:comp_stu}{space 8}{txt:=} {space 3}.1359266 {txt:(mean)}}{p_end}
{p2colreset}{...}

{txt}{p2colset 1 14 16 2}{...}
{p2col:38._at}:{space 1}{res:{txt:str}{space 13}{txt:=} {space 9}37}{p_end}
{p2colreset}{...}
{txt}{p2colset 1 14 16 2}{...}
{p2col: }{space 2}{res:{txt:expn_stu_t}{space 6}{txt:=} {space 3}5.312408 {txt:(mean)}}{p_end}
{p2colreset}{...}
{txt}{p2colset 1 14 16 2}{...}
{p2col: }{space 2}{res:{txt:avginc}{space 10}{txt:=} {space 3}15.31659 {txt:(mean)}}{p_end}
{p2colreset}{...}
{txt}{p2colset 1 14 16 2}{...}
{p2col: }{space 2}{res:{txt:el_pct}{space 10}{txt:=} {space 3}15.76816 {txt:(mean)}}{p_end}
{p2colreset}{...}
{txt}{p2colset 1 14 16 2}{...}
{p2col: }{space 2}{res:{txt:meal_pct}{space 8}{txt:=} {space 3}44.70524 {txt:(mean)}}{p_end}
{p2colreset}{...}
{txt}{p2colset 1 14 16 2}{...}
{p2col: }{space 2}{res:{txt:comp_stu}{space 8}{txt:=} {space 3}.1359266 {txt:(mean)}}{p_end}
{p2colreset}{...}

{txt}{p2colset 1 14 16 2}{...}
{p2col:39._at}:{space 1}{res:{txt:str}{space 13}{txt:=} {space 9}38}{p_end}
{p2colreset}{...}
{txt}{p2colset 1 14 16 2}{...}
{p2col: }{space 2}{res:{txt:expn_stu_t}{space 6}{txt:=} {space 3}5.312408 {txt:(mean)}}{p_end}
{p2colreset}{...}
{txt}{p2colset 1 14 16 2}{...}
{p2col: }{space 2}{res:{txt:avginc}{space 10}{txt:=} {space 3}15.31659 {txt:(mean)}}{p_end}
{p2colreset}{...}
{txt}{p2colset 1 14 16 2}{...}
{p2col: }{space 2}{res:{txt:el_pct}{space 10}{txt:=} {space 3}15.76816 {txt:(mean)}}{p_end}
{p2colreset}{...}
{txt}{p2colset 1 14 16 2}{...}
{p2col: }{space 2}{res:{txt:meal_pct}{space 8}{txt:=} {space 3}44.70524 {txt:(mean)}}{p_end}
{p2colreset}{...}
{txt}{p2colset 1 14 16 2}{...}
{p2col: }{space 2}{res:{txt:comp_stu}{space 8}{txt:=} {space 3}.1359266 {txt:(mean)}}{p_end}
{p2colreset}{...}

{txt}{p2colset 1 14 16 2}{...}
{p2col:40._at}:{space 1}{res:{txt:str}{space 13}{txt:=} {space 9}39}{p_end}
{p2colreset}{...}
{txt}{p2colset 1 14 16 2}{...}
{p2col: }{space 2}{res:{txt:expn_stu_t}{space 6}{txt:=} {space 3}5.312408 {txt:(mean)}}{p_end}
{p2colreset}{...}
{txt}{p2colset 1 14 16 2}{...}
{p2col: }{space 2}{res:{txt:avginc}{space 10}{txt:=} {space 3}15.31659 {txt:(mean)}}{p_end}
{p2colreset}{...}
{txt}{p2colset 1 14 16 2}{...}
{p2col: }{space 2}{res:{txt:el_pct}{space 10}{txt:=} {space 3}15.76816 {txt:(mean)}}{p_end}
{p2colreset}{...}
{txt}{p2colset 1 14 16 2}{...}
{p2col: }{space 2}{res:{txt:meal_pct}{space 8}{txt:=} {space 3}44.70524 {txt:(mean)}}{p_end}
{p2colreset}{...}
{txt}{p2colset 1 14 16 2}{...}
{p2col: }{space 2}{res:{txt:comp_stu}{space 8}{txt:=} {space 3}.1359266 {txt:(mean)}}{p_end}
{p2colreset}{...}

{txt}{p2colset 1 14 16 2}{...}
{p2col:41._at}:{space 1}{res:{txt:str}{space 13}{txt:=} {space 9}40}{p_end}
{p2colreset}{...}
{txt}{p2colset 1 14 16 2}{...}
{p2col: }{space 2}{res:{txt:expn_stu_t}{space 6}{txt:=} {space 3}5.312408 {txt:(mean)}}{p_end}
{p2colreset}{...}
{txt}{p2colset 1 14 16 2}{...}
{p2col: }{space 2}{res:{txt:avginc}{space 10}{txt:=} {space 3}15.31659 {txt:(mean)}}{p_end}
{p2colreset}{...}
{txt}{p2colset 1 14 16 2}{...}
{p2col: }{space 2}{res:{txt:el_pct}{space 10}{txt:=} {space 3}15.76816 {txt:(mean)}}{p_end}
{p2colreset}{...}
{txt}{p2colset 1 14 16 2}{...}
{p2col: }{space 2}{res:{txt:meal_pct}{space 8}{txt:=} {space 3}44.70524 {txt:(mean)}}{p_end}
{p2colreset}{...}
{txt}{p2colset 1 14 16 2}{...}
{p2col: }{space 2}{res:{txt:comp_stu}{space 8}{txt:=} {space 3}.1359266 {txt:(mean)}}{p_end}
{p2colreset}{...}

{txt}{p2colset 1 14 16 2}{...}
{p2col:42._at}:{space 1}{res:{txt:str}{space 13}{txt:=} {space 9}41}{p_end}
{p2colreset}{...}
{txt}{p2colset 1 14 16 2}{...}
{p2col: }{space 2}{res:{txt:expn_stu_t}{space 6}{txt:=} {space 3}5.312408 {txt:(mean)}}{p_end}
{p2colreset}{...}
{txt}{p2colset 1 14 16 2}{...}
{p2col: }{space 2}{res:{txt:avginc}{space 10}{txt:=} {space 3}15.31659 {txt:(mean)}}{p_end}
{p2colreset}{...}
{txt}{p2colset 1 14 16 2}{...}
{p2col: }{space 2}{res:{txt:el_pct}{space 10}{txt:=} {space 3}15.76816 {txt:(mean)}}{p_end}
{p2colreset}{...}
{txt}{p2colset 1 14 16 2}{...}
{p2col: }{space 2}{res:{txt:meal_pct}{space 8}{txt:=} {space 3}44.70524 {txt:(mean)}}{p_end}
{p2colreset}{...}
{txt}{p2colset 1 14 16 2}{...}
{p2col: }{space 2}{res:{txt:comp_stu}{space 8}{txt:=} {space 3}.1359266 {txt:(mean)}}{p_end}
{p2colreset}{...}

{txt}{p2colset 1 14 16 2}{...}
{p2col:43._at}:{space 1}{res:{txt:str}{space 13}{txt:=} {space 9}42}{p_end}
{p2colreset}{...}
{txt}{p2colset 1 14 16 2}{...}
{p2col: }{space 2}{res:{txt:expn_stu_t}{space 6}{txt:=} {space 3}5.312408 {txt:(mean)}}{p_end}
{p2colreset}{...}
{txt}{p2colset 1 14 16 2}{...}
{p2col: }{space 2}{res:{txt:avginc}{space 10}{txt:=} {space 3}15.31659 {txt:(mean)}}{p_end}
{p2colreset}{...}
{txt}{p2colset 1 14 16 2}{...}
{p2col: }{space 2}{res:{txt:el_pct}{space 10}{txt:=} {space 3}15.76816 {txt:(mean)}}{p_end}
{p2colreset}{...}
{txt}{p2colset 1 14 16 2}{...}
{p2col: }{space 2}{res:{txt:meal_pct}{space 8}{txt:=} {space 3}44.70524 {txt:(mean)}}{p_end}
{p2colreset}{...}
{txt}{p2colset 1 14 16 2}{...}
{p2col: }{space 2}{res:{txt:comp_stu}{space 8}{txt:=} {space 3}.1359266 {txt:(mean)}}{p_end}
{p2colreset}{...}

{txt}{p2colset 1 14 16 2}{...}
{p2col:44._at}:{space 1}{res:{txt:str}{space 13}{txt:=} {space 9}43}{p_end}
{p2colreset}{...}
{txt}{p2colset 1 14 16 2}{...}
{p2col: }{space 2}{res:{txt:expn_stu_t}{space 6}{txt:=} {space 3}5.312408 {txt:(mean)}}{p_end}
{p2colreset}{...}
{txt}{p2colset 1 14 16 2}{...}
{p2col: }{space 2}{res:{txt:avginc}{space 10}{txt:=} {space 3}15.31659 {txt:(mean)}}{p_end}
{p2colreset}{...}
{txt}{p2colset 1 14 16 2}{...}
{p2col: }{space 2}{res:{txt:el_pct}{space 10}{txt:=} {space 3}15.76816 {txt:(mean)}}{p_end}
{p2colreset}{...}
{txt}{p2colset 1 14 16 2}{...}
{p2col: }{space 2}{res:{txt:meal_pct}{space 8}{txt:=} {space 3}44.70524 {txt:(mean)}}{p_end}
{p2colreset}{...}
{txt}{p2colset 1 14 16 2}{...}
{p2col: }{space 2}{res:{txt:comp_stu}{space 8}{txt:=} {space 3}.1359266 {txt:(mean)}}{p_end}
{p2colreset}{...}

{txt}{p2colset 1 14 16 2}{...}
{p2col:45._at}:{space 1}{res:{txt:str}{space 13}{txt:=} {space 9}44}{p_end}
{p2colreset}{...}
{txt}{p2colset 1 14 16 2}{...}
{p2col: }{space 2}{res:{txt:expn_stu_t}{space 6}{txt:=} {space 3}5.312408 {txt:(mean)}}{p_end}
{p2colreset}{...}
{txt}{p2colset 1 14 16 2}{...}
{p2col: }{space 2}{res:{txt:avginc}{space 10}{txt:=} {space 3}15.31659 {txt:(mean)}}{p_end}
{p2colreset}{...}
{txt}{p2colset 1 14 16 2}{...}
{p2col: }{space 2}{res:{txt:el_pct}{space 10}{txt:=} {space 3}15.76816 {txt:(mean)}}{p_end}
{p2colreset}{...}
{txt}{p2colset 1 14 16 2}{...}
{p2col: }{space 2}{res:{txt:meal_pct}{space 8}{txt:=} {space 3}44.70524 {txt:(mean)}}{p_end}
{p2colreset}{...}
{txt}{p2colset 1 14 16 2}{...}
{p2col: }{space 2}{res:{txt:comp_stu}{space 8}{txt:=} {space 3}.1359266 {txt:(mean)}}{p_end}
{p2colreset}{...}

{txt}{p2colset 1 14 16 2}{...}
{p2col:46._at}:{space 1}{res:{txt:str}{space 13}{txt:=} {space 9}45}{p_end}
{p2colreset}{...}
{txt}{p2colset 1 14 16 2}{...}
{p2col: }{space 2}{res:{txt:expn_stu_t}{space 6}{txt:=} {space 3}5.312408 {txt:(mean)}}{p_end}
{p2colreset}{...}
{txt}{p2colset 1 14 16 2}{...}
{p2col: }{space 2}{res:{txt:avginc}{space 10}{txt:=} {space 3}15.31659 {txt:(mean)}}{p_end}
{p2colreset}{...}
{txt}{p2colset 1 14 16 2}{...}
{p2col: }{space 2}{res:{txt:el_pct}{space 10}{txt:=} {space 3}15.76816 {txt:(mean)}}{p_end}
{p2colreset}{...}
{txt}{p2colset 1 14 16 2}{...}
{p2col: }{space 2}{res:{txt:meal_pct}{space 8}{txt:=} {space 3}44.70524 {txt:(mean)}}{p_end}
{p2colreset}{...}
{txt}{p2colset 1 14 16 2}{...}
{p2col: }{space 2}{res:{txt:comp_stu}{space 8}{txt:=} {space 3}.1359266 {txt:(mean)}}{p_end}
{p2colreset}{...}

{txt}{p2colset 1 14 16 2}{...}
{p2col:47._at}:{space 1}{res:{txt:str}{space 13}{txt:=} {space 9}46}{p_end}
{p2colreset}{...}
{txt}{p2colset 1 14 16 2}{...}
{p2col: }{space 2}{res:{txt:expn_stu_t}{space 6}{txt:=} {space 3}5.312408 {txt:(mean)}}{p_end}
{p2colreset}{...}
{txt}{p2colset 1 14 16 2}{...}
{p2col: }{space 2}{res:{txt:avginc}{space 10}{txt:=} {space 3}15.31659 {txt:(mean)}}{p_end}
{p2colreset}{...}
{txt}{p2colset 1 14 16 2}{...}
{p2col: }{space 2}{res:{txt:el_pct}{space 10}{txt:=} {space 3}15.76816 {txt:(mean)}}{p_end}
{p2colreset}{...}
{txt}{p2colset 1 14 16 2}{...}
{p2col: }{space 2}{res:{txt:meal_pct}{space 8}{txt:=} {space 3}44.70524 {txt:(mean)}}{p_end}
{p2colreset}{...}
{txt}{p2colset 1 14 16 2}{...}
{p2col: }{space 2}{res:{txt:comp_stu}{space 8}{txt:=} {space 3}.1359266 {txt:(mean)}}{p_end}
{p2colreset}{...}

{txt}{p2colset 1 14 16 2}{...}
{p2col:48._at}:{space 1}{res:{txt:str}{space 13}{txt:=} {space 9}47}{p_end}
{p2colreset}{...}
{txt}{p2colset 1 14 16 2}{...}
{p2col: }{space 2}{res:{txt:expn_stu_t}{space 6}{txt:=} {space 3}5.312408 {txt:(mean)}}{p_end}
{p2colreset}{...}
{txt}{p2colset 1 14 16 2}{...}
{p2col: }{space 2}{res:{txt:avginc}{space 10}{txt:=} {space 3}15.31659 {txt:(mean)}}{p_end}
{p2colreset}{...}
{txt}{p2colset 1 14 16 2}{...}
{p2col: }{space 2}{res:{txt:el_pct}{space 10}{txt:=} {space 3}15.76816 {txt:(mean)}}{p_end}
{p2colreset}{...}
{txt}{p2colset 1 14 16 2}{...}
{p2col: }{space 2}{res:{txt:meal_pct}{space 8}{txt:=} {space 3}44.70524 {txt:(mean)}}{p_end}
{p2colreset}{...}
{txt}{p2colset 1 14 16 2}{...}
{p2col: }{space 2}{res:{txt:comp_stu}{space 8}{txt:=} {space 3}.1359266 {txt:(mean)}}{p_end}
{p2colreset}{...}

{txt}{p2colset 1 14 16 2}{...}
{p2col:49._at}:{space 1}{res:{txt:str}{space 13}{txt:=} {space 9}48}{p_end}
{p2colreset}{...}
{txt}{p2colset 1 14 16 2}{...}
{p2col: }{space 2}{res:{txt:expn_stu_t}{space 6}{txt:=} {space 3}5.312408 {txt:(mean)}}{p_end}
{p2colreset}{...}
{txt}{p2colset 1 14 16 2}{...}
{p2col: }{space 2}{res:{txt:avginc}{space 10}{txt:=} {space 3}15.31659 {txt:(mean)}}{p_end}
{p2colreset}{...}
{txt}{p2colset 1 14 16 2}{...}
{p2col: }{space 2}{res:{txt:el_pct}{space 10}{txt:=} {space 3}15.76816 {txt:(mean)}}{p_end}
{p2colreset}{...}
{txt}{p2colset 1 14 16 2}{...}
{p2col: }{space 2}{res:{txt:meal_pct}{space 8}{txt:=} {space 3}44.70524 {txt:(mean)}}{p_end}
{p2colreset}{...}
{txt}{p2colset 1 14 16 2}{...}
{p2col: }{space 2}{res:{txt:comp_stu}{space 8}{txt:=} {space 3}.1359266 {txt:(mean)}}{p_end}
{p2colreset}{...}

{txt}{p2colset 1 14 16 2}{...}
{p2col:50._at}:{space 1}{res:{txt:str}{space 13}{txt:=} {space 9}49}{p_end}
{p2colreset}{...}
{txt}{p2colset 1 14 16 2}{...}
{p2col: }{space 2}{res:{txt:expn_stu_t}{space 6}{txt:=} {space 3}5.312408 {txt:(mean)}}{p_end}
{p2colreset}{...}
{txt}{p2colset 1 14 16 2}{...}
{p2col: }{space 2}{res:{txt:avginc}{space 10}{txt:=} {space 3}15.31659 {txt:(mean)}}{p_end}
{p2colreset}{...}
{txt}{p2colset 1 14 16 2}{...}
{p2col: }{space 2}{res:{txt:el_pct}{space 10}{txt:=} {space 3}15.76816 {txt:(mean)}}{p_end}
{p2colreset}{...}
{txt}{p2colset 1 14 16 2}{...}
{p2col: }{space 2}{res:{txt:meal_pct}{space 8}{txt:=} {space 3}44.70524 {txt:(mean)}}{p_end}
{p2colreset}{...}
{txt}{p2colset 1 14 16 2}{...}
{p2col: }{space 2}{res:{txt:comp_stu}{space 8}{txt:=} {space 3}.1359266 {txt:(mean)}}{p_end}
{p2colreset}{...}

{txt}{p2colset 1 14 16 2}{...}
{p2col:51._at}:{space 1}{res:{txt:str}{space 13}{txt:=} {space 9}50}{p_end}
{p2colreset}{...}
{txt}{p2colset 1 14 16 2}{...}
{p2col: }{space 2}{res:{txt:expn_stu_t}{space 6}{txt:=} {space 3}5.312408 {txt:(mean)}}{p_end}
{p2colreset}{...}
{txt}{p2colset 1 14 16 2}{...}
{p2col: }{space 2}{res:{txt:avginc}{space 10}{txt:=} {space 3}15.31659 {txt:(mean)}}{p_end}
{p2colreset}{...}
{txt}{p2colset 1 14 16 2}{...}
{p2col: }{space 2}{res:{txt:el_pct}{space 10}{txt:=} {space 3}15.76816 {txt:(mean)}}{p_end}
{p2colreset}{...}
{txt}{p2colset 1 14 16 2}{...}
{p2col: }{space 2}{res:{txt:meal_pct}{space 8}{txt:=} {space 3}44.70524 {txt:(mean)}}{p_end}
{p2colreset}{...}
{txt}{p2colset 1 14 16 2}{...}
{p2col: }{space 2}{res:{txt:comp_stu}{space 8}{txt:=} {space 3}.1359266 {txt:(mean)}}{p_end}
{p2colreset}{...}

{txt}{p2colset 1 14 16 2}{...}
{p2col:52._at}:{space 1}{res:{txt:str}{space 13}{txt:=} {space 9}51}{p_end}
{p2colreset}{...}
{txt}{p2colset 1 14 16 2}{...}
{p2col: }{space 2}{res:{txt:expn_stu_t}{space 6}{txt:=} {space 3}5.312408 {txt:(mean)}}{p_end}
{p2colreset}{...}
{txt}{p2colset 1 14 16 2}{...}
{p2col: }{space 2}{res:{txt:avginc}{space 10}{txt:=} {space 3}15.31659 {txt:(mean)}}{p_end}
{p2colreset}{...}
{txt}{p2colset 1 14 16 2}{...}
{p2col: }{space 2}{res:{txt:el_pct}{space 10}{txt:=} {space 3}15.76816 {txt:(mean)}}{p_end}
{p2colreset}{...}
{txt}{p2colset 1 14 16 2}{...}
{p2col: }{space 2}{res:{txt:meal_pct}{space 8}{txt:=} {space 3}44.70524 {txt:(mean)}}{p_end}
{p2colreset}{...}
{txt}{p2colset 1 14 16 2}{...}
{p2col: }{space 2}{res:{txt:comp_stu}{space 8}{txt:=} {space 3}.1359266 {txt:(mean)}}{p_end}
{p2colreset}{...}

{txt}{p2colset 1 14 16 2}{...}
{p2col:53._at}:{space 1}{res:{txt:str}{space 13}{txt:=} {space 9}52}{p_end}
{p2colreset}{...}
{txt}{p2colset 1 14 16 2}{...}
{p2col: }{space 2}{res:{txt:expn_stu_t}{space 6}{txt:=} {space 3}5.312408 {txt:(mean)}}{p_end}
{p2colreset}{...}
{txt}{p2colset 1 14 16 2}{...}
{p2col: }{space 2}{res:{txt:avginc}{space 10}{txt:=} {space 3}15.31659 {txt:(mean)}}{p_end}
{p2colreset}{...}
{txt}{p2colset 1 14 16 2}{...}
{p2col: }{space 2}{res:{txt:el_pct}{space 10}{txt:=} {space 3}15.76816 {txt:(mean)}}{p_end}
{p2colreset}{...}
{txt}{p2colset 1 14 16 2}{...}
{p2col: }{space 2}{res:{txt:meal_pct}{space 8}{txt:=} {space 3}44.70524 {txt:(mean)}}{p_end}
{p2colreset}{...}
{txt}{p2colset 1 14 16 2}{...}
{p2col: }{space 2}{res:{txt:comp_stu}{space 8}{txt:=} {space 3}.1359266 {txt:(mean)}}{p_end}
{p2colreset}{...}

{txt}{p2colset 1 14 16 2}{...}
{p2col:54._at}:{space 1}{res:{txt:str}{space 13}{txt:=} {space 9}53}{p_end}
{p2colreset}{...}
{txt}{p2colset 1 14 16 2}{...}
{p2col: }{space 2}{res:{txt:expn_stu_t}{space 6}{txt:=} {space 3}5.312408 {txt:(mean)}}{p_end}
{p2colreset}{...}
{txt}{p2colset 1 14 16 2}{...}
{p2col: }{space 2}{res:{txt:avginc}{space 10}{txt:=} {space 3}15.31659 {txt:(mean)}}{p_end}
{p2colreset}{...}
{txt}{p2colset 1 14 16 2}{...}
{p2col: }{space 2}{res:{txt:el_pct}{space 10}{txt:=} {space 3}15.76816 {txt:(mean)}}{p_end}
{p2colreset}{...}
{txt}{p2colset 1 14 16 2}{...}
{p2col: }{space 2}{res:{txt:meal_pct}{space 8}{txt:=} {space 3}44.70524 {txt:(mean)}}{p_end}
{p2colreset}{...}
{txt}{p2colset 1 14 16 2}{...}
{p2col: }{space 2}{res:{txt:comp_stu}{space 8}{txt:=} {space 3}.1359266 {txt:(mean)}}{p_end}
{p2colreset}{...}

{txt}{p2colset 1 14 16 2}{...}
{p2col:55._at}:{space 1}{res:{txt:str}{space 13}{txt:=} {space 9}54}{p_end}
{p2colreset}{...}
{txt}{p2colset 1 14 16 2}{...}
{p2col: }{space 2}{res:{txt:expn_stu_t}{space 6}{txt:=} {space 3}5.312408 {txt:(mean)}}{p_end}
{p2colreset}{...}
{txt}{p2colset 1 14 16 2}{...}
{p2col: }{space 2}{res:{txt:avginc}{space 10}{txt:=} {space 3}15.31659 {txt:(mean)}}{p_end}
{p2colreset}{...}
{txt}{p2colset 1 14 16 2}{...}
{p2col: }{space 2}{res:{txt:el_pct}{space 10}{txt:=} {space 3}15.76816 {txt:(mean)}}{p_end}
{p2colreset}{...}
{txt}{p2colset 1 14 16 2}{...}
{p2col: }{space 2}{res:{txt:meal_pct}{space 8}{txt:=} {space 3}44.70524 {txt:(mean)}}{p_end}
{p2colreset}{...}
{txt}{p2colset 1 14 16 2}{...}
{p2col: }{space 2}{res:{txt:comp_stu}{space 8}{txt:=} {space 3}.1359266 {txt:(mean)}}{p_end}
{p2colreset}{...}

{txt}{p2colset 1 14 16 2}{...}
{p2col:56._at}:{space 1}{res:{txt:str}{space 13}{txt:=} {space 9}55}{p_end}
{p2colreset}{...}
{txt}{p2colset 1 14 16 2}{...}
{p2col: }{space 2}{res:{txt:expn_stu_t}{space 6}{txt:=} {space 3}5.312408 {txt:(mean)}}{p_end}
{p2colreset}{...}
{txt}{p2colset 1 14 16 2}{...}
{p2col: }{space 2}{res:{txt:avginc}{space 10}{txt:=} {space 3}15.31659 {txt:(mean)}}{p_end}
{p2colreset}{...}
{txt}{p2colset 1 14 16 2}{...}
{p2col: }{space 2}{res:{txt:el_pct}{space 10}{txt:=} {space 3}15.76816 {txt:(mean)}}{p_end}
{p2colreset}{...}
{txt}{p2colset 1 14 16 2}{...}
{p2col: }{space 2}{res:{txt:meal_pct}{space 8}{txt:=} {space 3}44.70524 {txt:(mean)}}{p_end}
{p2colreset}{...}
{txt}{p2colset 1 14 16 2}{...}
{p2col: }{space 2}{res:{txt:comp_stu}{space 8}{txt:=} {space 3}.1359266 {txt:(mean)}}{p_end}
{p2colreset}{...}

{txt}{p2colset 1 14 16 2}{...}
{p2col:57._at}:{space 1}{res:{txt:str}{space 13}{txt:=} {space 9}56}{p_end}
{p2colreset}{...}
{txt}{p2colset 1 14 16 2}{...}
{p2col: }{space 2}{res:{txt:expn_stu_t}{space 6}{txt:=} {space 3}5.312408 {txt:(mean)}}{p_end}
{p2colreset}{...}
{txt}{p2colset 1 14 16 2}{...}
{p2col: }{space 2}{res:{txt:avginc}{space 10}{txt:=} {space 3}15.31659 {txt:(mean)}}{p_end}
{p2colreset}{...}
{txt}{p2colset 1 14 16 2}{...}
{p2col: }{space 2}{res:{txt:el_pct}{space 10}{txt:=} {space 3}15.76816 {txt:(mean)}}{p_end}
{p2colreset}{...}
{txt}{p2colset 1 14 16 2}{...}
{p2col: }{space 2}{res:{txt:meal_pct}{space 8}{txt:=} {space 3}44.70524 {txt:(mean)}}{p_end}
{p2colreset}{...}
{txt}{p2colset 1 14 16 2}{...}
{p2col: }{space 2}{res:{txt:comp_stu}{space 8}{txt:=} {space 3}.1359266 {txt:(mean)}}{p_end}
{p2colreset}{...}

{txt}{p2colset 1 14 16 2}{...}
{p2col:58._at}:{space 1}{res:{txt:str}{space 13}{txt:=} {space 9}57}{p_end}
{p2colreset}{...}
{txt}{p2colset 1 14 16 2}{...}
{p2col: }{space 2}{res:{txt:expn_stu_t}{space 6}{txt:=} {space 3}5.312408 {txt:(mean)}}{p_end}
{p2colreset}{...}
{txt}{p2colset 1 14 16 2}{...}
{p2col: }{space 2}{res:{txt:avginc}{space 10}{txt:=} {space 3}15.31659 {txt:(mean)}}{p_end}
{p2colreset}{...}
{txt}{p2colset 1 14 16 2}{...}
{p2col: }{space 2}{res:{txt:el_pct}{space 10}{txt:=} {space 3}15.76816 {txt:(mean)}}{p_end}
{p2colreset}{...}
{txt}{p2colset 1 14 16 2}{...}
{p2col: }{space 2}{res:{txt:meal_pct}{space 8}{txt:=} {space 3}44.70524 {txt:(mean)}}{p_end}
{p2colreset}{...}
{txt}{p2colset 1 14 16 2}{...}
{p2col: }{space 2}{res:{txt:comp_stu}{space 8}{txt:=} {space 3}.1359266 {txt:(mean)}}{p_end}
{p2colreset}{...}

{txt}{p2colset 1 14 16 2}{...}
{p2col:59._at}:{space 1}{res:{txt:str}{space 13}{txt:=} {space 9}58}{p_end}
{p2colreset}{...}
{txt}{p2colset 1 14 16 2}{...}
{p2col: }{space 2}{res:{txt:expn_stu_t}{space 6}{txt:=} {space 3}5.312408 {txt:(mean)}}{p_end}
{p2colreset}{...}
{txt}{p2colset 1 14 16 2}{...}
{p2col: }{space 2}{res:{txt:avginc}{space 10}{txt:=} {space 3}15.31659 {txt:(mean)}}{p_end}
{p2colreset}{...}
{txt}{p2colset 1 14 16 2}{...}
{p2col: }{space 2}{res:{txt:el_pct}{space 10}{txt:=} {space 3}15.76816 {txt:(mean)}}{p_end}
{p2colreset}{...}
{txt}{p2colset 1 14 16 2}{...}
{p2col: }{space 2}{res:{txt:meal_pct}{space 8}{txt:=} {space 3}44.70524 {txt:(mean)}}{p_end}
{p2colreset}{...}
{txt}{p2colset 1 14 16 2}{...}
{p2col: }{space 2}{res:{txt:comp_stu}{space 8}{txt:=} {space 3}.1359266 {txt:(mean)}}{p_end}
{p2colreset}{...}

{txt}{p2colset 1 14 16 2}{...}
{p2col:60._at}:{space 1}{res:{txt:str}{space 13}{txt:=} {space 9}59}{p_end}
{p2colreset}{...}
{txt}{p2colset 1 14 16 2}{...}
{p2col: }{space 2}{res:{txt:expn_stu_t}{space 6}{txt:=} {space 3}5.312408 {txt:(mean)}}{p_end}
{p2colreset}{...}
{txt}{p2colset 1 14 16 2}{...}
{p2col: }{space 2}{res:{txt:avginc}{space 10}{txt:=} {space 3}15.31659 {txt:(mean)}}{p_end}
{p2colreset}{...}
{txt}{p2colset 1 14 16 2}{...}
{p2col: }{space 2}{res:{txt:el_pct}{space 10}{txt:=} {space 3}15.76816 {txt:(mean)}}{p_end}
{p2colreset}{...}
{txt}{p2colset 1 14 16 2}{...}
{p2col: }{space 2}{res:{txt:meal_pct}{space 8}{txt:=} {space 3}44.70524 {txt:(mean)}}{p_end}
{p2colreset}{...}
{txt}{p2colset 1 14 16 2}{...}
{p2col: }{space 2}{res:{txt:comp_stu}{space 8}{txt:=} {space 3}.1359266 {txt:(mean)}}{p_end}
{p2colreset}{...}

{txt}{p2colset 1 14 16 2}{...}
{p2col:61._at}:{space 1}{res:{txt:str}{space 13}{txt:=} {space 9}60}{p_end}
{p2colreset}{...}
{txt}{p2colset 1 14 16 2}{...}
{p2col: }{space 2}{res:{txt:expn_stu_t}{space 6}{txt:=} {space 3}5.312408 {txt:(mean)}}{p_end}
{p2colreset}{...}
{txt}{p2colset 1 14 16 2}{...}
{p2col: }{space 2}{res:{txt:avginc}{space 10}{txt:=} {space 3}15.31659 {txt:(mean)}}{p_end}
{p2colreset}{...}
{txt}{p2colset 1 14 16 2}{...}
{p2col: }{space 2}{res:{txt:el_pct}{space 10}{txt:=} {space 3}15.76816 {txt:(mean)}}{p_end}
{p2colreset}{...}
{txt}{p2colset 1 14 16 2}{...}
{p2col: }{space 2}{res:{txt:meal_pct}{space 8}{txt:=} {space 3}44.70524 {txt:(mean)}}{p_end}
{p2colreset}{...}
{txt}{p2colset 1 14 16 2}{...}
{p2col: }{space 2}{res:{txt:comp_stu}{space 8}{txt:=} {space 3}.1359266 {txt:(mean)}}{p_end}
{p2colreset}{...}

{txt}{p2colset 1 14 16 2}{...}
{p2col:62._at}:{space 1}{res:{txt:str}{space 13}{txt:=} {space 9}61}{p_end}
{p2colreset}{...}
{txt}{p2colset 1 14 16 2}{...}
{p2col: }{space 2}{res:{txt:expn_stu_t}{space 6}{txt:=} {space 3}5.312408 {txt:(mean)}}{p_end}
{p2colreset}{...}
{txt}{p2colset 1 14 16 2}{...}
{p2col: }{space 2}{res:{txt:avginc}{space 10}{txt:=} {space 3}15.31659 {txt:(mean)}}{p_end}
{p2colreset}{...}
{txt}{p2colset 1 14 16 2}{...}
{p2col: }{space 2}{res:{txt:el_pct}{space 10}{txt:=} {space 3}15.76816 {txt:(mean)}}{p_end}
{p2colreset}{...}
{txt}{p2colset 1 14 16 2}{...}
{p2col: }{space 2}{res:{txt:meal_pct}{space 8}{txt:=} {space 3}44.70524 {txt:(mean)}}{p_end}
{p2colreset}{...}
{txt}{p2colset 1 14 16 2}{...}
{p2col: }{space 2}{res:{txt:comp_stu}{space 8}{txt:=} {space 3}.1359266 {txt:(mean)}}{p_end}
{p2colreset}{...}

{txt}{p2colset 1 14 16 2}{...}
{p2col:63._at}:{space 1}{res:{txt:str}{space 13}{txt:=} {space 9}62}{p_end}
{p2colreset}{...}
{txt}{p2colset 1 14 16 2}{...}
{p2col: }{space 2}{res:{txt:expn_stu_t}{space 6}{txt:=} {space 3}5.312408 {txt:(mean)}}{p_end}
{p2colreset}{...}
{txt}{p2colset 1 14 16 2}{...}
{p2col: }{space 2}{res:{txt:avginc}{space 10}{txt:=} {space 3}15.31659 {txt:(mean)}}{p_end}
{p2colreset}{...}
{txt}{p2colset 1 14 16 2}{...}
{p2col: }{space 2}{res:{txt:el_pct}{space 10}{txt:=} {space 3}15.76816 {txt:(mean)}}{p_end}
{p2colreset}{...}
{txt}{p2colset 1 14 16 2}{...}
{p2col: }{space 2}{res:{txt:meal_pct}{space 8}{txt:=} {space 3}44.70524 {txt:(mean)}}{p_end}
{p2colreset}{...}
{txt}{p2colset 1 14 16 2}{...}
{p2col: }{space 2}{res:{txt:comp_stu}{space 8}{txt:=} {space 3}.1359266 {txt:(mean)}}{p_end}
{p2colreset}{...}

{txt}{p2colset 1 14 16 2}{...}
{p2col:64._at}:{space 1}{res:{txt:str}{space 13}{txt:=} {space 9}63}{p_end}
{p2colreset}{...}
{txt}{p2colset 1 14 16 2}{...}
{p2col: }{space 2}{res:{txt:expn_stu_t}{space 6}{txt:=} {space 3}5.312408 {txt:(mean)}}{p_end}
{p2colreset}{...}
{txt}{p2colset 1 14 16 2}{...}
{p2col: }{space 2}{res:{txt:avginc}{space 10}{txt:=} {space 3}15.31659 {txt:(mean)}}{p_end}
{p2colreset}{...}
{txt}{p2colset 1 14 16 2}{...}
{p2col: }{space 2}{res:{txt:el_pct}{space 10}{txt:=} {space 3}15.76816 {txt:(mean)}}{p_end}
{p2colreset}{...}
{txt}{p2colset 1 14 16 2}{...}
{p2col: }{space 2}{res:{txt:meal_pct}{space 8}{txt:=} {space 3}44.70524 {txt:(mean)}}{p_end}
{p2colreset}{...}
{txt}{p2colset 1 14 16 2}{...}
{p2col: }{space 2}{res:{txt:comp_stu}{space 8}{txt:=} {space 3}.1359266 {txt:(mean)}}{p_end}
{p2colreset}{...}

{txt}{p2colset 1 14 16 2}{...}
{p2col:65._at}:{space 1}{res:{txt:str}{space 13}{txt:=} {space 9}64}{p_end}
{p2colreset}{...}
{txt}{p2colset 1 14 16 2}{...}
{p2col: }{space 2}{res:{txt:expn_stu_t}{space 6}{txt:=} {space 3}5.312408 {txt:(mean)}}{p_end}
{p2colreset}{...}
{txt}{p2colset 1 14 16 2}{...}
{p2col: }{space 2}{res:{txt:avginc}{space 10}{txt:=} {space 3}15.31659 {txt:(mean)}}{p_end}
{p2colreset}{...}
{txt}{p2colset 1 14 16 2}{...}
{p2col: }{space 2}{res:{txt:el_pct}{space 10}{txt:=} {space 3}15.76816 {txt:(mean)}}{p_end}
{p2colreset}{...}
{txt}{p2colset 1 14 16 2}{...}
{p2col: }{space 2}{res:{txt:meal_pct}{space 8}{txt:=} {space 3}44.70524 {txt:(mean)}}{p_end}
{p2colreset}{...}
{txt}{p2colset 1 14 16 2}{...}
{p2col: }{space 2}{res:{txt:comp_stu}{space 8}{txt:=} {space 3}.1359266 {txt:(mean)}}{p_end}
{p2colreset}{...}

{txt}{p2colset 1 14 16 2}{...}
{p2col:66._at}:{space 1}{res:{txt:str}{space 13}{txt:=} {space 9}65}{p_end}
{p2colreset}{...}
{txt}{p2colset 1 14 16 2}{...}
{p2col: }{space 2}{res:{txt:expn_stu_t}{space 6}{txt:=} {space 3}5.312408 {txt:(mean)}}{p_end}
{p2colreset}{...}
{txt}{p2colset 1 14 16 2}{...}
{p2col: }{space 2}{res:{txt:avginc}{space 10}{txt:=} {space 3}15.31659 {txt:(mean)}}{p_end}
{p2colreset}{...}
{txt}{p2colset 1 14 16 2}{...}
{p2col: }{space 2}{res:{txt:el_pct}{space 10}{txt:=} {space 3}15.76816 {txt:(mean)}}{p_end}
{p2colreset}{...}
{txt}{p2colset 1 14 16 2}{...}
{p2col: }{space 2}{res:{txt:meal_pct}{space 8}{txt:=} {space 3}44.70524 {txt:(mean)}}{p_end}
{p2colreset}{...}
{txt}{p2colset 1 14 16 2}{...}
{p2col: }{space 2}{res:{txt:comp_stu}{space 8}{txt:=} {space 3}.1359266 {txt:(mean)}}{p_end}
{p2colreset}{...}

{txt}{p2colset 1 14 16 2}{...}
{p2col:67._at}:{space 1}{res:{txt:str}{space 13}{txt:=} {space 9}66}{p_end}
{p2colreset}{...}
{txt}{p2colset 1 14 16 2}{...}
{p2col: }{space 2}{res:{txt:expn_stu_t}{space 6}{txt:=} {space 3}5.312408 {txt:(mean)}}{p_end}
{p2colreset}{...}
{txt}{p2colset 1 14 16 2}{...}
{p2col: }{space 2}{res:{txt:avginc}{space 10}{txt:=} {space 3}15.31659 {txt:(mean)}}{p_end}
{p2colreset}{...}
{txt}{p2colset 1 14 16 2}{...}
{p2col: }{space 2}{res:{txt:el_pct}{space 10}{txt:=} {space 3}15.76816 {txt:(mean)}}{p_end}
{p2colreset}{...}
{txt}{p2colset 1 14 16 2}{...}
{p2col: }{space 2}{res:{txt:meal_pct}{space 8}{txt:=} {space 3}44.70524 {txt:(mean)}}{p_end}
{p2colreset}{...}
{txt}{p2colset 1 14 16 2}{...}
{p2col: }{space 2}{res:{txt:comp_stu}{space 8}{txt:=} {space 3}.1359266 {txt:(mean)}}{p_end}
{p2colreset}{...}

{txt}{p2colset 1 14 16 2}{...}
{p2col:68._at}:{space 1}{res:{txt:str}{space 13}{txt:=} {space 9}67}{p_end}
{p2colreset}{...}
{txt}{p2colset 1 14 16 2}{...}
{p2col: }{space 2}{res:{txt:expn_stu_t}{space 6}{txt:=} {space 3}5.312408 {txt:(mean)}}{p_end}
{p2colreset}{...}
{txt}{p2colset 1 14 16 2}{...}
{p2col: }{space 2}{res:{txt:avginc}{space 10}{txt:=} {space 3}15.31659 {txt:(mean)}}{p_end}
{p2colreset}{...}
{txt}{p2colset 1 14 16 2}{...}
{p2col: }{space 2}{res:{txt:el_pct}{space 10}{txt:=} {space 3}15.76816 {txt:(mean)}}{p_end}
{p2colreset}{...}
{txt}{p2colset 1 14 16 2}{...}
{p2col: }{space 2}{res:{txt:meal_pct}{space 8}{txt:=} {space 3}44.70524 {txt:(mean)}}{p_end}
{p2colreset}{...}
{txt}{p2colset 1 14 16 2}{...}
{p2col: }{space 2}{res:{txt:comp_stu}{space 8}{txt:=} {space 3}.1359266 {txt:(mean)}}{p_end}
{p2colreset}{...}

{txt}{p2colset 1 14 16 2}{...}
{p2col:69._at}:{space 1}{res:{txt:str}{space 13}{txt:=} {space 9}68}{p_end}
{p2colreset}{...}
{txt}{p2colset 1 14 16 2}{...}
{p2col: }{space 2}{res:{txt:expn_stu_t}{space 6}{txt:=} {space 3}5.312408 {txt:(mean)}}{p_end}
{p2colreset}{...}
{txt}{p2colset 1 14 16 2}{...}
{p2col: }{space 2}{res:{txt:avginc}{space 10}{txt:=} {space 3}15.31659 {txt:(mean)}}{p_end}
{p2colreset}{...}
{txt}{p2colset 1 14 16 2}{...}
{p2col: }{space 2}{res:{txt:el_pct}{space 10}{txt:=} {space 3}15.76816 {txt:(mean)}}{p_end}
{p2colreset}{...}
{txt}{p2colset 1 14 16 2}{...}
{p2col: }{space 2}{res:{txt:meal_pct}{space 8}{txt:=} {space 3}44.70524 {txt:(mean)}}{p_end}
{p2colreset}{...}
{txt}{p2colset 1 14 16 2}{...}
{p2col: }{space 2}{res:{txt:comp_stu}{space 8}{txt:=} {space 3}.1359266 {txt:(mean)}}{p_end}
{p2colreset}{...}

{txt}{p2colset 1 14 16 2}{...}
{p2col:70._at}:{space 1}{res:{txt:str}{space 13}{txt:=} {space 9}69}{p_end}
{p2colreset}{...}
{txt}{p2colset 1 14 16 2}{...}
{p2col: }{space 2}{res:{txt:expn_stu_t}{space 6}{txt:=} {space 3}5.312408 {txt:(mean)}}{p_end}
{p2colreset}{...}
{txt}{p2colset 1 14 16 2}{...}
{p2col: }{space 2}{res:{txt:avginc}{space 10}{txt:=} {space 3}15.31659 {txt:(mean)}}{p_end}
{p2colreset}{...}
{txt}{p2colset 1 14 16 2}{...}
{p2col: }{space 2}{res:{txt:el_pct}{space 10}{txt:=} {space 3}15.76816 {txt:(mean)}}{p_end}
{p2colreset}{...}
{txt}{p2colset 1 14 16 2}{...}
{p2col: }{space 2}{res:{txt:meal_pct}{space 8}{txt:=} {space 3}44.70524 {txt:(mean)}}{p_end}
{p2colreset}{...}
{txt}{p2colset 1 14 16 2}{...}
{p2col: }{space 2}{res:{txt:comp_stu}{space 8}{txt:=} {space 3}.1359266 {txt:(mean)}}{p_end}
{p2colreset}{...}

{txt}{p2colset 1 14 16 2}{...}
{p2col:71._at}:{space 1}{res:{txt:str}{space 13}{txt:=} {space 9}70}{p_end}
{p2colreset}{...}
{txt}{p2colset 1 14 16 2}{...}
{p2col: }{space 2}{res:{txt:expn_stu_t}{space 6}{txt:=} {space 3}5.312408 {txt:(mean)}}{p_end}
{p2colreset}{...}
{txt}{p2colset 1 14 16 2}{...}
{p2col: }{space 2}{res:{txt:avginc}{space 10}{txt:=} {space 3}15.31659 {txt:(mean)}}{p_end}
{p2colreset}{...}
{txt}{p2colset 1 14 16 2}{...}
{p2col: }{space 2}{res:{txt:el_pct}{space 10}{txt:=} {space 3}15.76816 {txt:(mean)}}{p_end}
{p2colreset}{...}
{txt}{p2colset 1 14 16 2}{...}
{p2col: }{space 2}{res:{txt:meal_pct}{space 8}{txt:=} {space 3}44.70524 {txt:(mean)}}{p_end}
{p2colreset}{...}
{txt}{p2colset 1 14 16 2}{...}
{p2col: }{space 2}{res:{txt:comp_stu}{space 8}{txt:=} {space 3}.1359266 {txt:(mean)}}{p_end}
{p2colreset}{...}

{txt}{p2colset 1 14 16 2}{...}
{p2col:72._at}:{space 1}{res:{txt:str}{space 13}{txt:=} {space 9}71}{p_end}
{p2colreset}{...}
{txt}{p2colset 1 14 16 2}{...}
{p2col: }{space 2}{res:{txt:expn_stu_t}{space 6}{txt:=} {space 3}5.312408 {txt:(mean)}}{p_end}
{p2colreset}{...}
{txt}{p2colset 1 14 16 2}{...}
{p2col: }{space 2}{res:{txt:avginc}{space 10}{txt:=} {space 3}15.31659 {txt:(mean)}}{p_end}
{p2colreset}{...}
{txt}{p2colset 1 14 16 2}{...}
{p2col: }{space 2}{res:{txt:el_pct}{space 10}{txt:=} {space 3}15.76816 {txt:(mean)}}{p_end}
{p2colreset}{...}
{txt}{p2colset 1 14 16 2}{...}
{p2col: }{space 2}{res:{txt:meal_pct}{space 8}{txt:=} {space 3}44.70524 {txt:(mean)}}{p_end}
{p2colreset}{...}
{txt}{p2colset 1 14 16 2}{...}
{p2col: }{space 2}{res:{txt:comp_stu}{space 8}{txt:=} {space 3}.1359266 {txt:(mean)}}{p_end}
{p2colreset}{...}

{txt}{p2colset 1 14 16 2}{...}
{p2col:73._at}:{space 1}{res:{txt:str}{space 13}{txt:=} {space 9}72}{p_end}
{p2colreset}{...}
{txt}{p2colset 1 14 16 2}{...}
{p2col: }{space 2}{res:{txt:expn_stu_t}{space 6}{txt:=} {space 3}5.312408 {txt:(mean)}}{p_end}
{p2colreset}{...}
{txt}{p2colset 1 14 16 2}{...}
{p2col: }{space 2}{res:{txt:avginc}{space 10}{txt:=} {space 3}15.31659 {txt:(mean)}}{p_end}
{p2colreset}{...}
{txt}{p2colset 1 14 16 2}{...}
{p2col: }{space 2}{res:{txt:el_pct}{space 10}{txt:=} {space 3}15.76816 {txt:(mean)}}{p_end}
{p2colreset}{...}
{txt}{p2colset 1 14 16 2}{...}
{p2col: }{space 2}{res:{txt:meal_pct}{space 8}{txt:=} {space 3}44.70524 {txt:(mean)}}{p_end}
{p2colreset}{...}
{txt}{p2colset 1 14 16 2}{...}
{p2col: }{space 2}{res:{txt:comp_stu}{space 8}{txt:=} {space 3}.1359266 {txt:(mean)}}{p_end}
{p2colreset}{...}

{txt}{p2colset 1 14 16 2}{...}
{p2col:74._at}:{space 1}{res:{txt:str}{space 13}{txt:=} {space 9}73}{p_end}
{p2colreset}{...}
{txt}{p2colset 1 14 16 2}{...}
{p2col: }{space 2}{res:{txt:expn_stu_t}{space 6}{txt:=} {space 3}5.312408 {txt:(mean)}}{p_end}
{p2colreset}{...}
{txt}{p2colset 1 14 16 2}{...}
{p2col: }{space 2}{res:{txt:avginc}{space 10}{txt:=} {space 3}15.31659 {txt:(mean)}}{p_end}
{p2colreset}{...}
{txt}{p2colset 1 14 16 2}{...}
{p2col: }{space 2}{res:{txt:el_pct}{space 10}{txt:=} {space 3}15.76816 {txt:(mean)}}{p_end}
{p2colreset}{...}
{txt}{p2colset 1 14 16 2}{...}
{p2col: }{space 2}{res:{txt:meal_pct}{space 8}{txt:=} {space 3}44.70524 {txt:(mean)}}{p_end}
{p2colreset}{...}
{txt}{p2colset 1 14 16 2}{...}
{p2col: }{space 2}{res:{txt:comp_stu}{space 8}{txt:=} {space 3}.1359266 {txt:(mean)}}{p_end}
{p2colreset}{...}

{txt}{p2colset 1 14 16 2}{...}
{p2col:75._at}:{space 1}{res:{txt:str}{space 13}{txt:=} {space 9}74}{p_end}
{p2colreset}{...}
{txt}{p2colset 1 14 16 2}{...}
{p2col: }{space 2}{res:{txt:expn_stu_t}{space 6}{txt:=} {space 3}5.312408 {txt:(mean)}}{p_end}
{p2colreset}{...}
{txt}{p2colset 1 14 16 2}{...}
{p2col: }{space 2}{res:{txt:avginc}{space 10}{txt:=} {space 3}15.31659 {txt:(mean)}}{p_end}
{p2colreset}{...}
{txt}{p2colset 1 14 16 2}{...}
{p2col: }{space 2}{res:{txt:el_pct}{space 10}{txt:=} {space 3}15.76816 {txt:(mean)}}{p_end}
{p2colreset}{...}
{txt}{p2colset 1 14 16 2}{...}
{p2col: }{space 2}{res:{txt:meal_pct}{space 8}{txt:=} {space 3}44.70524 {txt:(mean)}}{p_end}
{p2colreset}{...}
{txt}{p2colset 1 14 16 2}{...}
{p2col: }{space 2}{res:{txt:comp_stu}{space 8}{txt:=} {space 3}.1359266 {txt:(mean)}}{p_end}
{p2colreset}{...}

{txt}{p2colset 1 14 16 2}{...}
{p2col:76._at}:{space 1}{res:{txt:str}{space 13}{txt:=} {space 9}75}{p_end}
{p2colreset}{...}
{txt}{p2colset 1 14 16 2}{...}
{p2col: }{space 2}{res:{txt:expn_stu_t}{space 6}{txt:=} {space 3}5.312408 {txt:(mean)}}{p_end}
{p2colreset}{...}
{txt}{p2colset 1 14 16 2}{...}
{p2col: }{space 2}{res:{txt:avginc}{space 10}{txt:=} {space 3}15.31659 {txt:(mean)}}{p_end}
{p2colreset}{...}
{txt}{p2colset 1 14 16 2}{...}
{p2col: }{space 2}{res:{txt:el_pct}{space 10}{txt:=} {space 3}15.76816 {txt:(mean)}}{p_end}
{p2colreset}{...}
{txt}{p2colset 1 14 16 2}{...}
{p2col: }{space 2}{res:{txt:meal_pct}{space 8}{txt:=} {space 3}44.70524 {txt:(mean)}}{p_end}
{p2colreset}{...}
{txt}{p2colset 1 14 16 2}{...}
{p2col: }{space 2}{res:{txt:comp_stu}{space 8}{txt:=} {space 3}.1359266 {txt:(mean)}}{p_end}
{p2colreset}{...}

{txt}{p2colset 1 14 16 2}{...}
{p2col:77._at}:{space 1}{res:{txt:str}{space 13}{txt:=} {space 9}76}{p_end}
{p2colreset}{...}
{txt}{p2colset 1 14 16 2}{...}
{p2col: }{space 2}{res:{txt:expn_stu_t}{space 6}{txt:=} {space 3}5.312408 {txt:(mean)}}{p_end}
{p2colreset}{...}
{txt}{p2colset 1 14 16 2}{...}
{p2col: }{space 2}{res:{txt:avginc}{space 10}{txt:=} {space 3}15.31659 {txt:(mean)}}{p_end}
{p2colreset}{...}
{txt}{p2colset 1 14 16 2}{...}
{p2col: }{space 2}{res:{txt:el_pct}{space 10}{txt:=} {space 3}15.76816 {txt:(mean)}}{p_end}
{p2colreset}{...}
{txt}{p2colset 1 14 16 2}{...}
{p2col: }{space 2}{res:{txt:meal_pct}{space 8}{txt:=} {space 3}44.70524 {txt:(mean)}}{p_end}
{p2colreset}{...}
{txt}{p2colset 1 14 16 2}{...}
{p2col: }{space 2}{res:{txt:comp_stu}{space 8}{txt:=} {space 3}.1359266 {txt:(mean)}}{p_end}
{p2colreset}{...}

{txt}{p2colset 1 14 16 2}{...}
{p2col:78._at}:{space 1}{res:{txt:str}{space 13}{txt:=} {space 9}77}{p_end}
{p2colreset}{...}
{txt}{p2colset 1 14 16 2}{...}
{p2col: }{space 2}{res:{txt:expn_stu_t}{space 6}{txt:=} {space 3}5.312408 {txt:(mean)}}{p_end}
{p2colreset}{...}
{txt}{p2colset 1 14 16 2}{...}
{p2col: }{space 2}{res:{txt:avginc}{space 10}{txt:=} {space 3}15.31659 {txt:(mean)}}{p_end}
{p2colreset}{...}
{txt}{p2colset 1 14 16 2}{...}
{p2col: }{space 2}{res:{txt:el_pct}{space 10}{txt:=} {space 3}15.76816 {txt:(mean)}}{p_end}
{p2colreset}{...}
{txt}{p2colset 1 14 16 2}{...}
{p2col: }{space 2}{res:{txt:meal_pct}{space 8}{txt:=} {space 3}44.70524 {txt:(mean)}}{p_end}
{p2colreset}{...}
{txt}{p2colset 1 14 16 2}{...}
{p2col: }{space 2}{res:{txt:comp_stu}{space 8}{txt:=} {space 3}.1359266 {txt:(mean)}}{p_end}
{p2colreset}{...}

{txt}{p2colset 1 14 16 2}{...}
{p2col:79._at}:{space 1}{res:{txt:str}{space 13}{txt:=} {space 9}78}{p_end}
{p2colreset}{...}
{txt}{p2colset 1 14 16 2}{...}
{p2col: }{space 2}{res:{txt:expn_stu_t}{space 6}{txt:=} {space 3}5.312408 {txt:(mean)}}{p_end}
{p2colreset}{...}
{txt}{p2colset 1 14 16 2}{...}
{p2col: }{space 2}{res:{txt:avginc}{space 10}{txt:=} {space 3}15.31659 {txt:(mean)}}{p_end}
{p2colreset}{...}
{txt}{p2colset 1 14 16 2}{...}
{p2col: }{space 2}{res:{txt:el_pct}{space 10}{txt:=} {space 3}15.76816 {txt:(mean)}}{p_end}
{p2colreset}{...}
{txt}{p2colset 1 14 16 2}{...}
{p2col: }{space 2}{res:{txt:meal_pct}{space 8}{txt:=} {space 3}44.70524 {txt:(mean)}}{p_end}
{p2colreset}{...}
{txt}{p2colset 1 14 16 2}{...}
{p2col: }{space 2}{res:{txt:comp_stu}{space 8}{txt:=} {space 3}.1359266 {txt:(mean)}}{p_end}
{p2colreset}{...}

{txt}{p2colset 1 14 16 2}{...}
{p2col:80._at}:{space 1}{res:{txt:str}{space 13}{txt:=} {space 9}79}{p_end}
{p2colreset}{...}
{txt}{p2colset 1 14 16 2}{...}
{p2col: }{space 2}{res:{txt:expn_stu_t}{space 6}{txt:=} {space 3}5.312408 {txt:(mean)}}{p_end}
{p2colreset}{...}
{txt}{p2colset 1 14 16 2}{...}
{p2col: }{space 2}{res:{txt:avginc}{space 10}{txt:=} {space 3}15.31659 {txt:(mean)}}{p_end}
{p2colreset}{...}
{txt}{p2colset 1 14 16 2}{...}
{p2col: }{space 2}{res:{txt:el_pct}{space 10}{txt:=} {space 3}15.76816 {txt:(mean)}}{p_end}
{p2colreset}{...}
{txt}{p2colset 1 14 16 2}{...}
{p2col: }{space 2}{res:{txt:meal_pct}{space 8}{txt:=} {space 3}44.70524 {txt:(mean)}}{p_end}
{p2colreset}{...}
{txt}{p2colset 1 14 16 2}{...}
{p2col: }{space 2}{res:{txt:comp_stu}{space 8}{txt:=} {space 3}.1359266 {txt:(mean)}}{p_end}
{p2colreset}{...}

{txt}{p2colset 1 14 16 2}{...}
{p2col:81._at}:{space 1}{res:{txt:str}{space 13}{txt:=} {space 9}80}{p_end}
{p2colreset}{...}
{txt}{p2colset 1 14 16 2}{...}
{p2col: }{space 2}{res:{txt:expn_stu_t}{space 6}{txt:=} {space 3}5.312408 {txt:(mean)}}{p_end}
{p2colreset}{...}
{txt}{p2colset 1 14 16 2}{...}
{p2col: }{space 2}{res:{txt:avginc}{space 10}{txt:=} {space 3}15.31659 {txt:(mean)}}{p_end}
{p2colreset}{...}
{txt}{p2colset 1 14 16 2}{...}
{p2col: }{space 2}{res:{txt:el_pct}{space 10}{txt:=} {space 3}15.76816 {txt:(mean)}}{p_end}
{p2colreset}{...}
{txt}{p2colset 1 14 16 2}{...}
{p2col: }{space 2}{res:{txt:meal_pct}{space 8}{txt:=} {space 3}44.70524 {txt:(mean)}}{p_end}
{p2colreset}{...}
{txt}{p2colset 1 14 16 2}{...}
{p2col: }{space 2}{res:{txt:comp_stu}{space 8}{txt:=} {space 3}.1359266 {txt:(mean)}}{p_end}
{p2colreset}{...}

{txt}{p2colset 1 14 16 2}{...}
{p2col:82._at}:{space 1}{res:{txt:str}{space 13}{txt:=} {space 9}81}{p_end}
{p2colreset}{...}
{txt}{p2colset 1 14 16 2}{...}
{p2col: }{space 2}{res:{txt:expn_stu_t}{space 6}{txt:=} {space 3}5.312408 {txt:(mean)}}{p_end}
{p2colreset}{...}
{txt}{p2colset 1 14 16 2}{...}
{p2col: }{space 2}{res:{txt:avginc}{space 10}{txt:=} {space 3}15.31659 {txt:(mean)}}{p_end}
{p2colreset}{...}
{txt}{p2colset 1 14 16 2}{...}
{p2col: }{space 2}{res:{txt:el_pct}{space 10}{txt:=} {space 3}15.76816 {txt:(mean)}}{p_end}
{p2colreset}{...}
{txt}{p2colset 1 14 16 2}{...}
{p2col: }{space 2}{res:{txt:meal_pct}{space 8}{txt:=} {space 3}44.70524 {txt:(mean)}}{p_end}
{p2colreset}{...}
{txt}{p2colset 1 14 16 2}{...}
{p2col: }{space 2}{res:{txt:comp_stu}{space 8}{txt:=} {space 3}.1359266 {txt:(mean)}}{p_end}
{p2colreset}{...}

{txt}{p2colset 1 14 16 2}{...}
{p2col:83._at}:{space 1}{res:{txt:str}{space 13}{txt:=} {space 9}82}{p_end}
{p2colreset}{...}
{txt}{p2colset 1 14 16 2}{...}
{p2col: }{space 2}{res:{txt:expn_stu_t}{space 6}{txt:=} {space 3}5.312408 {txt:(mean)}}{p_end}
{p2colreset}{...}
{txt}{p2colset 1 14 16 2}{...}
{p2col: }{space 2}{res:{txt:avginc}{space 10}{txt:=} {space 3}15.31659 {txt:(mean)}}{p_end}
{p2colreset}{...}
{txt}{p2colset 1 14 16 2}{...}
{p2col: }{space 2}{res:{txt:el_pct}{space 10}{txt:=} {space 3}15.76816 {txt:(mean)}}{p_end}
{p2colreset}{...}
{txt}{p2colset 1 14 16 2}{...}
{p2col: }{space 2}{res:{txt:meal_pct}{space 8}{txt:=} {space 3}44.70524 {txt:(mean)}}{p_end}
{p2colreset}{...}
{txt}{p2colset 1 14 16 2}{...}
{p2col: }{space 2}{res:{txt:comp_stu}{space 8}{txt:=} {space 3}.1359266 {txt:(mean)}}{p_end}
{p2colreset}{...}

{txt}{p2colset 1 14 16 2}{...}
{p2col:84._at}:{space 1}{res:{txt:str}{space 13}{txt:=} {space 9}83}{p_end}
{p2colreset}{...}
{txt}{p2colset 1 14 16 2}{...}
{p2col: }{space 2}{res:{txt:expn_stu_t}{space 6}{txt:=} {space 3}5.312408 {txt:(mean)}}{p_end}
{p2colreset}{...}
{txt}{p2colset 1 14 16 2}{...}
{p2col: }{space 2}{res:{txt:avginc}{space 10}{txt:=} {space 3}15.31659 {txt:(mean)}}{p_end}
{p2colreset}{...}
{txt}{p2colset 1 14 16 2}{...}
{p2col: }{space 2}{res:{txt:el_pct}{space 10}{txt:=} {space 3}15.76816 {txt:(mean)}}{p_end}
{p2colreset}{...}
{txt}{p2colset 1 14 16 2}{...}
{p2col: }{space 2}{res:{txt:meal_pct}{space 8}{txt:=} {space 3}44.70524 {txt:(mean)}}{p_end}
{p2colreset}{...}
{txt}{p2colset 1 14 16 2}{...}
{p2col: }{space 2}{res:{txt:comp_stu}{space 8}{txt:=} {space 3}.1359266 {txt:(mean)}}{p_end}
{p2colreset}{...}

{txt}{p2colset 1 14 16 2}{...}
{p2col:85._at}:{space 1}{res:{txt:str}{space 13}{txt:=} {space 9}84}{p_end}
{p2colreset}{...}
{txt}{p2colset 1 14 16 2}{...}
{p2col: }{space 2}{res:{txt:expn_stu_t}{space 6}{txt:=} {space 3}5.312408 {txt:(mean)}}{p_end}
{p2colreset}{...}
{txt}{p2colset 1 14 16 2}{...}
{p2col: }{space 2}{res:{txt:avginc}{space 10}{txt:=} {space 3}15.31659 {txt:(mean)}}{p_end}
{p2colreset}{...}
{txt}{p2colset 1 14 16 2}{...}
{p2col: }{space 2}{res:{txt:el_pct}{space 10}{txt:=} {space 3}15.76816 {txt:(mean)}}{p_end}
{p2colreset}{...}
{txt}{p2colset 1 14 16 2}{...}
{p2col: }{space 2}{res:{txt:meal_pct}{space 8}{txt:=} {space 3}44.70524 {txt:(mean)}}{p_end}
{p2colreset}{...}
{txt}{p2colset 1 14 16 2}{...}
{p2col: }{space 2}{res:{txt:comp_stu}{space 8}{txt:=} {space 3}.1359266 {txt:(mean)}}{p_end}
{p2colreset}{...}

{txt}{p2colset 1 14 16 2}{...}
{p2col:86._at}:{space 1}{res:{txt:str}{space 13}{txt:=} {space 9}85}{p_end}
{p2colreset}{...}
{txt}{p2colset 1 14 16 2}{...}
{p2col: }{space 2}{res:{txt:expn_stu_t}{space 6}{txt:=} {space 3}5.312408 {txt:(mean)}}{p_end}
{p2colreset}{...}
{txt}{p2colset 1 14 16 2}{...}
{p2col: }{space 2}{res:{txt:avginc}{space 10}{txt:=} {space 3}15.31659 {txt:(mean)}}{p_end}
{p2colreset}{...}
{txt}{p2colset 1 14 16 2}{...}
{p2col: }{space 2}{res:{txt:el_pct}{space 10}{txt:=} {space 3}15.76816 {txt:(mean)}}{p_end}
{p2colreset}{...}
{txt}{p2colset 1 14 16 2}{...}
{p2col: }{space 2}{res:{txt:meal_pct}{space 8}{txt:=} {space 3}44.70524 {txt:(mean)}}{p_end}
{p2colreset}{...}
{txt}{p2colset 1 14 16 2}{...}
{p2col: }{space 2}{res:{txt:comp_stu}{space 8}{txt:=} {space 3}.1359266 {txt:(mean)}}{p_end}
{p2colreset}{...}

{txt}{p2colset 1 14 16 2}{...}
{p2col:87._at}:{space 1}{res:{txt:str}{space 13}{txt:=} {space 9}86}{p_end}
{p2colreset}{...}
{txt}{p2colset 1 14 16 2}{...}
{p2col: }{space 2}{res:{txt:expn_stu_t}{space 6}{txt:=} {space 3}5.312408 {txt:(mean)}}{p_end}
{p2colreset}{...}
{txt}{p2colset 1 14 16 2}{...}
{p2col: }{space 2}{res:{txt:avginc}{space 10}{txt:=} {space 3}15.31659 {txt:(mean)}}{p_end}
{p2colreset}{...}
{txt}{p2colset 1 14 16 2}{...}
{p2col: }{space 2}{res:{txt:el_pct}{space 10}{txt:=} {space 3}15.76816 {txt:(mean)}}{p_end}
{p2colreset}{...}
{txt}{p2colset 1 14 16 2}{...}
{p2col: }{space 2}{res:{txt:meal_pct}{space 8}{txt:=} {space 3}44.70524 {txt:(mean)}}{p_end}
{p2colreset}{...}
{txt}{p2colset 1 14 16 2}{...}
{p2col: }{space 2}{res:{txt:comp_stu}{space 8}{txt:=} {space 3}.1359266 {txt:(mean)}}{p_end}
{p2colreset}{...}

{txt}{p2colset 1 14 16 2}{...}
{p2col:88._at}:{space 1}{res:{txt:str}{space 13}{txt:=} {space 9}87}{p_end}
{p2colreset}{...}
{txt}{p2colset 1 14 16 2}{...}
{p2col: }{space 2}{res:{txt:expn_stu_t}{space 6}{txt:=} {space 3}5.312408 {txt:(mean)}}{p_end}
{p2colreset}{...}
{txt}{p2colset 1 14 16 2}{...}
{p2col: }{space 2}{res:{txt:avginc}{space 10}{txt:=} {space 3}15.31659 {txt:(mean)}}{p_end}
{p2colreset}{...}
{txt}{p2colset 1 14 16 2}{...}
{p2col: }{space 2}{res:{txt:el_pct}{space 10}{txt:=} {space 3}15.76816 {txt:(mean)}}{p_end}
{p2colreset}{...}
{txt}{p2colset 1 14 16 2}{...}
{p2col: }{space 2}{res:{txt:meal_pct}{space 8}{txt:=} {space 3}44.70524 {txt:(mean)}}{p_end}
{p2colreset}{...}
{txt}{p2colset 1 14 16 2}{...}
{p2col: }{space 2}{res:{txt:comp_stu}{space 8}{txt:=} {space 3}.1359266 {txt:(mean)}}{p_end}
{p2colreset}{...}

{txt}{p2colset 1 14 16 2}{...}
{p2col:89._at}:{space 1}{res:{txt:str}{space 13}{txt:=} {space 9}88}{p_end}
{p2colreset}{...}
{txt}{p2colset 1 14 16 2}{...}
{p2col: }{space 2}{res:{txt:expn_stu_t}{space 6}{txt:=} {space 3}5.312408 {txt:(mean)}}{p_end}
{p2colreset}{...}
{txt}{p2colset 1 14 16 2}{...}
{p2col: }{space 2}{res:{txt:avginc}{space 10}{txt:=} {space 3}15.31659 {txt:(mean)}}{p_end}
{p2colreset}{...}
{txt}{p2colset 1 14 16 2}{...}
{p2col: }{space 2}{res:{txt:el_pct}{space 10}{txt:=} {space 3}15.76816 {txt:(mean)}}{p_end}
{p2colreset}{...}
{txt}{p2colset 1 14 16 2}{...}
{p2col: }{space 2}{res:{txt:meal_pct}{space 8}{txt:=} {space 3}44.70524 {txt:(mean)}}{p_end}
{p2colreset}{...}
{txt}{p2colset 1 14 16 2}{...}
{p2col: }{space 2}{res:{txt:comp_stu}{space 8}{txt:=} {space 3}.1359266 {txt:(mean)}}{p_end}
{p2colreset}{...}

{txt}{p2colset 1 14 16 2}{...}
{p2col:90._at}:{space 1}{res:{txt:str}{space 13}{txt:=} {space 9}89}{p_end}
{p2colreset}{...}
{txt}{p2colset 1 14 16 2}{...}
{p2col: }{space 2}{res:{txt:expn_stu_t}{space 6}{txt:=} {space 3}5.312408 {txt:(mean)}}{p_end}
{p2colreset}{...}
{txt}{p2colset 1 14 16 2}{...}
{p2col: }{space 2}{res:{txt:avginc}{space 10}{txt:=} {space 3}15.31659 {txt:(mean)}}{p_end}
{p2colreset}{...}
{txt}{p2colset 1 14 16 2}{...}
{p2col: }{space 2}{res:{txt:el_pct}{space 10}{txt:=} {space 3}15.76816 {txt:(mean)}}{p_end}
{p2colreset}{...}
{txt}{p2colset 1 14 16 2}{...}
{p2col: }{space 2}{res:{txt:meal_pct}{space 8}{txt:=} {space 3}44.70524 {txt:(mean)}}{p_end}
{p2colreset}{...}
{txt}{p2colset 1 14 16 2}{...}
{p2col: }{space 2}{res:{txt:comp_stu}{space 8}{txt:=} {space 3}.1359266 {txt:(mean)}}{p_end}
{p2colreset}{...}

{txt}{p2colset 1 14 16 2}{...}
{p2col:91._at}:{space 1}{res:{txt:str}{space 13}{txt:=} {space 9}90}{p_end}
{p2colreset}{...}
{txt}{p2colset 1 14 16 2}{...}
{p2col: }{space 2}{res:{txt:expn_stu_t}{space 6}{txt:=} {space 3}5.312408 {txt:(mean)}}{p_end}
{p2colreset}{...}
{txt}{p2colset 1 14 16 2}{...}
{p2col: }{space 2}{res:{txt:avginc}{space 10}{txt:=} {space 3}15.31659 {txt:(mean)}}{p_end}
{p2colreset}{...}
{txt}{p2colset 1 14 16 2}{...}
{p2col: }{space 2}{res:{txt:el_pct}{space 10}{txt:=} {space 3}15.76816 {txt:(mean)}}{p_end}
{p2colreset}{...}
{txt}{p2colset 1 14 16 2}{...}
{p2col: }{space 2}{res:{txt:meal_pct}{space 8}{txt:=} {space 3}44.70524 {txt:(mean)}}{p_end}
{p2colreset}{...}
{txt}{p2colset 1 14 16 2}{...}
{p2col: }{space 2}{res:{txt:comp_stu}{space 8}{txt:=} {space 3}.1359266 {txt:(mean)}}{p_end}
{p2colreset}{...}

{txt}{p2colset 1 14 16 2}{...}
{p2col:92._at}:{space 1}{res:{txt:str}{space 13}{txt:=} {space 9}91}{p_end}
{p2colreset}{...}
{txt}{p2colset 1 14 16 2}{...}
{p2col: }{space 2}{res:{txt:expn_stu_t}{space 6}{txt:=} {space 3}5.312408 {txt:(mean)}}{p_end}
{p2colreset}{...}
{txt}{p2colset 1 14 16 2}{...}
{p2col: }{space 2}{res:{txt:avginc}{space 10}{txt:=} {space 3}15.31659 {txt:(mean)}}{p_end}
{p2colreset}{...}
{txt}{p2colset 1 14 16 2}{...}
{p2col: }{space 2}{res:{txt:el_pct}{space 10}{txt:=} {space 3}15.76816 {txt:(mean)}}{p_end}
{p2colreset}{...}
{txt}{p2colset 1 14 16 2}{...}
{p2col: }{space 2}{res:{txt:meal_pct}{space 8}{txt:=} {space 3}44.70524 {txt:(mean)}}{p_end}
{p2colreset}{...}
{txt}{p2colset 1 14 16 2}{...}
{p2col: }{space 2}{res:{txt:comp_stu}{space 8}{txt:=} {space 3}.1359266 {txt:(mean)}}{p_end}
{p2colreset}{...}

{txt}{p2colset 1 14 16 2}{...}
{p2col:93._at}:{space 1}{res:{txt:str}{space 13}{txt:=} {space 9}92}{p_end}
{p2colreset}{...}
{txt}{p2colset 1 14 16 2}{...}
{p2col: }{space 2}{res:{txt:expn_stu_t}{space 6}{txt:=} {space 3}5.312408 {txt:(mean)}}{p_end}
{p2colreset}{...}
{txt}{p2colset 1 14 16 2}{...}
{p2col: }{space 2}{res:{txt:avginc}{space 10}{txt:=} {space 3}15.31659 {txt:(mean)}}{p_end}
{p2colreset}{...}
{txt}{p2colset 1 14 16 2}{...}
{p2col: }{space 2}{res:{txt:el_pct}{space 10}{txt:=} {space 3}15.76816 {txt:(mean)}}{p_end}
{p2colreset}{...}
{txt}{p2colset 1 14 16 2}{...}
{p2col: }{space 2}{res:{txt:meal_pct}{space 8}{txt:=} {space 3}44.70524 {txt:(mean)}}{p_end}
{p2colreset}{...}
{txt}{p2colset 1 14 16 2}{...}
{p2col: }{space 2}{res:{txt:comp_stu}{space 8}{txt:=} {space 3}.1359266 {txt:(mean)}}{p_end}
{p2colreset}{...}

{txt}{p2colset 1 14 16 2}{...}
{p2col:94._at}:{space 1}{res:{txt:str}{space 13}{txt:=} {space 9}93}{p_end}
{p2colreset}{...}
{txt}{p2colset 1 14 16 2}{...}
{p2col: }{space 2}{res:{txt:expn_stu_t}{space 6}{txt:=} {space 3}5.312408 {txt:(mean)}}{p_end}
{p2colreset}{...}
{txt}{p2colset 1 14 16 2}{...}
{p2col: }{space 2}{res:{txt:avginc}{space 10}{txt:=} {space 3}15.31659 {txt:(mean)}}{p_end}
{p2colreset}{...}
{txt}{p2colset 1 14 16 2}{...}
{p2col: }{space 2}{res:{txt:el_pct}{space 10}{txt:=} {space 3}15.76816 {txt:(mean)}}{p_end}
{p2colreset}{...}
{txt}{p2colset 1 14 16 2}{...}
{p2col: }{space 2}{res:{txt:meal_pct}{space 8}{txt:=} {space 3}44.70524 {txt:(mean)}}{p_end}
{p2colreset}{...}
{txt}{p2colset 1 14 16 2}{...}
{p2col: }{space 2}{res:{txt:comp_stu}{space 8}{txt:=} {space 3}.1359266 {txt:(mean)}}{p_end}
{p2colreset}{...}

{txt}{p2colset 1 14 16 2}{...}
{p2col:95._at}:{space 1}{res:{txt:str}{space 13}{txt:=} {space 9}94}{p_end}
{p2colreset}{...}
{txt}{p2colset 1 14 16 2}{...}
{p2col: }{space 2}{res:{txt:expn_stu_t}{space 6}{txt:=} {space 3}5.312408 {txt:(mean)}}{p_end}
{p2colreset}{...}
{txt}{p2colset 1 14 16 2}{...}
{p2col: }{space 2}{res:{txt:avginc}{space 10}{txt:=} {space 3}15.31659 {txt:(mean)}}{p_end}
{p2colreset}{...}
{txt}{p2colset 1 14 16 2}{...}
{p2col: }{space 2}{res:{txt:el_pct}{space 10}{txt:=} {space 3}15.76816 {txt:(mean)}}{p_end}
{p2colreset}{...}
{txt}{p2colset 1 14 16 2}{...}
{p2col: }{space 2}{res:{txt:meal_pct}{space 8}{txt:=} {space 3}44.70524 {txt:(mean)}}{p_end}
{p2colreset}{...}
{txt}{p2colset 1 14 16 2}{...}
{p2col: }{space 2}{res:{txt:comp_stu}{space 8}{txt:=} {space 3}.1359266 {txt:(mean)}}{p_end}
{p2colreset}{...}

{txt}{p2colset 1 14 16 2}{...}
{p2col:96._at}:{space 1}{res:{txt:str}{space 13}{txt:=} {space 9}95}{p_end}
{p2colreset}{...}
{txt}{p2colset 1 14 16 2}{...}
{p2col: }{space 2}{res:{txt:expn_stu_t}{space 6}{txt:=} {space 3}5.312408 {txt:(mean)}}{p_end}
{p2colreset}{...}
{txt}{p2colset 1 14 16 2}{...}
{p2col: }{space 2}{res:{txt:avginc}{space 10}{txt:=} {space 3}15.31659 {txt:(mean)}}{p_end}
{p2colreset}{...}
{txt}{p2colset 1 14 16 2}{...}
{p2col: }{space 2}{res:{txt:el_pct}{space 10}{txt:=} {space 3}15.76816 {txt:(mean)}}{p_end}
{p2colreset}{...}
{txt}{p2colset 1 14 16 2}{...}
{p2col: }{space 2}{res:{txt:meal_pct}{space 8}{txt:=} {space 3}44.70524 {txt:(mean)}}{p_end}
{p2colreset}{...}
{txt}{p2colset 1 14 16 2}{...}
{p2col: }{space 2}{res:{txt:comp_stu}{space 8}{txt:=} {space 3}.1359266 {txt:(mean)}}{p_end}
{p2colreset}{...}

{txt}{p2colset 1 14 16 2}{...}
{p2col:97._at}:{space 1}{res:{txt:str}{space 13}{txt:=} {space 9}96}{p_end}
{p2colreset}{...}
{txt}{p2colset 1 14 16 2}{...}
{p2col: }{space 2}{res:{txt:expn_stu_t}{space 6}{txt:=} {space 3}5.312408 {txt:(mean)}}{p_end}
{p2colreset}{...}
{txt}{p2colset 1 14 16 2}{...}
{p2col: }{space 2}{res:{txt:avginc}{space 10}{txt:=} {space 3}15.31659 {txt:(mean)}}{p_end}
{p2colreset}{...}
{txt}{p2colset 1 14 16 2}{...}
{p2col: }{space 2}{res:{txt:el_pct}{space 10}{txt:=} {space 3}15.76816 {txt:(mean)}}{p_end}
{p2colreset}{...}
{txt}{p2colset 1 14 16 2}{...}
{p2col: }{space 2}{res:{txt:meal_pct}{space 8}{txt:=} {space 3}44.70524 {txt:(mean)}}{p_end}
{p2colreset}{...}
{txt}{p2colset 1 14 16 2}{...}
{p2col: }{space 2}{res:{txt:comp_stu}{space 8}{txt:=} {space 3}.1359266 {txt:(mean)}}{p_end}
{p2colreset}{...}

{txt}{p2colset 1 14 16 2}{...}
{p2col:98._at}:{space 1}{res:{txt:str}{space 13}{txt:=} {space 9}97}{p_end}
{p2colreset}{...}
{txt}{p2colset 1 14 16 2}{...}
{p2col: }{space 2}{res:{txt:expn_stu_t}{space 6}{txt:=} {space 3}5.312408 {txt:(mean)}}{p_end}
{p2colreset}{...}
{txt}{p2colset 1 14 16 2}{...}
{p2col: }{space 2}{res:{txt:avginc}{space 10}{txt:=} {space 3}15.31659 {txt:(mean)}}{p_end}
{p2colreset}{...}
{txt}{p2colset 1 14 16 2}{...}
{p2col: }{space 2}{res:{txt:el_pct}{space 10}{txt:=} {space 3}15.76816 {txt:(mean)}}{p_end}
{p2colreset}{...}
{txt}{p2colset 1 14 16 2}{...}
{p2col: }{space 2}{res:{txt:meal_pct}{space 8}{txt:=} {space 3}44.70524 {txt:(mean)}}{p_end}
{p2colreset}{...}
{txt}{p2colset 1 14 16 2}{...}
{p2col: }{space 2}{res:{txt:comp_stu}{space 8}{txt:=} {space 3}.1359266 {txt:(mean)}}{p_end}
{p2colreset}{...}

{txt}{p2colset 1 14 16 2}{...}
{p2col:99._at}:{space 1}{res:{txt:str}{space 13}{txt:=} {space 9}98}{p_end}
{p2colreset}{...}
{txt}{p2colset 1 14 16 2}{...}
{p2col: }{space 2}{res:{txt:expn_stu_t}{space 6}{txt:=} {space 3}5.312408 {txt:(mean)}}{p_end}
{p2colreset}{...}
{txt}{p2colset 1 14 16 2}{...}
{p2col: }{space 2}{res:{txt:avginc}{space 10}{txt:=} {space 3}15.31659 {txt:(mean)}}{p_end}
{p2colreset}{...}
{txt}{p2colset 1 14 16 2}{...}
{p2col: }{space 2}{res:{txt:el_pct}{space 10}{txt:=} {space 3}15.76816 {txt:(mean)}}{p_end}
{p2colreset}{...}
{txt}{p2colset 1 14 16 2}{...}
{p2col: }{space 2}{res:{txt:meal_pct}{space 8}{txt:=} {space 3}44.70524 {txt:(mean)}}{p_end}
{p2colreset}{...}
{txt}{p2colset 1 14 16 2}{...}
{p2col: }{space 2}{res:{txt:comp_stu}{space 8}{txt:=} {space 3}.1359266 {txt:(mean)}}{p_end}
{p2colreset}{...}

{txt}{p2colset 1 14 16 2}{...}
{p2col:100._at}:{space 1}{res:{txt:str}{space 13}{txt:=} {space 9}99}{p_end}
{p2colreset}{...}
{txt}{p2colset 1 14 16 2}{...}
{p2col: }{space 2}{res:{txt:expn_stu_t}{space 6}{txt:=} {space 3}5.312408 {txt:(mean)}}{p_end}
{p2colreset}{...}
{txt}{p2colset 1 14 16 2}{...}
{p2col: }{space 2}{res:{txt:avginc}{space 10}{txt:=} {space 3}15.31659 {txt:(mean)}}{p_end}
{p2colreset}{...}
{txt}{p2colset 1 14 16 2}{...}
{p2col: }{space 2}{res:{txt:el_pct}{space 10}{txt:=} {space 3}15.76816 {txt:(mean)}}{p_end}
{p2colreset}{...}
{txt}{p2colset 1 14 16 2}{...}
{p2col: }{space 2}{res:{txt:meal_pct}{space 8}{txt:=} {space 3}44.70524 {txt:(mean)}}{p_end}
{p2colreset}{...}
{txt}{p2colset 1 14 16 2}{...}
{p2col: }{space 2}{res:{txt:comp_stu}{space 8}{txt:=} {space 3}.1359266 {txt:(mean)}}{p_end}
{p2colreset}{...}

{txt}{p2colset 1 14 16 2}{...}
{p2col:101._at}:{space 1}{res:{txt:str}{space 13}{txt:=} {space 8}100}{p_end}
{p2colreset}{...}
{txt}{p2colset 1 14 16 2}{...}
{p2col: }{space 2}{res:{txt:expn_stu_t}{space 6}{txt:=} {space 3}5.312408 {txt:(mean)}}{p_end}
{p2colreset}{...}
{txt}{p2colset 1 14 16 2}{...}
{p2col: }{space 2}{res:{txt:avginc}{space 10}{txt:=} {space 3}15.31659 {txt:(mean)}}{p_end}
{p2colreset}{...}
{txt}{p2colset 1 14 16 2}{...}
{p2col: }{space 2}{res:{txt:el_pct}{space 10}{txt:=} {space 3}15.76816 {txt:(mean)}}{p_end}
{p2colreset}{...}
{txt}{p2colset 1 14 16 2}{...}
{p2col: }{space 2}{res:{txt:meal_pct}{space 8}{txt:=} {space 3}44.70524 {txt:(mean)}}{p_end}
{p2colreset}{...}
{txt}{p2colset 1 14 16 2}{...}
{p2col: }{space 2}{res:{txt:comp_stu}{space 8}{txt:=} {space 3}.1359266 {txt:(mean)}}{p_end}
{p2colreset}{...}

{res}{txt}{hline 13}{c TT}{hline 11}{hline 11}{hline 9}{hline 8}{hline 13}{hline 12}
{col 14}{c |}     Margin
{hline 13}{c +}{hline 11}{hline 11}{hline 9}{hline 8}{hline 13}{hline 12}
{space 9}_at {c |}
{space 10}1  {c |}{col 14}{res}{space 2} 11.92684
{txt}{space 10}2  {c |}{col 14}{res}{space 2} 11.74481
{txt}{space 10}3  {c |}{col 14}{res}{space 2} 11.56965
{txt}{space 10}4  {c |}{col 14}{res}{space 2} 11.40167
{txt}{space 10}5  {c |}{col 14}{res}{space 2} 11.24119
{txt}{space 10}6  {c |}{col 14}{res}{space 2} 11.08855
{txt}{space 10}7  {c |}{col 14}{res}{space 2} 10.94407
{txt}{space 10}8  {c |}{col 14}{res}{space 2} 10.80807
{txt}{space 10}9  {c |}{col 14}{res}{space 2} 10.68088
{txt}{space 9}10  {c |}{col 14}{res}{space 2} 10.56283
{txt}{space 9}11  {c |}{col 14}{res}{space 2} 10.45421
{txt}{space 9}12  {c |}{col 14}{res}{space 2} 10.35532
{txt}{space 9}13  {c |}{col 14}{res}{space 2} 10.26646
{txt}{space 9}14  {c |}{col 14}{res}{space 2} 10.18787
{txt}{space 9}15  {c |}{col 14}{res}{space 2}  10.1198
{txt}{space 9}16  {c |}{col 14}{res}{space 2} 10.06246
{txt}{space 9}17  {c |}{col 14}{res}{space 2} 10.01603
{txt}{space 9}18  {c |}{col 14}{res}{space 2} 9.980678
{txt}{space 9}19  {c |}{col 14}{res}{space 2} 9.956509
{txt}{space 9}20  {c |}{col 14}{res}{space 2} 9.943607
{txt}{space 9}21  {c |}{col 14}{res}{space 2} 9.942018
{txt}{space 9}22  {c |}{col 14}{res}{space 2} 9.951745
{txt}{space 9}23  {c |}{col 14}{res}{space 2} 9.972756
{txt}{space 9}24  {c |}{col 14}{res}{space 2} 10.00498
{txt}{space 9}25  {c |}{col 14}{res}{space 2} 10.04831
{txt}{space 9}26  {c |}{col 14}{res}{space 2}  10.1026
{txt}{space 9}27  {c |}{col 14}{res}{space 2} 10.16768
{txt}{space 9}28  {c |}{col 14}{res}{space 2} 10.24333
{txt}{space 9}29  {c |}{col 14}{res}{space 2} 10.32934
{txt}{space 9}30  {c |}{col 14}{res}{space 2} 10.42544
{txt}{space 9}31  {c |}{col 14}{res}{space 2} 10.53135
{txt}{space 9}32  {c |}{col 14}{res}{space 2} 10.64679
{txt}{space 9}33  {c |}{col 14}{res}{space 2} 10.77145
{txt}{space 9}34  {c |}{col 14}{res}{space 2}   10.905
{txt}{space 9}35  {c |}{col 14}{res}{space 2} 11.04713
{txt}{space 9}36  {c |}{col 14}{res}{space 2} 11.19752
{txt}{space 9}37  {c |}{col 14}{res}{space 2} 11.35583
{txt}{space 9}38  {c |}{col 14}{res}{space 2} 11.52173
{txt}{space 9}39  {c |}{col 14}{res}{space 2} 11.69491
{txt}{space 9}40  {c |}{col 14}{res}{space 2} 11.87504
{txt}{space 9}41  {c |}{col 14}{res}{space 2} 12.06182
{txt}{space 9}42  {c |}{col 14}{res}{space 2} 12.25494
{txt}{space 9}43  {c |}{col 14}{res}{space 2}  12.4541
{txt}{space 9}44  {c |}{col 14}{res}{space 2} 12.65903
{txt}{space 9}45  {c |}{col 14}{res}{space 2} 12.86943
{txt}{space 9}46  {c |}{col 14}{res}{space 2} 13.08506
{txt}{space 9}47  {c |}{col 14}{res}{space 2} 13.30565
{txt}{space 9}48  {c |}{col 14}{res}{space 2} 13.53097
{txt}{space 9}49  {c |}{col 14}{res}{space 2} 13.76078
{txt}{space 9}50  {c |}{col 14}{res}{space 2} 13.99486
{txt}{space 9}51  {c |}{col 14}{res}{space 2} 14.23299
{txt}{space 9}52  {c |}{col 14}{res}{space 2} 14.47499
{txt}{space 9}53  {c |}{col 14}{res}{space 2} 14.72066
{txt}{space 9}54  {c |}{col 14}{res}{space 2} 14.96981
{txt}{space 9}55  {c |}{col 14}{res}{space 2} 15.22228
{txt}{space 9}56  {c |}{col 14}{res}{space 2} 15.47791
{txt}{space 9}57  {c |}{col 14}{res}{space 2} 15.73653
{txt}{space 9}58  {c |}{col 14}{res}{space 2} 15.99801
{txt}{space 9}59  {c |}{col 14}{res}{space 2} 16.26221
{txt}{space 9}60  {c |}{col 14}{res}{space 2}   16.529
{txt}{space 9}61  {c |}{col 14}{res}{space 2} 16.79825
{txt}{space 9}62  {c |}{col 14}{res}{space 2} 17.06985
{txt}{space 9}63  {c |}{col 14}{res}{space 2} 17.34368
{txt}{space 9}64  {c |}{col 14}{res}{space 2} 17.61965
{txt}{space 9}65  {c |}{col 14}{res}{space 2} 17.89765
{txt}{space 9}66  {c |}{col 14}{res}{space 2} 18.17759
{txt}{space 9}67  {c |}{col 14}{res}{space 2} 18.45939
{txt}{space 9}68  {c |}{col 14}{res}{space 2} 18.74295
{txt}{space 9}69  {c |}{col 14}{res}{space 2}  19.0282
{txt}{space 9}70  {c |}{col 14}{res}{space 2} 19.31507
{txt}{space 9}71  {c |}{col 14}{res}{space 2} 19.60348
{txt}{space 9}72  {c |}{col 14}{res}{space 2} 19.89337
{txt}{space 9}73  {c |}{col 14}{res}{space 2} 20.18468
{txt}{space 9}74  {c |}{col 14}{res}{space 2} 20.47733
{txt}{space 9}75  {c |}{col 14}{res}{space 2} 20.77128
{txt}{space 9}76  {c |}{col 14}{res}{space 2} 21.06648
{txt}{space 9}77  {c |}{col 14}{res}{space 2} 21.36286
{txt}{space 9}78  {c |}{col 14}{res}{space 2} 21.66039
{txt}{space 9}79  {c |}{col 14}{res}{space 2}   21.959
{txt}{space 9}80  {c |}{col 14}{res}{space 2} 22.25867
{txt}{space 9}81  {c |}{col 14}{res}{space 2} 22.55935
{txt}{space 9}82  {c |}{col 14}{res}{space 2}   22.861
{txt}{space 9}83  {c |}{col 14}{res}{space 2} 23.16358
{txt}{space 9}84  {c |}{col 14}{res}{space 2} 23.46706
{txt}{space 9}85  {c |}{col 14}{res}{space 2} 23.77139
{txt}{space 9}86  {c |}{col 14}{res}{space 2} 24.07656
{txt}{space 9}87  {c |}{col 14}{res}{space 2} 24.38252
{txt}{space 9}88  {c |}{col 14}{res}{space 2} 24.68925
{txt}{space 9}89  {c |}{col 14}{res}{space 2} 24.99671
{txt}{space 9}90  {c |}{col 14}{res}{space 2} 25.30489
{txt}{space 9}91  {c |}{col 14}{res}{space 2} 25.61376
{txt}{space 9}92  {c |}{col 14}{res}{space 2} 25.92329
{txt}{space 9}93  {c |}{col 14}{res}{space 2} 26.23346
{txt}{space 9}94  {c |}{col 14}{res}{space 2} 26.54424
{txt}{space 9}95  {c |}{col 14}{res}{space 2} 26.85562
{txt}{space 9}96  {c |}{col 14}{res}{space 2} 27.16757
{txt}{space 9}97  {c |}{col 14}{res}{space 2} 27.48008
{txt}{space 9}98  {c |}{col 14}{res}{space 2} 27.79313
{txt}{space 9}99  {c |}{col 14}{res}{space 2} 28.10669
{txt}{space 8}100  {c |}{col 14}{res}{space 2} 28.42075
{txt}{space 8}101  {c |}{col 14}{res}{space 2}  28.7353
{txt}{hline 13}{c BT}{hline 11}{hline 11}{hline 9}{hline 8}{hline 13}{hline 12}
{res}{com}. 
. mat stdf=e(b)
. 
. mat pred1=[stdf \ xb\ myx]'
. 
. svmat pred1
. 
. generate lb = pred12 - (`myt' * pred11) /*Prediction minus t value times SE */
{txt}(319 missing values generated)
{com}. generate ub = pred12 +  (`myt' * pred11) /*Prediction plus t value times SE */
{txt}(319 missing values generated)
{com}. 
. /*Plot Prediction with CI*/
. 
.     
. graph twoway line pred12 pred13 || ///
>     line lb pred13,lcolor(red) || ///
>     line ub pred13,lcolor(red) ///
>     xtitle("Hypothetical Values of Student-Teacher Ratio") ///
>     ytitle("Predicted Values of Math Test Scores") ///
>     legend(order(1 "Predicted Value" 2 "Lower/Upper Bound 95% CI" )) ///
>     name(ci_predict95)
{res}{com}. 
. graph export ci_predict95_forecast.`gtype', replace 
{txt}(file /Users/doylewr/practicum/lpo_prac_2016-2017/central/lessons/regression_prediction/ci_predict95_forecast.pdf written in PDF format)
{com}.   
.   exit 

{txt}end of do-file


{com}. sum math_scr

{txt}    Variable {c |}       Obs        Mean    Std. Dev.       Min        Max
{hline 13}{c +}{hline 56}
{space 4}math_scr {c |}{res}       420    653.3426     18.7542      605.4      709.5

{com}. exit, clear
