-----------------------------------------------------------------------------------------------------------------------------------------
      name:  <unnamed>
       log:  /Users/doylewr/practicum/lpo_prac_2016-2017/central/lessons/missing/mvn.log
  log type:  text
 opened on:   8 May 2017, 14:35:31

. 
. /*Techniques for handling missing data */
. /* Will Doyle */
. /* 170508 */
. /* Practicum Folder */
. 
. clear

. 
. clear mata /* Clears any fluff that might be in mata */

. 
. estimates clear /* Clears any estimates hanging around */

. 
. set more off /*Get rid of annoying "more" feature */

. 
.   graph drop _all

. 
. /*Controls*/
. 
. local coding=0

. local imputation=0

. local analysis=1

. 
. /*Locals for analysis*/
. local y fouryr

. 
. local test bynels2m bynels2r

. 
. local race amind asian black hispanic multiracial

. 
. local pared bypared_nohs bypared_2yrnodeg bypared_2yr bypared_some4 bypared_masters bypared_phd 

. 
. local income byincome byses1

. 
. 
. if `coding'==1{
. 
.   use plans, clear
. 
. foreach myvar of varlist stu_id-f1psepln{ /* Start outer loop */
  2.               foreach i of numlist -4 -8 -9 { /* Start inner loop */
  3.                      replace `myvar'=. if `myvar'== `i'
  4.                                             }  /* End inner loop */
  5.                                           } /* End outer loop */
. 
. local race_names amind asian black hispanic_no hispanic_race multiracial white
. 
. tab(byrace), gen(race_)
. 
. local i=1
. 
. foreach val of local race_names{
  2.   rename race_`i' `val'
  3.   local i=`i'+1
  4. }
. 
. label variable byincome "Income"
. label variable amind "American Indian/AK Native"
. label variable asian "Asian/ PI"
. label variable black "African American"
. label variable white "White"
. label variable multiracial "Multiracial"
. 
. 
. gen hispanic=0
. replace hispanic=1 if hispanic_no==1|hispanic_race==1
. replace hispanic=. if byrace==.
. 
. label variable hispanic "Hispanic"
. 
. local plan_names noplan dontknow votech cc fouryr earlygrad
. 
. 
. tab(f1psepln), gen(plan_)
. 
. local i=1
. 
. foreach val of local plan_names{
  2.   rename plan_`i' `val'
  3.   local i=`i'+1
  4. }
. 
. 
. label variable noplan "Plans: No plans"
. label variable dontknow "Plans: Don't know"
. label variable votech "Plans: Voc/Tech School"
. label variable cc "Plans: Comm Coll"
. label variable fouryr "Four Year"
. label variable earlygrad "Early Graduation"
. 
. 
. local pareds bymothed byfathed bypared
. 
. local ed_names nohs hs 2yrnodeg 2yr some4  4yrgrad masters phd
. 
. foreach pared of local pareds{
  2. 
. tab(`pared'), gen(`pared'_)
  3. 
. local i=1
  4. 
. 
. foreach val of local ed_names{
  5.   rename `pared'_`i' `pared'_`val'
  6.   local i=`i'+1
  7. }
  8. 
. label variable `pared'_nohs "Less than HS"
  9. label variable `pared'_hs "HS/GED"
 10. label variable `pared'_2yr "CC" 
 11. label variable `pared'_some4 "Four year attend"
 12. label variable `pared'_4yrgrad "Bachelor's"
 13. label variable `pared'_masters "Master's"
 14. label variable `pared'_phd "PhD"
 15. }
. 
. tab bystexp,gen(exp_)
. 
. gen female=bysex==2
. replace female=. if bysex==.
. 
. replace bynels2m=bynels2m/100
. 
. replace bynels2r=bynels2r/100  
.   
. /*Missing on dv? */
. *keep if f1psepln!=.
.   
. save plans2, replace
.   
. }

. 
. else{
.   use plans2, clear
. }

. 
. 
. /* Regression without multiple imputation */
. 
. svyset psu [weight=f1pnlwt], strata(strat_id) singleunit(scaled)
(sampling weights assumed)

      pweight: f1pnlwt
          VCE: linearized
  Single unit: scaled
     Strata 1: strat_id
         SU 1: psu
        FPC 1: <zero>

. 
. svy: logit fouryr `test' `race' `pared' `income'
(running logit on estimation sample)

Survey: Logistic regression

Number of strata   =       361                  Number of obs      =     14862
Number of PSUs     =       751                  Population size    = 2997382.9
                                                Design df          =       390
                                                F(  15,    376)    =     90.93
                                                Prob > F           =    0.0000

----------------------------------------------------------------------------------
                 |             Linearized
          fouryr |      Coef.   Std. Err.      t    P>|t|     [95% Conf. Interval]
-----------------+----------------------------------------------------------------
        bynels2m |   3.845012   .2900633    13.26   0.000     3.274729    4.415295
        bynels2r |   4.190339   .4009538    10.45   0.000     3.402038    4.978641
           amind |   .5845664    .252839     2.31   0.021     .0874685    1.081664
           asian |   .5645067    .124607     4.53   0.000     .3195213    .8094922
           black |   .9863316   .0808772    12.20   0.000     .8273217    1.145342
        hispanic |   .1972865    .094722     2.08   0.038     .0110568    .3835162
     multiracial |   .0719679   .1292423     0.56   0.578    -.1821308    .3260667
    bypared_nohs |   .1584898   .1492102     1.06   0.289    -.1348671    .4518467
bypared_2yrnodeg |  -.2387461   .0757612    -3.15   0.002    -.3876976   -.0897947
     bypared_2yr |  -.1959624   .0781979    -2.51   0.013    -.3497045   -.0422203
   bypared_some4 |  -.1620925   .0796006    -2.04   0.042    -.3185925   -.0055926
 bypared_masters |   .1517431   .1027704     1.48   0.141    -.0503102    .3537963
     bypared_phd |  -.1287628   .1352631    -0.95   0.342    -.3946989    .1371732
        byincome |   .0010664   .0155296     0.07   0.945    -.0294657    .0315985
          byses1 |   .5820931   .0631295     9.22   0.000     .4579764    .7062099
           _cons |  -2.711403   .1700435   -15.95   0.000    -3.045719   -2.377086
----------------------------------------------------------------------------------

. eststo full

. 
. svy: logit fouryr `test' `race' 
(running logit on estimation sample)

Survey: Logistic regression

Number of strata   =       361                  Number of obs      =     14862
Number of PSUs     =       751                  Population size    = 2997382.9
                                                Design df          =       390
                                                F(   7,    384)    =    171.06
                                                Prob > F           =    0.0000

------------------------------------------------------------------------------
             |             Linearized
      fouryr |      Coef.   Std. Err.      t    P>|t|     [95% Conf. Interval]
-------------+----------------------------------------------------------------
    bynels2m |   4.359626   .2864052    15.22   0.000     3.796534    4.922717
    bynels2r |   4.885781   .3979347    12.28   0.000     4.103416    5.668147
       amind |   .4836665   .2768983     1.75   0.081    -.0607335    1.028067
       asian |   .4973338   .1111241     4.48   0.000     .2788566     .715811
       black |   .8490353   .0825897    10.28   0.000     .6866586    1.011412
    hispanic |  -.0193707   .0874939    -0.22   0.825    -.1913895     .152648
 multiracial |   .0225038   .1262827     0.18   0.859    -.2257762    .2707837
       _cons |  -3.146004   .1131904   -27.79   0.000    -3.368544   -2.923465
------------------------------------------------------------------------------

. eststo race

. 
. svy: logit fouryr `test'  `pared' 
(running logit on estimation sample)

Survey: Logistic regression

Number of strata   =       361                  Number of obs      =     14862
Number of PSUs     =       751                  Population size    = 2997382.9
                                                Design df          =       390
                                                F(   8,    383)    =    131.13
                                                Prob > F           =    0.0000

----------------------------------------------------------------------------------
                 |             Linearized
          fouryr |      Coef.   Std. Err.      t    P>|t|     [95% Conf. Interval]
-----------------+----------------------------------------------------------------
        bynels2m |   3.616562   .2775634    13.03   0.000     3.070854    4.162269
        bynels2r |   4.321068   .3935377    10.98   0.000     3.547347    5.094789
    bypared_nohs |  -.3742566   .1295051    -2.89   0.004    -.6288721   -.1196412
bypared_2yrnodeg |   -.275564   .0755266    -3.65   0.000    -.4240542   -.1270738
     bypared_2yr |  -.1963062   .0770129    -2.55   0.011    -.3477187   -.0448937
   bypared_some4 |  -.1033496   .0783744    -1.32   0.188    -.2574388    .0507397
 bypared_masters |     .61722   .0930048     6.64   0.000     .4343665    .8000735
     bypared_phd |   .5590414   .1184706     4.72   0.000     .3261204    .7919624
           _cons |  -2.503812   .0962931   -26.00   0.000     -2.69313   -2.314493
----------------------------------------------------------------------------------

. eststo pared

. 
. svy: logit fouryr `test'  `income'
(running logit on estimation sample)

Survey: Logistic regression

Number of strata   =       361                  Number of obs      =     14862
Number of PSUs     =       751                  Population size    = 2997382.9
                                                Design df          =       390
                                                F(   4,    387)    =    299.72
                                                Prob > F           =    0.0000

------------------------------------------------------------------------------
             |             Linearized
      fouryr |      Coef.   Std. Err.      t    P>|t|     [95% Conf. Interval]
-------------+----------------------------------------------------------------
    bynels2m |   3.348348   .2832648    11.82   0.000     2.791431    3.905265
    bynels2r |    3.73255   .3996214     9.34   0.000     2.946868    4.518232
    byincome |  -.0323057   .0156243    -2.07   0.039    -.0630242   -.0015872
      byses1 |   .6073373   .0501927    12.10   0.000     .5086552    .7060194
       _cons |   -1.92183   .1571745   -12.23   0.000    -2.230845   -1.612814
------------------------------------------------------------------------------

. 
. eststo income

. 
. 
. #delimit;
delimiter now ;
. estout race pared income full  using "fouryear_noi.rtf",
> label
> replace
>        cells(b (fmt(2) label("Coefficient")) se(fmt(2) label("S.E") par))
>        stats (df_m df_r F p  N, labels ("D.F. Model" "D.F. Residual" "F" "p" "N") fmt(0 0 2 2 0))
> ;
(output written to fouryear_noi.rtf)

.   #delimit cr
delimiter now cr
.   
. 
. if `imputation'==1 {
. 
. 
. local mice=0
. 
. local mvn=1
. 
. mvpatterns `test'
. 
. mvpatterns `race'
. 
. mvpatterns `pared'
. 
. mvpatterns `income'
. 
. mvpatterns `y' `test' `race'
. 
. mi set mlong
. 
. drop if fouryr==.
. 
. gen four_yr_flag=fouryr==.
. 
. kdensity byses1 if four_yr_flag==0 , addplot(kdensity byses1 if four_yr_flag==1)
. 
. 
. #delimit;
delimiter now ;
. mi register imputed
> bynels2m
> bynels2r
> byses1
> amind
> asian
> black
> hispanic
> multiracial
> bypared_nohs
> bypared_2yrnodeg
> bypared_2yr
> bypared_some4
> bypared_masters
> bypared_phd 
> ;
. mi register regular
> fouryr
> byincome
> ;
. #delimit cr
delimiter now cr
. 
. if `mice'==1{
. 
. mi impute chained ///
>  (regress) bynels2m bynels2r byses1 (logit) amind asian black hispanic multiracial bypared_nohs bypared_2yrnodeg bypared_2yr bypared_so
> me4 bypared_masters bypared_phd , ///   
>         burnin(10) /// /* Don't run! took a loooooooong time */
>         dots ///
>         augment ///
>         savetrace(mice_stats, replace) ///    
>         add(5) 
.     
. save mi_impute_mice, replace
. 
. /* Check convergence */
. use mice_stats, clear
. 
. keep if m==1
. 
. tsset iter 
. 
. tsline bynels2m_mean, name(gr1) nodraw
. tsline bynels2m_sd, name(gr2) nodraw
. 
. tsline byses1_mean, name(gr3) nodraw
. tsline byses1_sd, name(gr4) nodraw
. 
. graph combine gr1 gr2 gr3 gr4
. 
. } /*End mice sub loop */
. 
. 
. 
. if `mvn'==1{
. 
. #delimit ;
delimiter now ;
.     set seed 040621 ;
. mi impute mvn /// /*Assuming mvn pattern, can use multiple methods to predict*/
> bynels2m 
> bynels2r 
> byses1
> amind 
> asian
> black
> hispanic
> multiracial
> bypared_nohs
> bypared_2yrnodeg
> bypared_2yr
> bypared_some4
> bypared_masters
> bypared_phd 
> 
> /*Nonmissing data*/
> =
> fouryr
> byincome
>   
> 
> ,  add(5)  /*Number of imputations: Use 5 to start*/
> alldots
> noisily
> prior(ridge, df(0.5))
> burnin(2000)
> burnbetween(500)
> initmcmc(em,  iter(2000) tol(1e-6))
> savewlf(wlf, replace)
> ;
. #delimit cr
delimiter now cr
. 
. save plans_impute_mvn, replace
. 
. /* Checking convergence of MCMC run */
. 
.  use wlf, clear
. 
.  tsset iter
. 
.  tsline wlf, ytitle(Worst linear function) xtitle(Burn-in period) name(wlf_line)
.  graph save converge_wlf, replace 
. 
.  ac wlf, title(Worst linear function) ytitle(Autocorrelations) ciopts(astyle(none)) note("") name(wlf_ac)
. 
. graph save autocorr_wlf, replace 
. 
. use plans_impute_mvn, clear
. 
. } /* End MVn sub loop */
. 
. 
.        
. }

. 
. /********************************/
. /*End Imputation Section*/
. /********************************/
. 
. 
.  else{
.  use plans_impute_mvn, clear
. }

. 
. 
. 
. if `analysis'==1{
. 
. //use mi_impute_mice, clear
. 
. mi svyset psu [weight=f1pnlwt], strata(strat_id) singleunit(scaled)
(sampling weights assumed)

      pweight: f1pnlwt
          VCE: linearized
  Single unit: scaled
     Strata 1: strat_id
         SU 1: psu
        FPC 1: <zero>
. 
. drop if fouryr==.
(0 observations deleted)
. 
. /* Table of Descriptive Statistics */
. 
. eststo descriptives: mi estimate, nosmall imputations(1/5) : svy: mean `y' `test' `race' 

Multiple-imputation estimates      Imputations     =         5
Survey: Mean estimation            Number of obs   =     14202

Number of strata  =       361      Population size = 3153213.3
Number of PSUs    =       750
                                   Average RVI     =    0.0225
                                   Largest FMI     =    0.0944
                                   Complete DF     =       389
DF adjustment:   Large sample      DF:     min     =    486.44
                                           avg     = 157445.94
Within VCE type:   Linearized              max     =         .

--------------------------------------------------------------
             |       Mean   Std. Err.     [95% Conf. Interval]
-------------+------------------------------------------------
      fouryr |   .5874611   .0071608      .5734261    .6014961
    bynels2m |   .4547362   .0025758      .4496877    .4597848
    bynels2r |   .2982814   .0016803      .2949881    .3015747
       amind |    .009662   .0020472      .0056492    .0136748
       asian |   .0429059   .0026589      .0376937     .048118
       black |   .1329393   .0063676      .1204583    .1454204
    hispanic |    .144426    .007695       .129344     .159508
 multiracial |   .0407728   .0023376      .0361797     .045366
--------------------------------------------------------------
Note: Variance scaled to handle strata with a single sampling
      unit.
. 
. //`pared' `income'
. 
. 
. /*The following lines of code are needed to get estout to get along with mi/svy */
. local vars :rownames e(V_mi)
. 
. mat myvar=e(V_mi)
. scalar numvars=colsof(myvar)
. mat mv=vecdiag(myvar)
. matrix myse=J(numvars,1,0)
. scalar icol=1
. while icol<=numvars{
  2.     matrix myse[icol,1]=sqrt(mv[1,icol])
  3.     scalar icol=icol+1
  4. }
. 
. mat myse=myse'
. mat colnames myse= `vars'
. estadd matrix myse

added matrix:
               e(myse) :  1 x 8
. 
. /*End code chunk */
. 
. 
. #delimit ;
delimiter now ;
. estout descriptives  using "descriptives.rtf",
>        label
>        replace
>        cells( b_mi(fmt(2) label("Mean")) myse(par fmt(2) label("S.E.")))
>        stats(N, fmt(0))
>        title ("Descriptive Statistics for variables in analysis")
>        unstack
> ;
(output written to descriptives.rtf)
. #delimit cr
delimiter now cr
. 
. 
. /*Logistic Regression*/
. 
.   
. /*The following lines of code are needed to get estout to get along with mi/svy */    
. mi estimate, nosmall: svy: logit fouryr `test' `race' `pared' `income'

Multiple-imputation estimates                   Imputations        =         5
Survey: Logistic regression                     Number of obs      =     14202

Number of strata  =       361                   Population size    = 3153213.3
Number of PSUs    =       750
                                                Average RVI        =    0.0894
                                                Largest FMI        =    0.2768
                                                Complete DF        =       389
DF adjustment:   Large sample                   DF:     min        =     62.07
                                                        avg        =  19746.67
                                                        max        = 171371.95
Model F test:       Equal FMI                   F(  15, 7014.0)    =     89.70
Within VCE type:   Linearized                   Prob > F           =    0.0000

----------------------------------------------------------------------------------
          fouryr |      Coef.   Std. Err.      t    P>|t|     [95% Conf. Interval]
-----------------+----------------------------------------------------------------
        bynels2m |   3.844375   .2904764    13.23   0.000     3.275046    4.413704
        bynels2r |    4.21841   .3977095    10.61   0.000     3.438908    4.997912
           amind |   .5781651   .2533259     2.28   0.023     .0815123    1.074818
           asian |   .5471223   .1410794     3.88   0.000     .2651148    .8291299
           black |   .9794611   .0851407    11.50   0.000     .8117128    1.147209
        hispanic |   .1853366   .0927246     2.00   0.046     .0035548    .3671185
     multiracial |   .0639088    .127919     0.50   0.617    -.1869796    .3147972
    bypared_nohs |   .1566337   .1485608     1.05   0.292    -.1346069    .4478743
bypared_2yrnodeg |   -.243053    .076932    -3.16   0.002    -.3940549   -.0920511
     bypared_2yr |  -.2071233   .0777183    -2.67   0.008    -.3595362   -.0547105
   bypared_some4 |  -.1557275   .0791408    -1.97   0.049    -.3108997   -.0005553
 bypared_masters |   .1574909   .1044996     1.51   0.133    -.0481032    .3630849
     bypared_phd |  -.1514626   .1486432    -1.02   0.312    -.4476163     .144691
        byincome |   .0006108   .0159577     0.04   0.969    -.0307548    .0319764
          byses1 |   .5825065   .0697479     8.35   0.000     .4437782    .7212349
           _cons |  -2.726066   .1741904   -15.65   0.000    -3.068473    -2.38366
----------------------------------------------------------------------------------
Note: Variance scaled to handle strata with a single sampling unit.
. 
. local vars  :rownames e(V_mi)
. 
. mat myvar=e(V_mi)
. scalar numvars=colsof(myvar)
. mat mv=vecdiag(myvar)
. matrix myse=J(numvars,1,0)
. scalar icol=1
. while icol<=numvars{
  2.     matrix myse[icol,1]=sqrt(mv[1,icol])
  3.     scalar icol=icol+1
  4. }
. 
. mat myse=myse'
. mat colnames myse= `vars'
. estadd matrix myse

added matrix:
               e(myse) :  1 x 16
. /*End code chunk */
. 
. 
. eststo full
. 
. mi estimate, nosmall: svy: logit fouryr `test' `race' 

Multiple-imputation estimates                   Imputations        =         5
Survey: Logistic regression                     Number of obs      =     14202

Number of strata  =       361                   Population size    = 3153213.3
Number of PSUs    =       750
                                                Average RVI        =    0.0825
                                                Largest FMI        =    0.3031
                                                Complete DF        =       389
DF adjustment:   Large sample                   DF:     min        =     52.19
                                                        avg        =  44938.97
                                                        max        = 275938.91
Model F test:       Equal FMI                   F(   7, 2952.4)    =    164.73
Within VCE type:   Linearized                   Prob > F           =    0.0000

------------------------------------------------------------------------------
      fouryr |      Coef.   Std. Err.      t    P>|t|     [95% Conf. Interval]
-------------+----------------------------------------------------------------
    bynels2m |   4.354483     .28666    15.19   0.000      3.79263    4.916337
    bynels2r |   4.933612   .3960491    12.46   0.000     4.157367    5.709858
       amind |   .4777903   .2749191     1.74   0.082    -.0611585    1.016739
       asian |   .4744816   .1289131     3.68   0.001     .2158206    .7331426
       black |   .8437518   .0849862     9.93   0.000     .6766827    1.010821
    hispanic |  -.0277724   .0856843    -0.32   0.746    -.1957884    .1402436
 multiracial |   .0198305   .1253994     0.16   0.874    -.2261425    .2658036
       _cons |  -3.170004   .1123331   -28.22   0.000    -3.390246   -2.949762
------------------------------------------------------------------------------
Note: Variance scaled to handle strata with a single sampling unit.
. 
. 
. /*The following lines of code are needed to get estout to get along with mi/svy */    
. local vars  :rownames e(V_mi)
. mat myvar=e(V_mi)
. scalar numvars=colsof(myvar)
. mat mv=vecdiag(myvar)
. matrix myse=J(numvars,1,0)
. scalar icol=1
. while icol<=numvars{
  2.     matrix myse[icol,1]=sqrt(mv[1,icol])
  3.     scalar icol=icol+1
  4. }
. 
. mat myse=myse'
. mat colnames myse= `vars'
. estadd matrix myse

added matrix:
               e(myse) :  1 x 8
. /*End code chunk */
. 
. 
. eststo race
. 
. 
. mi estimate, nosmall: svy: logit fouryr `test'  `pared' 

Multiple-imputation estimates                   Imputations        =         5
Survey: Logistic regression                     Number of obs      =     14202

Number of strata  =       361                   Population size    = 3153213.3
Number of PSUs    =       750
                                                Average RVI        =    0.0681
                                                Largest FMI        =    0.1930
                                                Complete DF        =       389
DF adjustment:   Large sample                   DF:     min        =    123.41
                                                        avg        =  2.82e+06
                                                        max        =  1.57e+07
Model F test:       Equal FMI                   F(   8, 5032.5)    =    130.69
Within VCE type:   Linearized                   Prob > F           =    0.0000

----------------------------------------------------------------------------------
          fouryr |      Coef.   Std. Err.      t    P>|t|     [95% Conf. Interval]
-----------------+----------------------------------------------------------------
        bynels2m |   3.618188   .2756565    13.13   0.000     3.077911    4.158465
        bynels2r |   4.368226   .3894376    11.22   0.000     3.604942     5.13151
    bypared_nohs |  -.3810047    .129316    -2.95   0.003    -.6345079   -.1275015
bypared_2yrnodeg |   -.282063    .077239    -3.65   0.000     -.433765    -.130361
     bypared_2yr |  -.2100787   .0766509    -2.74   0.006    -.3604015   -.0597558
   bypared_some4 |  -.0993246   .0779918    -1.27   0.203    -.2522299    .0535807
 bypared_masters |   .6211471   .0943474     6.58   0.000     .4357843      .80651
     bypared_phd |   .5332023   .1256028     4.25   0.000     .2845876    .7818171
           _cons |  -2.530148   .0939155   -26.94   0.000     -2.71422   -2.346076
----------------------------------------------------------------------------------
Note: Variance scaled to handle strata with a single sampling unit.
. 
. 
. local vars  :rownames e(V_mi)
. 
. mat myvar=e(V_mi)
. scalar numvars=colsof(myvar)
. mat mv=vecdiag(myvar)
. matrix myse=J(numvars,1,0)
. scalar icol=1
. while icol<=numvars{
  2.     matrix myse[icol,1]=sqrt(mv[1,icol])
  3.     scalar icol=icol+1
  4. }
. 
. mat myse=myse'
. mat colnames myse= `vars'
. estadd matrix myse

added matrix:
               e(myse) :  1 x 9
. 
. 
. eststo pared
. 
. mi estimate, nosmall: svy: logit fouryr `test' `income'

Multiple-imputation estimates                   Imputations        =         5
Survey: Logistic regression                     Number of obs      =     14202

Number of strata  =       361                   Population size    = 3153213.3
Number of PSUs    =       750
                                                Average RVI        =    0.0307
                                                Largest FMI        =    0.1351
                                                Complete DF        =       389
DF adjustment:   Large sample                   DF:     min        =    243.89
                                                        avg        =  5.33e+06
                                                        max        =  2.54e+07
Model F test:       Equal FMI                   F(   4, 7009.8)    =    302.82
Within VCE type:   Linearized                   Prob > F           =    0.0000

------------------------------------------------------------------------------
      fouryr |      Coef.   Std. Err.      t    P>|t|     [95% Conf. Interval]
-------------+----------------------------------------------------------------
    bynels2m |   3.354767   .2818533    11.90   0.000     2.802344    3.907189
    bynels2r |    3.76509   .3953828     9.52   0.000     2.990154    4.540027
    byincome |   -.032309   .0156232    -2.07   0.039    -.0629522   -.0016658
      byses1 |   .6084279   .0533049    11.41   0.000     .5034311    .7134247
       _cons |  -1.948972     .15652   -12.45   0.000    -2.256097   -1.641847
------------------------------------------------------------------------------
Note: Variance scaled to handle strata with a single sampling unit.
. local vars  :rownames e(V_mi)
. 
. mat myvar=e(V_mi)
. scalar numvars=colsof(myvar)
. mat mv=vecdiag(myvar)
. matrix myse=J(numvars,1,0)
. scalar icol=1
. while icol<=numvars{
  2.     matrix myse[icol,1]=sqrt(mv[1,icol])
  3.     scalar icol=icol+1
  4. }
. 
. mat myse=myse'
. mat colnames myse= `vars'
. estadd matrix myse

added matrix:
               e(myse) :  1 x 5
. 
. 
. eststo income
. 
. 
. 
. #delimit ;
delimiter now ;
. estout race pared income full  using "fouryear.rtf",
> label
> replace
>        cells(b_mi(fmt(2) label("Coefficient") star) myse(fmt(2) label("S.E") par))
>       stats (df_m_mi df_r_mi F_mi N ,labels("DF: Model" "DF: Residual" "F" "N") fmt (0 0 2 0))
> ;
(note: file fouryear.rtf not found)
(output written to fouryear.rtf)
. #delimit cr
delimiter now cr
. 
. }

. exit

end of do-file


. use "/Users/doylewr/170119_sweep/GSS08.dta"
.dta too modern
    File /Users/doylewr/170119_sweep/GSS08.dta is from a more recent version of Stata.  Type update query to determine whether a free
    update of Stata is available, and browse http://www.stata.com/ to determine if a new version is available.
r(610);

. use "/Users/doylewr/Desktop/GSS08.dta"

. sum INCOME06

    Variable |       Obs        Mean    Std. Dev.       Min        Max
-------------+--------------------------------------------------------
    INCOME06 |      1774    16.85738    5.744755          1         25

. tab INCOME06

      TOTAL FAMILY |
            INCOME |      Freq.     Percent        Cum.
-------------------+-----------------------------------
      UNDER $1 000 |         19        1.07        1.07
   $1 000 TO 2 999 |         25        1.41        2.48
   $3 000 TO 3 999 |         23        1.30        3.78
   $4 000 TO 4 999 |          9        0.51        4.28
   $5 000 TO 5 999 |         16        0.90        5.19
   $6 000 TO 6 999 |         19        1.07        6.26
   $7 000 TO 7 999 |         29        1.63        7.89
   $8 000 TO 9 999 |         34        1.92        9.81
   $10000 TO 12499 |         61        3.44       13.25
   $12500 TO 14999 |         44        2.48       15.73
   $15000 TO 17499 |         52        2.93       18.66
   $17500 TO 19999 |         47        2.65       21.31
   $20000 TO 22499 |         59        3.33       24.63
   $22500 TO 24999 |         70        3.95       28.58
   $25000 TO 29999 |         95        5.36       33.93
   $30000 TO 34999 |         99        5.58       39.52
   $35000 TO 39999 |         86        4.85       44.36
   $40000 TO 49999 |        144        8.12       52.48
   $50000 TO 59999 |        141        7.95       60.43
   $60000 TO 74999 |        204       11.50       71.93
  $75000 TO $89999 |        129        7.27       79.20
 $90000 TO $109999 |        120        6.76       85.96
$110000 TO $129999 |         80        4.51       90.47
$130000 TO $149999 |         46        2.59       93.07
   $150000 OR OVER |        123        6.93      100.00
-------------------+-----------------------------------
             Total |      1,774      100.00

. sum HRS1

    Variable |       Obs        Mean    Std. Dev.       Min        Max
-------------+--------------------------------------------------------
        HRS1 |      1203    42.00333    14.47989          1         89

. codebook HRS1

--------------------------------------------------------------------------------------------------------------------------------------------
HRS1                                                                                                        NUMBER OF HOURS WORKED LAST WEEK
--------------------------------------------------------------------------------------------------------------------------------------------

                  type:  numeric (double)
                 label:  HRS1, but 74 nonmissing values are not labeled

                 range:  [1,89]                       units:  1
         unique values:  74                       missing .:  820/2023

              examples:  40    
                         45    
                         .     
                         .     

. renvars *, lower

. save
invalid file specification
r(198);

. save gss, replace
(note: file gss.dta not found)
file gss.dta saved

. save gss08, replace
file gss08.dta saved

. sum rincome06
variable rincome06 not found
r(111);

. sum rincom06

    Variable |       Obs        Mean    Std. Dev.       Min        Max
-------------+--------------------------------------------------------
    rincom06 |      1189    14.68461    5.875298          1         25

. sum hrs1

    Variable |       Obs        Mean    Std. Dev.       Min        Max
-------------+--------------------------------------------------------
        hrs1 |      1203    42.00333    14.47989          1         89

. tab income06

      TOTAL FAMILY |
            INCOME |      Freq.     Percent        Cum.
-------------------+-----------------------------------
      UNDER $1 000 |         19        1.07        1.07
   $1 000 TO 2 999 |         25        1.41        2.48
   $3 000 TO 3 999 |         23        1.30        3.78
   $4 000 TO 4 999 |          9        0.51        4.28
   $5 000 TO 5 999 |         16        0.90        5.19
   $6 000 TO 6 999 |         19        1.07        6.26
   $7 000 TO 7 999 |         29        1.63        7.89
   $8 000 TO 9 999 |         34        1.92        9.81
   $10000 TO 12499 |         61        3.44       13.25
   $12500 TO 14999 |         44        2.48       15.73
   $15000 TO 17499 |         52        2.93       18.66
   $17500 TO 19999 |         47        2.65       21.31
   $20000 TO 22499 |         59        3.33       24.63
   $22500 TO 24999 |         70        3.95       28.58
   $25000 TO 29999 |         95        5.36       33.93
   $30000 TO 34999 |         99        5.58       39.52
   $35000 TO 39999 |         86        4.85       44.36
   $40000 TO 49999 |        144        8.12       52.48
   $50000 TO 59999 |        141        7.95       60.43
   $60000 TO 74999 |        204       11.50       71.93
  $75000 TO $89999 |        129        7.27       79.20
 $90000 TO $109999 |        120        6.76       85.96
$110000 TO $129999 |         80        4.51       90.47
$130000 TO $149999 |         46        2.59       93.07
   $150000 OR OVER |        123        6.93      100.00
-------------------+-----------------------------------
             Total |      1,774      100.00

. codebook income06, tab(50)

--------------------------------------------------------------------------------------------------------------------------------------------
income06                                                                                                                 TOTAL FAMILY INCOME
--------------------------------------------------------------------------------------------------------------------------------------------

                  type:  numeric (double)
                 label:  INCOME06

                 range:  [1,25]                       units:  1
         unique values:  25                       missing .:  249/2023

            tabulation:  Freq.   Numeric  Label
                            19         1  UNDER $1 000
                            25         2  $1 000 TO 2 999
                            23         3  $3 000 TO 3 999
                             9         4  $4 000 TO 4 999
                            16         5  $5 000 TO 5 999
                            19         6  $6 000 TO 6 999
                            29         7  $7 000 TO 7 999
                            34         8  $8 000 TO 9 999
                            61         9  $10000 TO 12499
                            44        10  $12500 TO 14999
                            52        11  $15000 TO 17499
                            47        12  $17500 TO 19999
                            59        13  $20000 TO 22499
                            70        14  $22500 TO 24999
                            95        15  $25000 TO 29999
                            99        16  $30000 TO 34999
                            86        17  $35000 TO 39999
                           144        18  $40000 TO 49999
                           141        19  $50000 TO 59999
                           204        20  $60000 TO 74999
                           129        21  $75000 TO $89999
                           120        22  $90000 TO $109999
                            80        23  $110000 TO $129999
                            46        24  $130000 TO $149999
                           123        25  $150000 OR OVER
                           249         .  

. gen lowincome=income06<13

. tab loowincome
variable loowincome not found
r(111);

. tab lowincome

  lowincome |      Freq.     Percent        Cum.
------------+-----------------------------------
          0 |      1,645       81.31       81.31
          1 |        378       18.69      100.00
------------+-----------------------------------
      Total |      2,023      100.00

. sum hrs1

    Variable |       Obs        Mean    Std. Dev.       Min        Max
-------------+--------------------------------------------------------
        hrs1 |      1203    42.00333    14.47989          1         89

. sum hrs1, detail

              NUMBER OF HOURS WORKED LAST WEEK
-------------------------------------------------------------
      Percentiles      Smallest
 1%            6              1
 5%           18              1
10%           24              1       Obs                1203
25%           37              1       Sum of Wgt.        1203

50%           40                      Mean           42.00333
                        Largest       Std. Dev.      14.47989
75%           50             89
90%           60             89       Variance       209.6672
95%           65             89       Skewness        .246253
99%           80             89       Kurtosis       4.204451

. tab rdegree
variable rdegree not found
r(111);

. tab degree

    RS HIGHEST |
        DEGREE |      Freq.     Percent        Cum.
---------------+-----------------------------------
LT HIGH SCHOOL |        297       14.69       14.69
   HIGH SCHOOL |      1,003       49.60       64.29
JUNIOR COLLEGE |        173        8.56       72.85
      BACHELOR |        355       17.56       90.41
      GRADUATE |        194        9.59      100.00
---------------+-----------------------------------
         Total |      2,022      100.00

. kdensity hrs1

. codebook degree, tab(50)

--------------------------------------------------------------------------------------------------------------------------------------------
degree                                                                                                                     RS HIGHEST DEGREE
--------------------------------------------------------------------------------------------------------------------------------------------

                  type:  numeric (double)
                 label:  DEGREE

                 range:  [0,4]                        units:  1
         unique values:  5                        missing .:  1/2023

            tabulation:  Freq.   Numeric  Label
                           297         0  LT HIGH SCHOOL
                          1003         1  HIGH SCHOOL
                           173         2  JUNIOR COLLEGE
                           355         3  BACHELOR
                           194         4  GRADUATE
                             1         .  

. gen college=degree>2

. kdensity hrs1 if college==0, addplot(kdensity hrs1 if college==1)

. histogram hrs1, by(college)

. 
. 
. cd "~/practicum/"
/Users/doylewr/practicum

. cd "/Users/doylewr/practicum"
/Users/doylewr/practicum

. cd "/Users/doylewr/practicum/lpo_prac_2016-2017/central/lessons/matching"
/Users/doylewr/practicum/lpo_prac_2016-2017/central/lessons/matching

. do matching.do

. version 13 /* Can set version here, use the most recent as default */

. capture log close /* Closes any logs, should they be open */
